Microsoft Windows [Version 10.0.19045.4894]
(c) Microsoft Corporation. All rights reserved.

C:\Users\IET>mysql --host 192.168.10.127 --port 3306 --user=dac103 --password=welcome
mysql: [Warning] Using a password on the command line interface can be insecure.
Welcome to the MySQL monitor.  Commands end with ; or \g.
Your MySQL connection id is 14
Server version: 8.1.0 MySQL Community Server - GPL

Copyright (c) 2000, 2023, Oracle and/or its affiliates.

Oracle is a registered trademark of Oracle Corporation and/or its
affiliates. Other names may be trademarks of their respective
owners.

Type 'help;' or '\h' for help. Type '\c' to clear the current input statement.

mysql> show tables;
ERROR 1046 (3D000): No database selected
mysql> show table;
ERROR 1064 (42000): You have an error in your SQL syntax; check the manual that corresponds to your MySQL server version for the right syntax to use near '' at line 1
mysql> show databases;
+--------------------+
| Database           |
+--------------------+
| dac103             |
| information_schema |
| performance_schema |
+--------------------+
3 rows in set (0.01 sec)

mysql> use dac103;
Database changed
mysql> show tables;
+---------------------+
| Tables_in_dac103    |
+---------------------+
| a                   |
| agent               |
| andor               |
| b                   |
| blanktablea         |
| blanktableb         |
| blog                |
| bonus               |
| books               |
| candidate           |
| client              |
| coalesce            |
| comments            |
| company             |
| course              |
| customer            |
| customers           |
| demodept1           |
| demodept2           |
| dept                |
| dept1               |
| docs                |
| doctor              |
| doctorvisits        |
| dummy               |
| duplicate           |
| emp                 |
| emp1                |
| emp2                |
| emp_attendance      |
| emp_cards           |
| emp_phone           |
| empj                |
| envelope            |
| food                |
| fullname            |
| hobby               |
| item                |
| job_list            |
| key_parts           |
| labtestlist         |
| leadtable           |
| licence             |
| location            |
| mass_table          |
| medicinelist        |
| menucard            |
| nearest             |
| new                 |
| newbooks            |
| nullif              |
| numbers             |
| numberstring        |
| ord                 |
| orderdetails        |
| orders              |
| overtime            |
| patient             |
| phonecall           |
| pivot_table         |
| plumber             |
| plumber_service_map |
| points              |
| price               |
| product             |
| product_sales       |
| products            |
| quarterly_revenue   |
| r                   |
| r1                  |
| r2                  |
| races               |
| regexpr             |
| replacedept         |
| revenue             |
| rockets             |
| runners             |
| runningserver       |
| sales               |
| sales_channel       |
| salespeople         |
| salesperson         |
| salgrade            |
| server              |
| service             |
| seta                |
| setb                |
| shop                |
| softdrink           |
| sort                |
| sourcenames         |
| stadium             |
| states              |
| station             |
| status              |
| stringnumber        |
| student             |
| tablea              |
| tableaa             |
| tableb              |
| tablebb             |
| targetnames         |
| tasks               |
| temp1               |
| traintimetable      |
| transactions        |
| vote_response       |
| votes               |
| warehouse           |
| yearly_revenue      |
| z                   |
+---------------------+
111 rows in set (0.29 sec)

mysql> select * from z;
+------+----------+------+
| id   | Emp_name | c4   |
+------+----------+------+
| X    | NULL     | NULL |
| y    | NULL     | NULL |
+------+----------+------+
2 rows in set (0.14 sec)

mysql> desc z;
+----------+-------------+------+-----+---------+-----------+
| Field    | Type        | Null | Key | Default | Extra     |
+----------+-------------+------+-----+---------+-----------+
| id       | char(1)     | YES  |     | NULL    |           |
| Emp_name | varchar(30) | YES  |     | NULL    |           |
| address  | varchar(10) | YES  |     | addr    | INVISIBLE |
| c4       | date        | YES  |     | NULL    |           |
+----------+-------------+------+-----+---------+-----------+
4 rows in set (0.01 sec)

mysql> desc student;
+-----------+--------------+------+-----+---------+-------+
| Field     | Type         | Null | Key | Default | Extra |
+-----------+--------------+------+-----+---------+-------+
| Id        | int          | NO   | PRI | NULL    |       |
| Namefirst | varchar(45)  | YES  |     | NULL    |       |
| Namelast  | varchar(45)  | YES  |     | NULL    |       |
| DOB       | date         | YES  |     | NULL    |       |
| EmailId   | varchar(128) | YES  |     | NULL    |       |
+-----------+--------------+------+-----+---------+-------+
5 rows in set (0.01 sec)

mysql> source \\pun-iet\DataAug2024\DBT\campus.sql
Query OK, 0 rows affected, 1 warning (0.17 sec)

Query OK, 0 rows affected, 1 warning (0.19 sec)

Query OK, 0 rows affected, 1 warning (0.18 sec)

Query OK, 0 rows affected, 1 warning (0.23 sec)

Query OK, 0 rows affected, 1 warning (0.10 sec)

Query OK, 0 rows affected, 1 warning (0.10 sec)

Query OK, 0 rows affected, 1 warning (0.13 sec)

Query OK, 0 rows affected, 1 warning (0.19 sec)

Query OK, 0 rows affected, 1 warning (0.16 sec)

Query OK, 0 rows affected, 1 warning (0.18 sec)

Query OK, 0 rows affected, 1 warning (0.16 sec)

Query OK, 0 rows affected, 1 warning (0.19 sec)

Query OK, 0 rows affected, 1 warning (0.18 sec)

Query OK, 0 rows affected (0.11 sec)

Query OK, 0 rows affected (0.25 sec)

Query OK, 0 rows affected (0.25 sec)

Query OK, 0 rows affected (0.61 sec)

Query OK, 0 rows affected (1.00 sec)

Query OK, 0 rows affected (0.56 sec)

Query OK, 0 rows affected (0.70 sec)

Query OK, 0 rows affected (0.97 sec)

Query OK, 0 rows affected (0.26 sec)

Query OK, 0 rows affected (0.37 sec)

Query OK, 0 rows affected (0.76 sec)

Query OK, 0 rows affected (0.79 sec)

Query OK, 0 rows affected (0.80 sec)

Query OK, 0 rows affected (0.64 sec)

Query OK, 0 rows affected (1.26 sec)

Query OK, 0 rows affected (0.71 sec)

Query OK, 0 rows affected (0.70 sec)

Query OK, 1 row affected (0.21 sec)

Query OK, 1 row affected (0.11 sec)

Query OK, 1 row affected (0.25 sec)

Query OK, 1 row affected (0.17 sec)

Query OK, 1 row affected (0.21 sec)

Query OK, 1 row affected (0.17 sec)

Query OK, 1 row affected (0.16 sec)

Query OK, 1 row affected (0.09 sec)

Query OK, 1 row affected (0.09 sec)

Query OK, 1 row affected (0.09 sec)

Query OK, 1 row affected (0.09 sec)

Query OK, 1 row affected (0.09 sec)

Query OK, 1 row affected (0.12 sec)

Query OK, 1 row affected (0.13 sec)

Query OK, 1 row affected (0.08 sec)

Query OK, 1 row affected (0.13 sec)

Query OK, 1 row affected (0.20 sec)

Query OK, 1 row affected (0.25 sec)

Query OK, 1 row affected (0.29 sec)

Query OK, 1 row affected (0.29 sec)

Query OK, 1 row affected (0.25 sec)

Query OK, 1 row affected (0.17 sec)

Query OK, 1 row affected (0.12 sec)

Query OK, 1 row affected (0.12 sec)

Query OK, 1 row affected (0.12 sec)

Query OK, 1 row affected (0.12 sec)

Query OK, 1 row affected (0.11 sec)

Query OK, 1 row affected (0.10 sec)

Query OK, 1 row affected (0.07 sec)

Query OK, 1 row affected (0.15 sec)

Query OK, 1 row affected (0.18 sec)

Query OK, 1 row affected (0.20 sec)

Query OK, 1 row affected (0.23 sec)

Query OK, 1 row affected (0.17 sec)

Query OK, 1 row affected (0.25 sec)

Query OK, 1 row affected (0.12 sec)

Query OK, 1 row affected (0.12 sec)

Query OK, 1 row affected (0.12 sec)

Query OK, 1 row affected (0.09 sec)

Query OK, 1 row affected (0.08 sec)

Query OK, 1 row affected (0.12 sec)

Query OK, 1 row affected (0.13 sec)

Query OK, 1 row affected (0.09 sec)

Query OK, 1 row affected (0.09 sec)

Query OK, 1 row affected (0.27 sec)

Query OK, 1 row affected (0.20 sec)

Query OK, 1 row affected (0.07 sec)

Query OK, 1 row affected (0.16 sec)

Query OK, 1 row affected (0.18 sec)

Query OK, 1 row affected (0.19 sec)

Query OK, 1 row affected (0.21 sec)

Query OK, 1 row affected (0.15 sec)

Query OK, 1 row affected (0.08 sec)

Query OK, 1 row affected (0.11 sec)

Query OK, 1 row affected (0.08 sec)

Query OK, 1 row affected (0.10 sec)

Query OK, 1 row affected (0.12 sec)

Query OK, 1 row affected (0.07 sec)

Query OK, 1 row affected (0.10 sec)

Query OK, 1 row affected (0.20 sec)

Query OK, 1 row affected (0.31 sec)

Query OK, 1 row affected (0.27 sec)

Query OK, 1 row affected (0.23 sec)

Query OK, 1 row affected (0.17 sec)

Query OK, 1 row affected (0.20 sec)

Query OK, 1 row affected (0.21 sec)

Query OK, 1 row affected (0.12 sec)

Query OK, 1 row affected (0.09 sec)

Query OK, 1 row affected (0.10 sec)

Query OK, 1 row affected (0.10 sec)

Query OK, 1 row affected (0.08 sec)

Query OK, 1 row affected (0.11 sec)

Query OK, 1 row affected (0.10 sec)

Query OK, 1 row affected (0.10 sec)

Query OK, 1 row affected (0.11 sec)

Query OK, 1 row affected (0.19 sec)

Query OK, 1 row affected (0.18 sec)

Query OK, 1 row affected (0.21 sec)

Query OK, 1 row affected (0.18 sec)

Query OK, 1 row affected (0.17 sec)

Query OK, 1 row affected (0.14 sec)

Query OK, 1 row affected (0.15 sec)

Query OK, 1 row affected (0.11 sec)

Query OK, 1 row affected (0.10 sec)

Query OK, 1 row affected (0.11 sec)

Query OK, 1 row affected (0.10 sec)

Query OK, 1 row affected (0.10 sec)

Query OK, 1 row affected (0.10 sec)

Query OK, 1 row affected (0.09 sec)

Query OK, 1 row affected (0.19 sec)

Query OK, 1 row affected (0.21 sec)

Query OK, 1 row affected (0.22 sec)

Query OK, 1 row affected (0.26 sec)

Query OK, 1 row affected (0.24 sec)

Query OK, 1 row affected (0.12 sec)

Query OK, 1 row affected (0.09 sec)

Query OK, 1 row affected (0.09 sec)

Query OK, 1 row affected (0.09 sec)

Query OK, 1 row affected (0.09 sec)

Query OK, 1 row affected (0.10 sec)

Query OK, 1 row affected (0.11 sec)

Query OK, 1 row affected (0.10 sec)

Query OK, 1 row affected (0.10 sec)

Query OK, 1 row affected (0.10 sec)

Query OK, 1 row affected (0.12 sec)

Query OK, 1 row affected (0.18 sec)

Query OK, 1 row affected (0.13 sec)

Query OK, 1 row affected (0.21 sec)

Query OK, 1 row affected (0.21 sec)

Query OK, 1 row affected (0.14 sec)

Query OK, 1 row affected (0.19 sec)

Query OK, 1 row affected (0.16 sec)

Query OK, 1 row affected (0.15 sec)

Query OK, 1 row affected (0.15 sec)

Query OK, 1 row affected (0.12 sec)

Query OK, 1 row affected (0.18 sec)

Query OK, 1 row affected (0.14 sec)

Query OK, 1 row affected (0.16 sec)

Query OK, 1 row affected (0.25 sec)

Query OK, 1 row affected (0.22 sec)

Query OK, 1 row affected (0.11 sec)

Query OK, 1 row affected (0.13 sec)

Query OK, 1 row affected (0.08 sec)

Query OK, 1 row affected (0.09 sec)

Query OK, 1 row affected (0.10 sec)

Query OK, 1 row affected (0.10 sec)

Query OK, 1 row affected (0.11 sec)

Query OK, 1 row affected (0.15 sec)

Query OK, 1 row affected (0.11 sec)

Query OK, 1 row affected (0.12 sec)

Query OK, 1 row affected (0.09 sec)

Query OK, 1 row affected (0.12 sec)

Query OK, 1 row affected (0.20 sec)

Query OK, 1 row affected (0.20 sec)

Query OK, 1 row affected (0.22 sec)

Query OK, 1 row affected (0.19 sec)

Query OK, 1 row affected (0.10 sec)

Query OK, 1 row affected (0.19 sec)

Query OK, 1 row affected (0.17 sec)

Query OK, 1 row affected (0.16 sec)

Query OK, 1 row affected (0.17 sec)

Query OK, 1 row affected (0.15 sec)

Query OK, 1 row affected (0.08 sec)

Query OK, 1 row affected (0.14 sec)

Query OK, 1 row affected (0.19 sec)

Query OK, 1 row affected (0.27 sec)

Query OK, 1 row affected (0.21 sec)

Query OK, 1 row affected (0.19 sec)

Query OK, 1 row affected (0.21 sec)

Query OK, 1 row affected (0.11 sec)

Query OK, 1 row affected (0.09 sec)

Query OK, 1 row affected (0.21 sec)

Query OK, 1 row affected (0.10 sec)

Query OK, 1 row affected (0.10 sec)

Query OK, 1 row affected (0.08 sec)

Query OK, 1 row affected (0.13 sec)

Query OK, 1 row affected (0.10 sec)

Query OK, 1 row affected (0.15 sec)

Query OK, 1 row affected (0.18 sec)

Query OK, 1 row affected (0.29 sec)

Query OK, 1 row affected (0.25 sec)

Query OK, 1 row affected (0.06 sec)

Query OK, 1 row affected (0.14 sec)

Query OK, 1 row affected (0.31 sec)

Query OK, 1 row affected (0.12 sec)

Query OK, 1 row affected (0.19 sec)

Query OK, 1 row affected (0.23 sec)

Query OK, 1 row affected (0.12 sec)

Query OK, 1 row affected (0.21 sec)

Query OK, 1 row affected (0.27 sec)

Query OK, 1 row affected (0.36 sec)

Query OK, 1 row affected (0.23 sec)

Query OK, 1 row affected (0.18 sec)

Query OK, 1 row affected (0.12 sec)

Query OK, 1 row affected (0.13 sec)

Query OK, 1 row affected (0.15 sec)

Query OK, 1 row affected (0.19 sec)

Query OK, 1 row affected (0.10 sec)

Query OK, 1 row affected (0.25 sec)

Query OK, 1 row affected (0.16 sec)

Query OK, 1 row affected (0.29 sec)

Query OK, 1 row affected (0.22 sec)

Query OK, 1 row affected (0.22 sec)

Query OK, 1 row affected (0.10 sec)

Query OK, 1 row affected (0.06 sec)

Query OK, 1 row affected (0.08 sec)

Query OK, 1 row affected (0.12 sec)

Query OK, 1 row affected (0.09 sec)

Query OK, 1 row affected (0.09 sec)

Query OK, 1 row affected (0.09 sec)

Query OK, 1 row affected (0.10 sec)

Query OK, 1 row affected (0.15 sec)

Query OK, 1 row affected (0.19 sec)

Query OK, 1 row affected (0.23 sec)

Query OK, 1 row affected (0.13 sec)

Query OK, 1 row affected (0.26 sec)

Query OK, 1 row affected (0.29 sec)

Query OK, 1 row affected (0.11 sec)

Query OK, 1 row affected (0.08 sec)

Query OK, 1 row affected (0.11 sec)

Query OK, 1 row affected (0.10 sec)

Query OK, 1 row affected (0.11 sec)

Query OK, 1 row affected (0.12 sec)

Query OK, 1 row affected (0.12 sec)

Query OK, 1 row affected (0.09 sec)

Query OK, 1 row affected (0.07 sec)

Query OK, 1 row affected (0.09 sec)

Query OK, 1 row affected (0.20 sec)

Query OK, 1 row affected (0.26 sec)

Query OK, 1 row affected (0.18 sec)

Query OK, 1 row affected (0.19 sec)

Query OK, 1 row affected (0.24 sec)

Query OK, 1 row affected (0.31 sec)

Query OK, 1 row affected (0.33 sec)

Query OK, 1 row affected (0.21 sec)

Query OK, 1 row affected (0.23 sec)

Query OK, 1 row affected (0.28 sec)

Query OK, 1 row affected (0.13 sec)

Query OK, 1 row affected (0.24 sec)

Query OK, 1 row affected (0.20 sec)

Query OK, 1 row affected (0.14 sec)

Query OK, 1 row affected (0.17 sec)

Query OK, 1 row affected (0.19 sec)

Query OK, 1 row affected (0.19 sec)

Query OK, 1 row affected (0.19 sec)

Query OK, 1 row affected (0.21 sec)

Query OK, 1 row affected (0.17 sec)

Query OK, 1 row affected (0.17 sec)

Query OK, 1 row affected (0.23 sec)

Query OK, 1 row affected (0.16 sec)

Query OK, 1 row affected (0.26 sec)

Query OK, 1 row affected (0.11 sec)

Query OK, 1 row affected (0.11 sec)

Query OK, 1 row affected (0.16 sec)

Query OK, 1 row affected (0.19 sec)

Query OK, 1 row affected (0.18 sec)

Query OK, 1 row affected (0.19 sec)

Query OK, 1 row affected (0.10 sec)

Query OK, 1 row affected (0.10 sec)

Query OK, 1 row affected (0.25 sec)

Query OK, 1 row affected (0.24 sec)

Query OK, 1 row affected (0.23 sec)

Query OK, 1 row affected (0.11 sec)

Query OK, 1 row affected (0.12 sec)

Query OK, 1 row affected (0.15 sec)

Query OK, 1 row affected (0.15 sec)

Query OK, 1 row affected (0.14 sec)

Query OK, 1 row affected (0.19 sec)

Query OK, 1 row affected (0.20 sec)

Query OK, 1 row affected (0.10 sec)

Query OK, 1 row affected (0.14 sec)

Query OK, 1 row affected (0.16 sec)

Query OK, 1 row affected (0.20 sec)

Query OK, 1 row affected (0.22 sec)

Query OK, 1 row affected (0.21 sec)

Query OK, 1 row affected (0.14 sec)

Query OK, 1 row affected (0.17 sec)

Query OK, 1 row affected (0.11 sec)

Query OK, 1 row affected (0.09 sec)

Query OK, 1 row affected (0.11 sec)

Query OK, 1 row affected (0.10 sec)

Query OK, 1 row affected (0.12 sec)

Query OK, 1 row affected (0.11 sec)

Query OK, 1 row affected (0.12 sec)

Query OK, 1 row affected (0.14 sec)

Query OK, 1 row affected (0.14 sec)

Query OK, 1 row affected (0.12 sec)

Query OK, 1 row affected (0.17 sec)

Query OK, 1 row affected (0.15 sec)

Query OK, 1 row affected (0.15 sec)

Query OK, 1 row affected (0.10 sec)

Query OK, 1 row affected (0.13 sec)

Query OK, 1 row affected (0.25 sec)

Query OK, 1 row affected (0.24 sec)

Query OK, 1 row affected (0.19 sec)

Query OK, 1 row affected (0.18 sec)

Query OK, 1 row affected (0.09 sec)

Query OK, 1 row affected (0.24 sec)

Query OK, 1 row affected (0.10 sec)

Query OK, 1 row affected (0.23 sec)

Query OK, 1 row affected (0.10 sec)

Query OK, 1 row affected (0.08 sec)

Query OK, 1 row affected (0.10 sec)

Query OK, 1 row affected (0.10 sec)

Query OK, 1 row affected (0.15 sec)

Query OK, 1 row affected (0.18 sec)

Query OK, 1 row affected (0.19 sec)

Query OK, 1 row affected (0.24 sec)

Query OK, 1 row affected (0.14 sec)

Query OK, 1 row affected (0.11 sec)

Query OK, 1 row affected (0.19 sec)

Query OK, 1 row affected (0.18 sec)

Query OK, 1 row affected (0.14 sec)

Query OK, 1 row affected (0.13 sec)

Query OK, 1 row affected (0.19 sec)

Query OK, 1 row affected (0.17 sec)

Query OK, 1 row affected (0.22 sec)

Query OK, 1 row affected (0.16 sec)

Query OK, 1 row affected (0.22 sec)

Query OK, 1 row affected (0.18 sec)

Query OK, 1 row affected (0.17 sec)

Query OK, 1 row affected (0.13 sec)

Query OK, 1 row affected (0.13 sec)

Query OK, 1 row affected (0.17 sec)

Query OK, 1 row affected (0.22 sec)

Query OK, 1 row affected (0.09 sec)

Query OK, 1 row affected (0.10 sec)

Query OK, 1 row affected (0.09 sec)

Query OK, 1 row affected (0.07 sec)

Query OK, 1 row affected (0.16 sec)

Query OK, 1 row affected (0.17 sec)

Query OK, 1 row affected (0.21 sec)

Query OK, 1 row affected (0.17 sec)

Query OK, 1 row affected (0.22 sec)

Query OK, 1 row affected (0.09 sec)

Query OK, 1 row affected (0.23 sec)

Query OK, 1 row affected (0.13 sec)

Query OK, 1 row affected (0.20 sec)

Query OK, 1 row affected (0.05 sec)

Query OK, 1 row affected (0.21 sec)

Query OK, 1 row affected (0.17 sec)

Query OK, 1 row affected (0.12 sec)

Query OK, 1 row affected (0.10 sec)

Query OK, 1 row affected (0.09 sec)

Query OK, 1 row affected (0.12 sec)

Query OK, 1 row affected (0.08 sec)

Query OK, 1 row affected (0.10 sec)

Query OK, 1 row affected (0.08 sec)

Query OK, 1 row affected (0.07 sec)

Query OK, 1 row affected (0.08 sec)

Query OK, 1 row affected (0.07 sec)

Query OK, 1 row affected (0.13 sec)

Query OK, 1 row affected (0.17 sec)

Query OK, 1 row affected (0.23 sec)

Query OK, 1 row affected (0.21 sec)

Query OK, 1 row affected (0.21 sec)

Query OK, 1 row affected (0.15 sec)

Query OK, 1 row affected (0.12 sec)

Query OK, 1 row affected (0.11 sec)

Query OK, 1 row affected (0.12 sec)

Query OK, 1 row affected (0.07 sec)

Query OK, 1 row affected (0.08 sec)

Query OK, 1 row affected (0.10 sec)

Query OK, 1 row affected (0.07 sec)

Query OK, 1 row affected (0.10 sec)

Query OK, 1 row affected (0.10 sec)

Query OK, 1 row affected (0.13 sec)

Query OK, 1 row affected (0.15 sec)

Query OK, 1 row affected (0.17 sec)

Query OK, 1 row affected (0.19 sec)

Query OK, 1 row affected (0.12 sec)

Query OK, 1 row affected (0.15 sec)

Query OK, 1 row affected (0.09 sec)

Query OK, 1 row affected (0.15 sec)

Query OK, 1 row affected (0.15 sec)

Query OK, 1 row affected (0.26 sec)

Query OK, 1 row affected (0.26 sec)

Query OK, 1 row affected (0.13 sec)

Query OK, 1 row affected (0.20 sec)

Query OK, 1 row affected (0.18 sec)

Query OK, 1 row affected (0.12 sec)

Query OK, 1 row affected (0.21 sec)

Query OK, 1 row affected (0.11 sec)

Query OK, 1 row affected (0.14 sec)

Query OK, 1 row affected (0.08 sec)

Query OK, 1 row affected (0.12 sec)

Query OK, 1 row affected (0.07 sec)

Query OK, 1 row affected (0.16 sec)

Query OK, 1 row affected (0.15 sec)

Query OK, 1 row affected (0.20 sec)

Query OK, 1 row affected (0.22 sec)

Query OK, 1 row affected (0.03 sec)

Query OK, 1 row affected (0.16 sec)

Query OK, 1 row affected (0.18 sec)

Query OK, 1 row affected (0.18 sec)

Query OK, 1 row affected (0.21 sec)

Query OK, 1 row affected (0.24 sec)

Query OK, 1 row affected (0.14 sec)

Query OK, 1 row affected (0.23 sec)

Query OK, 1 row affected (0.21 sec)

Query OK, 1 row affected (0.11 sec)

Query OK, 1 row affected (0.11 sec)

Query OK, 1 row affected (0.15 sec)

Query OK, 1 row affected (0.09 sec)

Query OK, 1 row affected (0.12 sec)

Query OK, 1 row affected (0.11 sec)

Query OK, 1 row affected (0.18 sec)

Query OK, 1 row affected (0.11 sec)

Query OK, 1 row affected (0.17 sec)

Query OK, 1 row affected (0.09 sec)

Query OK, 1 row affected (0.09 sec)

Query OK, 1 row affected (0.07 sec)

Query OK, 1 row affected (0.10 sec)

Query OK, 1 row affected (0.20 sec)

Query OK, 1 row affected (0.32 sec)

Query OK, 1 row affected (0.13 sec)

Query OK, 1 row affected (0.14 sec)

Query OK, 1 row affected (0.24 sec)

Query OK, 1 row affected (0.17 sec)

Query OK, 1 row affected (0.10 sec)

Query OK, 1 row affected (0.11 sec)

Query OK, 1 row affected (0.15 sec)

Query OK, 1 row affected (0.10 sec)

Query OK, 1 row affected (0.12 sec)

Query OK, 1 row affected (0.06 sec)

Query OK, 1 row affected (0.07 sec)

Query OK, 1 row affected (0.08 sec)

Query OK, 1 row affected (0.11 sec)

Query OK, 1 row affected (0.12 sec)

Query OK, 1 row affected (0.19 sec)

Query OK, 1 row affected (0.19 sec)

Query OK, 1 row affected (0.18 sec)

Query OK, 1 row affected (0.17 sec)

Query OK, 1 row affected (0.10 sec)

Query OK, 1 row affected (0.18 sec)

Query OK, 1 row affected (0.15 sec)

Query OK, 1 row affected (0.10 sec)

Query OK, 1 row affected (0.18 sec)

Query OK, 1 row affected (0.09 sec)

Query OK, 1 row affected (0.23 sec)

Query OK, 1 row affected (0.22 sec)

Query OK, 1 row affected (0.09 sec)

Query OK, 1 row affected (0.15 sec)

Query OK, 1 row affected (0.17 sec)

Query OK, 1 row affected (0.29 sec)

Query OK, 1 row affected (0.22 sec)

Query OK, 1 row affected (0.17 sec)

Query OK, 1 row affected (0.10 sec)

Query OK, 1 row affected (0.18 sec)

Query OK, 1 row affected (0.09 sec)

Query OK, 1 row affected (0.13 sec)

Query OK, 1 row affected (0.07 sec)

Query OK, 1 row affected (0.13 sec)

Query OK, 1 row affected (0.20 sec)

Query OK, 1 row affected (0.32 sec)

Query OK, 1 row affected (0.21 sec)

Query OK, 1 row affected (0.17 sec)

Query OK, 1 row affected (0.19 sec)

Query OK, 1 row affected (0.25 sec)

mysql> show databases;
+--------------------+
| Database           |
+--------------------+
| dac103             |
| information_schema |
| performance_schema |
+--------------------+
3 rows in set (0.00 sec)

mysql> show tables;
+------------------------+
| Tables_in_dac103       |
+------------------------+
| a                      |
| agent                  |
| andor                  |
| b                      |
| batch_students         |
| blanktablea            |
| blanktableb            |
| blog                   |
| bonus                  |
| books                  |
| candidate              |
| client                 |
| coalesce               |
| comments               |
| company                |
| course                 |
| course_batches         |
| course_modules         |
| customer               |
| customers              |
| demodept1              |
| demodept2              |
| dept                   |
| dept1                  |
| docs                   |
| doctor                 |
| doctorvisits           |
| dummy                  |
| duplicate              |
| emp                    |
| emp1                   |
| emp2                   |
| emp_attendance         |
| emp_cards              |
| emp_phone              |
| empj                   |
| envelope               |
| faculty                |
| faculty_address        |
| faculty_phone          |
| faculty_qualifications |
| food                   |
| fullname               |
| hobby                  |
| item                   |
| job_list               |
| key_parts              |
| labtestlist            |
| leadtable              |
| licence                |
| location               |
| mass_table             |
| medicinelist           |
| menucard               |
| modules                |
| nearest                |
| new                    |
| newbooks               |
| nullif                 |
| numbers                |
| numberstring           |
| ord                    |
| orderdetails           |
| orders                 |
| overtime               |
| patient                |
| phonecall              |
| pivot_table            |
| plumber                |
| plumber_service_map    |
| points                 |
| price                  |
| product                |
| product_sales          |
| products               |
| quarterly_revenue      |
| r                      |
| r1                     |
| r2                     |
| races                  |
| regexpr                |
| replacedept            |
| revenue                |
| rockets                |
| runners                |
| runningserver          |
| sales                  |
| sales_channel          |
| salespeople            |
| salesperson            |
| salgrade               |
| server                 |
| service                |
| seta                   |
| setb                   |
| shop                   |
| softdrink              |
| sort                   |
| sourcenames            |
| stadium                |
| states                 |
| station                |
| status                 |
| stringnumber           |
| student                |
| student_address        |
| student_cards          |
| student_order          |
| student_phone          |
| student_qualifications |
| tablea                 |
| tableaa                |
| tableb                 |
| tablebb                |
| targetnames            |
| tasks                  |
| temp1                  |
| traintimetable         |
| transactions           |
| vote_response          |
| votes                  |
| warehouse              |
| yearly_revenue         |
| z                      |
+------------------------+
124 rows in set (0.01 sec)

mysql> desc student_phone;
+-----------+-------------+------+-----+---------+-------+
| Field     | Type        | Null | Key | Default | Extra |
+-----------+-------------+------+-----+---------+-------+
| ID        | int         | NO   | PRI | NULL    |       |
| studentID | int         | YES  | MUL | NULL    |       |
| number    | varchar(45) | YES  |     | NULL    |       |
| isActive  | tinyint(1)  | YES  |     | NULL    |       |
+-----------+-------------+------+-----+---------+-------+
4 rows in set (0.00 sec)

mysql> desc student_address;
+-----------+--------------+------+-----+---------+-------+
| Field     | Type         | Null | Key | Default | Extra |
+-----------+--------------+------+-----+---------+-------+
| ID        | int          | NO   | PRI | NULL    |       |
| studentID | int          | NO   | UNI | NULL    |       |
| address   | varchar(128) | NO   | UNI | NULL    |       |
+-----------+--------------+------+-----+---------+-------+
3 rows in set (0.00 sec)

mysql> faculty_phone;
ERROR 1064 (42000): You have an error in your SQL syntax; check the manual that corresponds to your MySQL server version for the right syntax to use near 'faculty_phone' at line 1
mysql> desc faculty_phone;
+-----------+-------------+------+-----+---------+-------+
| Field     | Type        | Null | Key | Default | Extra |
+-----------+-------------+------+-----+---------+-------+
| ID        | int         | NO   | PRI | NULL    |       |
| facultyID | int         | YES  | MUL | NULL    |       |
| number    | varchar(10) | YES  |     | NULL    |       |
+-----------+-------------+------+-----+---------+-------+
3 rows in set (0.01 sec)

mysql> desc faculty_address;
+-----------+--------------+------+-----+---------+-------+
| Field     | Type         | Null | Key | Default | Extra |
+-----------+--------------+------+-----+---------+-------+
| ID        | int          | NO   | PRI | NULL    |       |
| facultyID | int          | NO   | UNI | NULL    |       |
| address   | varchar(128) | YES  |     | NULL    |       |
+-----------+--------------+------+-----+---------+-------+
3 rows in set (0.00 sec)

mysql> desc batch_student;
ERROR 1146 (42S02): Table 'dac103.batch_student' doesn't exist
mysql> desc batch_students;
+-----------+------+------+-----+---------+-------+
| Field     | Type | Null | Key | Default | Extra |
+-----------+------+------+-----+---------+-------+
| ID        | int  | NO   | PRI | NULL    |       |
| batchID   | int  | YES  | MUL | NULL    |       |
| studentID | int  | YES  | MUL | NULL    |       |
+-----------+------+------+-----+---------+-------+
3 rows in set (0.00 sec)

mysql> desc course_batches;
+----------+-------------+------+-----+---------+-------+
| Field    | Type        | Null | Key | Default | Extra |
+----------+-------------+------+-----+---------+-------+
| ID       | int         | NO   | PRI | NULL    |       |
| name     | varchar(45) | YES  |     | NULL    |       |
| courseID | int         | YES  | MUL | NULL    |       |
| starton  | date        | YES  |     | NULL    |       |
| endson   | date        | YES  |     | NULL    |       |
| capacity | int         | YES  |     | NULL    |       |
+----------+-------------+------+-----+---------+-------+
6 rows in set (0.01 sec)

mysql> desc student_qualitifications;
ERROR 1146 (42S02): Table 'dac103.student_qualitifications' doesn't exist
mysql> desc student_qualifications;
+------------+--------------+------+-----+---------+-------+
| Field      | Type         | Null | Key | Default | Extra |
+------------+--------------+------+-----+---------+-------+
| ID         | int          | NO   | PRI | NULL    |       |
| studentID  | int          | YES  | MUL | NULL    |       |
| name       | varchar(128) | YES  |     | NULL    |       |
| college    | varchar(128) | YES  |     | NULL    |       |
| university | varchar(128) | YES  |     | NULL    |       |
| marks      | varchar(45)  | YES  |     | NULL    |       |
| year       | int          | YES  |     | NULL    |       |
+------------+--------------+------+-----+---------+-------+
7 rows in set (0.01 sec)

mysql> desc faculty_qualifications;
+------------+--------------+------+-----+---------+-------+
| Field      | Type         | Null | Key | Default | Extra |
+------------+--------------+------+-----+---------+-------+
| ID         | int          | NO   | PRI | NULL    |       |
| facultyID  | int          | YES  | MUL | NULL    |       |
| name       | varchar(128) | YES  |     | NULL    |       |
| college    | varchar(128) | YES  |     | NULL    |       |
| university | varchar(128) | YES  |     | NULL    |       |
| marks      | varchar(45)  | YES  |     | NULL    |       |
| year       | int          | YES  |     | NULL    |       |
+------------+--------------+------+-----+---------+-------+
7 rows in set (0.00 sec)

mysql> desc course_modules;
+----------+------+------+-----+---------+-------+
| Field    | Type | Null | Key | Default | Extra |
+----------+------+------+-----+---------+-------+
| ID       | int  | NO   | PRI | NULL    |       |
| courseID | int  | YES  | MUL | NULL    |       |
| moduleID | int  | YES  | MUL | NULL    |       |
+----------+------+------+-----+---------+-------+
3 rows in set (0.00 sec)

mysql> modules;
ERROR 1064 (42000): You have an error in your SQL syntax; check the manual that corresponds to your MySQL server version for the right syntax to use near 'modules' at line 1
mysql> desc modules;
+----------+--------------+------+-----+---------+-------+
| Field    | Type         | Null | Key | Default | Extra |
+----------+--------------+------+-----+---------+-------+
| ID       | int          | NO   | PRI | NULL    |       |
| name     | varchar(128) | YES  |     | NULL    |       |
| duration | int          | YES  |     | NULL    |       |
+----------+--------------+------+-----+---------+-------+
3 rows in set (0.00 sec)

mysql> desc student;
+-----------+--------------+------+-----+---------+-------+
| Field     | Type         | Null | Key | Default | Extra |
+-----------+--------------+------+-----+---------+-------+
| ID        | int          | NO   | PRI | NULL    |       |
| namefirst | varchar(45)  | YES  |     | NULL    |       |
| namelast  | varchar(45)  | YES  |     | NULL    |       |
| DOB       | date         | YES  |     | NULL    |       |
| emailID   | varchar(128) | YES  |     | NULL    |       |
+-----------+--------------+------+-----+---------+-------+
5 rows in set (0.01 sec)

mysql> select * from student;
+----+-----------+----------+------------+--------------------------+
| ID | namefirst | namelast | DOB        | emailID                  |
+----+-----------+----------+------------+--------------------------+
|  1 | saleel    | bagde    | 1984-06-12 | saleel.bagde@gmail.com   |
|  2 | omkar     | rokde    | 1969-10-25 | omkar.rakde@gmail.com    |
|  3 | ulka      | joshi    | 1970-10-25 | ulka.joshi@gmail.com     |
|  4 | rahul     | patil    | 1982-10-31 | rahul.patil@gmail.com    |
|  5 | ruhan     | bagde    | 1984-01-12 | ruhan.bagde@gmail.com    |
|  6 | lala      | prasad   | 1980-12-01 | lala.prasad@gmail.com    |
|  7 | sharmin   | bagde    | 1986-12-14 | sharmin.bagde@gmail.com  |
|  8 | vrushali  | bagde    | 1984-12-29 | vrushali.bagde@gmail.com |
|  9 | vasant    | khande   | 1992-10-26 | vasant.khande@gmail.com  |
| 10 | nitish    | patil    | 1990-10-26 | nitish.patil@gmail.com   |
| 11 | neel      | save     | 1975-10-30 | neel.save@gmail.com      |
| 12 | deep      | save     | 1986-11-30 | deep.save@gmail.com      |
| 13 | nrupali   | save     | 1981-12-01 | nrupali.save@gmail.com   |
| 14 | supriya   | karnik   | 1983-12-15 | supriya.karnik@gmail.com |
| 15 | bandish   | karnik   | 1987-12-30 | bandish.karnik@gmail.com |
| 16 | sangita   | karnik   | 1990-12-01 | sangita.karnik@gmail.com |
| 17 | sangita   | menon    | 1989-10-26 | sangita.menon@gmail.com  |
| 18 | rahul     | shah     | 1982-06-12 | rahul.shah@gmail.com     |
| 19 | bhavin    | patel    | 1983-11-13 | bhavin.patel@gmail.com   |
| 20 | kaushal   | patil    | 1982-07-30 | kaushal.patil@gmail.com  |
| 21 | pankaj    | gandhi   | 1982-07-30 | pankaj.gandhi@gmail.com  |
| 22 | rajan     | patel    | 1982-07-30 | rajan.patel@gmail.com    |
| 23 | bhavin    | patel    | 1982-07-30 | bhavin.patel@gmail.com   |
| 24 | mukesh    | bhavsar  | 1982-07-30 | mukesh.bhavsar@gmail.com |
| 25 | dilu      | khande   | 1982-07-30 | dilu.khande@gmail.com    |
| 26 | sonam     | khan     | 1972-05-13 | sonam.khan@gmail.com     |
| 27 | rohit     | patil    | 1976-12-31 | rohit.patil@gmail.com    |
| 28 | raj       | bubber   | 1982-02-28 | raj.bubber@gmail.com     |
+----+-----------+----------+------------+--------------------------+
28 rows in set (0.00 sec)

mysql> desc faculty;
+-----------+--------------+------+-----+---------+-------+
| Field     | Type         | Null | Key | Default | Extra |
+-----------+--------------+------+-----+---------+-------+
| ID        | int          | NO   | PRI | NULL    |       |
| namefirst | varchar(45)  | YES  |     | NULL    |       |
| namelast  | varchar(45)  | YES  |     | NULL    |       |
| DOB       | date         | YES  |     | NULL    |       |
| emailID   | varchar(128) | YES  |     | NULL    |       |
+-----------+--------------+------+-----+---------+-------+
5 rows in set (0.01 sec)

mysql> desc course;
+----------+---------------+------+-----+---------+-------+
| Field    | Type          | Null | Key | Default | Extra |
+----------+---------------+------+-----+---------+-------+
| ID       | int           | NO   | PRI | NULL    |       |
| name     | varchar(45)   | NO   |     | NULL    |       |
| duration | int           | YES  |     | NULL    |       |
| summery  | varchar(1024) | YES  |     | NULL    |       |
+----------+---------------+------+-----+---------+-------+
4 rows in set (0.00 sec)

mysql> desc student_cards;
+-----------+-------------+------+-----+---------+-------+
| Field     | Type        | Null | Key | Default | Extra |
+-----------+-------------+------+-----+---------+-------+
| ID        | int         | NO   | PRI | NULL    |       |
| studentID | int         | YES  | MUL | NULL    |       |
| name      | varchar(45) | YES  |     | NULL    |       |
| isActive  | tinyint(1)  | YES  |     | NULL    |       |
+-----------+-------------+------+-----+---------+-------+
4 rows in set (0.00 sec)

mysql> student_orders;
ERROR 1064 (42000): You have an error in your SQL syntax; check the manual that corresponds to your MySQL server version for the right syntax to use near 'student_orders' at line 1
mysql> student_order;
ERROR 1064 (42000): You have an error in your SQL syntax; check the manual that corresponds to your MySQL server version for the right syntax to use near 'student_order' at line 1
mysql> desc student_orders;
ERROR 1146 (42S02): Table 'dac103.student_orders' doesn't exist
mysql> desc student_order;
+-----------+------+------+-----+---------+-------+
| Field     | Type | Null | Key | Default | Extra |
+-----------+------+------+-----+---------+-------+
| ID        | int  | NO   | PRI | NULL    |       |
| studentID | int  | YES  | MUL | NULL    |       |
| orderdate | date | YES  |     | NULL    |       |
| amount    | int  | YES  |     | NULL    |       |
+-----------+------+------+-----+---------+-------+
4 rows in set (0.00 sec)

mysql> select namefirst,length(ename) from student where length(ename)=4;
ERROR 1054 (42S22): Unknown column 'ename' in 'field list'
mysql> select namefirst,length(namefirst) from student where length(namefirst)=4;
+-----------+-------------------+
| namefirst | length(namefirst) |
+-----------+-------------------+
| ulka      |                 4 |
| lala      |                 4 |
| neel      |                 4 |
| deep      |                 4 |
| dilu      |                 4 |
+-----------+-------------------+
5 rows in set (0.00 sec)

mysql> select namefirst,length(namefirst) from student;
+-----------+-------------------+
| namefirst | length(namefirst) |
+-----------+-------------------+
| saleel    |                 6 |
| omkar     |                 5 |
| ulka      |                 4 |
| rahul     |                 5 |
| ruhan     |                 5 |
| lala      |                 4 |
| sharmin   |                 7 |
| vrushali  |                 8 |
| vasant    |                 6 |
| nitish    |                 6 |
| neel      |                 4 |
| deep      |                 4 |
| nrupali   |                 7 |
| supriya   |                 7 |
| bandish   |                 7 |
| sangita   |                 7 |
| sangita   |                 7 |
| rahul     |                 5 |
| bhavin    |                 6 |
| kaushal   |                 7 |
| pankaj    |                 6 |
| rajan     |                 5 |
| bhavin    |                 6 |
| mukesh    |                 6 |
| dilu      |                 4 |
| sonam     |                 5 |
| rohit     |                 5 |
| raj       |                 3 |
+-----------+-------------------+
28 rows in set (0.00 sec)

mysql> select namefirst,namelast,length(namefirst,namelast) from student where length(namefirst)=3;
ERROR 1582 (42000): Incorrect parameter count in the call to native function 'length'
mysql> select namefirst,namelast from student where length(namefirst)=3;
+-----------+----------+
| namefirst | namelast |
+-----------+----------+
| raj       | bubber   |
+-----------+----------+
1 row in set (0.00 sec)

mysql> select namefirst,namelast,length(namefirst,) from student where length(namefirst)=3;
ERROR 1064 (42000): You have an error in your SQL syntax; check the manual that corresponds to your MySQL server version for the right syntax to use near ') from student where length(namefirst)=3' at line 1
mysql> select namefirst,namelast,length(namefirst) from student where length(namefirst)=3;
+-----------+----------+-------------------+
| namefirst | namelast | length(namefirst) |
+-----------+----------+-------------------+
| raj       | bubber   |                 3 |
+-----------+----------+-------------------+
1 row in set (0.00 sec)

mysql> select namefirst,namelast,left(namefirst,3) from student where length(namefirst)=3;
+-----------+----------+-------------------+
| namefirst | namelast | left(namefirst,3) |
+-----------+----------+-------------------+
| raj       | bubber   | raj               |
+-----------+----------+-------------------+
1 row in set (0.00 sec)

mysql> select namefirst,namelast,length(namefirst) from student where length(namefirst)=3;
+-----------+----------+-------------------+
| namefirst | namelast | length(namefirst) |
+-----------+----------+-------------------+
| raj       | bubber   |                 3 |
+-----------+----------+-------------------+
1 row in set (0.00 sec)

mysql> select namefirst,namelast from student where length(namefirst)=3;
+-----------+----------+
| namefirst | namelast |
+-----------+----------+
| raj       | bubber   |
+-----------+----------+
1 row in set (0.00 sec)

mysql> select namefirst,namelast from student length(namefirst)=3;
ERROR 1064 (42000): You have an error in your SQL syntax; check the manual that corresponds to your MySQL server version for the right syntax to use near '(namefirst)=3' at line 1
mysql> select namefirst,namelast,length(namefirst) from student;
+-----------+----------+-------------------+
| namefirst | namelast | length(namefirst) |
+-----------+----------+-------------------+
| saleel    | bagde    |                 6 |
| omkar     | rokde    |                 5 |
| ulka      | joshi    |                 4 |
| rahul     | patil    |                 5 |
| ruhan     | bagde    |                 5 |
| lala      | prasad   |                 4 |
| sharmin   | bagde    |                 7 |
| vrushali  | bagde    |                 8 |
| vasant    | khande   |                 6 |
| nitish    | patil    |                 6 |
| neel      | save     |                 4 |
| deep      | save     |                 4 |
| nrupali   | save     |                 7 |
| supriya   | karnik   |                 7 |
| bandish   | karnik   |                 7 |
| sangita   | karnik   |                 7 |
| sangita   | menon    |                 7 |
| rahul     | shah     |                 5 |
| bhavin    | patel    |                 6 |
| kaushal   | patil    |                 7 |
| pankaj    | gandhi   |                 6 |
| rajan     | patel    |                 5 |
| bhavin    | patel    |                 6 |
| mukesh    | bhavsar  |                 6 |
| dilu      | khande   |                 4 |
| sonam     | khan     |                 5 |
| rohit     | patil    |                 5 |
| raj       | bubber   |                 3 |
+-----------+----------+-------------------+
28 rows in set (0.00 sec)

mysql> select namefirst,namelast from student left(namefirst)=3;
ERROR 1064 (42000): You have an error in your SQL syntax; check the manual that corresponds to your MySQL server version for the right syntax to use near '(namefirst)=3' at line 1
mysql> select namefirst,namelast from student left(namefirst, 3);
ERROR 1064 (42000): You have an error in your SQL syntax; check the manual that corresponds to your MySQL server version for the right syntax to use near '(namefirst, 3)' at line 1
mysql> SELECT
    ->     namefirst,
    ->     namelast,
    ->     LEFT(namefirst, 3) AS first_3_letters
    -> FROM
    ->     student
    -> WHERE
    ->     LENGTH(namefirst) = 3;
+-----------+----------+-----------------+
| namefirst | namelast | first_3_letters |
+-----------+----------+-----------------+
| raj       | bubber   | raj             |
+-----------+----------+-----------------+
1 row in set (0.00 sec)

mysql> SELECT
    ->     namefirst,
    ->     namelast,
    ->     LEFT(namefirst, 3) AS first_3_letters
    -> FROM
    ->     students;
ERROR 1146 (42S02): Table 'dac103.students' doesn't exist
mysql>
mysql> select namefirst,namelast,Left(namefirst,3)AS first_3_letters from student;
+-----------+----------+-----------------+
| namefirst | namelast | first_3_letters |
+-----------+----------+-----------------+
| saleel    | bagde    | sal             |
| omkar     | rokde    | omk             |
| ulka      | joshi    | ulk             |
| rahul     | patil    | rah             |
| ruhan     | bagde    | ruh             |
| lala      | prasad   | lal             |
| sharmin   | bagde    | sha             |
| vrushali  | bagde    | vru             |
| vasant    | khande   | vas             |
| nitish    | patil    | nit             |
| neel      | save     | nee             |
| deep      | save     | dee             |
| nrupali   | save     | nru             |
| supriya   | karnik   | sup             |
| bandish   | karnik   | ban             |
| sangita   | karnik   | san             |
| sangita   | menon    | san             |
| rahul     | shah     | rah             |
| bhavin    | patel    | bha             |
| kaushal   | patil    | kau             |
| pankaj    | gandhi   | pan             |
| rajan     | patel    | raj             |
| bhavin    | patel    | bha             |
| mukesh    | bhavsar  | muk             |
| dilu      | khande   | dil             |
| sonam     | khan     | son             |
| rohit     | patil    | roh             |
| raj       | bubber   | raj             |
+-----------+----------+-----------------+
28 rows in set (0.00 sec)

mysql> select namefirst,namelast,Left(namefirst,3) first_3_letters from student;
+-----------+----------+-----------------+
| namefirst | namelast | first_3_letters |
+-----------+----------+-----------------+
| saleel    | bagde    | sal             |
| omkar     | rokde    | omk             |
| ulka      | joshi    | ulk             |
| rahul     | patil    | rah             |
| ruhan     | bagde    | ruh             |
| lala      | prasad   | lal             |
| sharmin   | bagde    | sha             |
| vrushali  | bagde    | vru             |
| vasant    | khande   | vas             |
| nitish    | patil    | nit             |
| neel      | save     | nee             |
| deep      | save     | dee             |
| nrupali   | save     | nru             |
| supriya   | karnik   | sup             |
| bandish   | karnik   | ban             |
| sangita   | karnik   | san             |
| sangita   | menon    | san             |
| rahul     | shah     | rah             |
| bhavin    | patel    | bha             |
| kaushal   | patil    | kau             |
| pankaj    | gandhi   | pan             |
| rajan     | patel    | raj             |
| bhavin    | patel    | bha             |
| mukesh    | bhavsar  | muk             |
| dilu      | khande   | dil             |
| sonam     | khan     | son             |
| rohit     | patil    | roh             |
| raj       | bubber   | raj             |
+-----------+----------+-----------------+
28 rows in set (0.00 sec)

mysql> select namefirst,namelast,Right(namefirst,3) first_3_letters from student;
+-----------+----------+-----------------+
| namefirst | namelast | first_3_letters |
+-----------+----------+-----------------+
| saleel    | bagde    | eel             |
| omkar     | rokde    | kar             |
| ulka      | joshi    | lka             |
| rahul     | patil    | hul             |
| ruhan     | bagde    | han             |
| lala      | prasad   | ala             |
| sharmin   | bagde    | min             |
| vrushali  | bagde    | ali             |
| vasant    | khande   | ant             |
| nitish    | patil    | ish             |
| neel      | save     | eel             |
| deep      | save     | eep             |
| nrupali   | save     | ali             |
| supriya   | karnik   | iya             |
| bandish   | karnik   | ish             |
| sangita   | karnik   | ita             |
| sangita   | menon    | ita             |
| rahul     | shah     | hul             |
| bhavin    | patel    | vin             |
| kaushal   | patil    | hal             |
| pankaj    | gandhi   | kaj             |
| rajan     | patel    | jan             |
| bhavin    | patel    | vin             |
| mukesh    | bhavsar  | esh             |
| dilu      | khande   | ilu             |
| sonam     | khan     | nam             |
| rohit     | patil    | hit             |
| raj       | bubber   | raj             |
+-----------+----------+-----------------+
28 rows in set (0.00 sec)

mysql> select student_phone form student where student_phone Left=70;
ERROR 1064 (42000): You have an error in your SQL syntax; check the manual that corresponds to your MySQL server version for the right syntax to use near 'student where student_phone Left=70' at line 1
mysql> select student_phone form student where Left(student_phone,70);
ERROR 1064 (42000): You have an error in your SQL syntax; check the manual that corresponds to your MySQL server version for the right syntax to use near 'student where Left(student_phone,70)' at line 1
mysql> desc student_phone;
+-----------+-------------+------+-----+---------+-------+
| Field     | Type        | Null | Key | Default | Extra |
+-----------+-------------+------+-----+---------+-------+
| ID        | int         | NO   | PRI | NULL    |       |
| studentID | int         | YES  | MUL | NULL    |       |
| number    | varchar(45) | YES  |     | NULL    |       |
| isActive  | tinyint(1)  | YES  |     | NULL    |       |
+-----------+-------------+------+-----+---------+-------+
4 rows in set (0.00 sec)

mysql> \select * from student_phone;
--------------
mysql  Ver 8.0.34 for Win64 on x86_64 (MySQL Community Server - GPL)

Connection id:          50
Current database:       dac103
Current user:           dac103@192.168.10.117
SSL:                    Cipher in use is TLS_AES_256_GCM_SHA384
Using delimiter:        ;
Server version:         8.1.0 MySQL Community Server - GPL
Protocol version:       10
Connection:             192.168.10.150 via TCP/IP
Server characterset:    utf8mb4
Db     characterset:    utf8mb4
Client characterset:    cp850
Conn.  characterset:    cp850
TCP port:               3306
Binary data as:         Hexadecimal
Uptime:                 55 min 42 sec

Threads: 54  Questions: 54910  Slow queries: 1  Opens: 2130  Flush tables: 3  Open tables: 1679  Queries per second avg: 16.430
--------------

ERROR 1064 (42000): You have an error in your SQL syntax; check the manual that corresponds to your MySQL server version for the right syntax to use near 'elect * from student_phone' at line 1
mysql> select * from student_phone;
+----+-----------+------------+----------+
| ID | studentID | number     | isActive |
+----+-----------+------------+----------+
|  1 |         1 | 7032300034 |        1 |
|  2 |         2 | 7032300039 |        1 |
|  3 |         3 | 7032300050 |        1 |
|  4 |         4 | 7032300027 |        1 |
|  5 |         5 | 7032300001 |        1 |
|  6 |         6 | 7032300079 |        1 |
|  7 |         7 | 7032300081 |        1 |
|  8 |         8 | 7032300054 |        1 |
|  9 |         9 | 7032300059 |        1 |
| 10 |        10 | 7032300086 |        1 |
| 11 |        11 | 7032300082 |        1 |
| 12 |        12 | 7032300042 |        1 |
| 13 |        13 | 7032300055 |        1 |
| 14 |        14 | 7032300013 |        1 |
| 15 |        15 | 7032300099 |        1 |
| 16 |        16 | 7032300023 |        1 |
| 17 |        17 | 7032300084 |        1 |
| 18 |        18 | 7032300011 |        1 |
| 19 |        19 | 7032300066 |        1 |
| 20 |        20 | 7032300096 |        1 |
| 21 |         1 | 7132300034 |        1 |
| 22 |         2 | 7132300039 |        1 |
| 23 |         3 | 7132300050 |        1 |
| 24 |         4 | 7132300027 |        1 |
| 25 |         5 | 7032300001 |        1 |
| 26 |         6 | 7132300079 |        1 |
| 27 |         7 | 7132300081 |        0 |
| 28 |         8 | 7132300054 |        0 |
| 29 |         9 | 7132300059 |        0 |
| 30 |        10 | 7132300086 |        0 |
| 31 |        11 | 7132300082 |        0 |
| 32 |        12 | 7132300042 |        0 |
| 33 |        13 | 7132300055 |        0 |
| 34 |        13 | 7132300055 |        0 |
| 35 |        13 | 7132300055 |        1 |
| 36 |         6 | 7134567123 |        0 |
| 37 |        21 | 7156567123 |        1 |
| 38 |        22 | 7156567134 |        1 |
| 39 |        23 | 7156563423 |        0 |
| 40 |        24 | 7156567183 |        0 |
| 41 |        25 | 7146566412 |        1 |
+----+-----------+------------+----------+
41 rows in set (0.02 sec)

mysql> SELECT
    ->     number
    -> FROM
    ->     student
    -> WHERE
    ->     number LIKE '70%';
ERROR 1054 (42S22): Unknown column 'number' in 'field list'
mysql> select student_phone from student where student_phone like'70%';
ERROR 1054 (42S22): Unknown column 'student_phone' in 'field list'
mysql> select student_phone from student where number like'70%';
ERROR 1054 (42S22): Unknown column 'student_phone' in 'field list'
mysql> select number from student where number like'70%';
ERROR 1054 (42S22): Unknown column 'number' in 'field list'
mysql> SELECT
    ->     number
    -> FROM
    ->     student
    -> WHERE
    ->     LEFT(number, 2) = '70';
ERROR 1054 (42S22): Unknown column 'number' in 'field list'
mysql> SHOW COLUMNS FROM student;
+-----------+--------------+------+-----+---------+-------+
| Field     | Type         | Null | Key | Default | Extra |
+-----------+--------------+------+-----+---------+-------+
| ID        | int          | NO   | PRI | NULL    |       |
| namefirst | varchar(45)  | YES  |     | NULL    |       |
| namelast  | varchar(45)  | YES  |     | NULL    |       |
| DOB       | date         | YES  |     | NULL    |       |
| emailID   | varchar(128) | YES  |     | NULL    |       |
+-----------+--------------+------+-----+---------+-------+
5 rows in set (0.01 sec)

mysql> select * from student;
+----+-----------+----------+------------+--------------------------+
| ID | namefirst | namelast | DOB        | emailID                  |
+----+-----------+----------+------------+--------------------------+
|  1 | saleel    | bagde    | 1984-06-12 | saleel.bagde@gmail.com   |
|  2 | omkar     | rokde    | 1969-10-25 | omkar.rakde@gmail.com    |
|  3 | ulka      | joshi    | 1970-10-25 | ulka.joshi@gmail.com     |
|  4 | rahul     | patil    | 1982-10-31 | rahul.patil@gmail.com    |
|  5 | ruhan     | bagde    | 1984-01-12 | ruhan.bagde@gmail.com    |
|  6 | lala      | prasad   | 1980-12-01 | lala.prasad@gmail.com    |
|  7 | sharmin   | bagde    | 1986-12-14 | sharmin.bagde@gmail.com  |
|  8 | vrushali  | bagde    | 1984-12-29 | vrushali.bagde@gmail.com |
|  9 | vasant    | khande   | 1992-10-26 | vasant.khande@gmail.com  |
| 10 | nitish    | patil    | 1990-10-26 | nitish.patil@gmail.com   |
| 11 | neel      | save     | 1975-10-30 | neel.save@gmail.com      |
| 12 | deep      | save     | 1986-11-30 | deep.save@gmail.com      |
| 13 | nrupali   | save     | 1981-12-01 | nrupali.save@gmail.com   |
| 14 | supriya   | karnik   | 1983-12-15 | supriya.karnik@gmail.com |
| 15 | bandish   | karnik   | 1987-12-30 | bandish.karnik@gmail.com |
| 16 | sangita   | karnik   | 1990-12-01 | sangita.karnik@gmail.com |
| 17 | sangita   | menon    | 1989-10-26 | sangita.menon@gmail.com  |
| 18 | rahul     | shah     | 1982-06-12 | rahul.shah@gmail.com     |
| 19 | bhavin    | patel    | 1983-11-13 | bhavin.patel@gmail.com   |
| 20 | kaushal   | patil    | 1982-07-30 | kaushal.patil@gmail.com  |
| 21 | pankaj    | gandhi   | 1982-07-30 | pankaj.gandhi@gmail.com  |
| 22 | rajan     | patel    | 1982-07-30 | rajan.patel@gmail.com    |
| 23 | bhavin    | patel    | 1982-07-30 | bhavin.patel@gmail.com   |
| 24 | mukesh    | bhavsar  | 1982-07-30 | mukesh.bhavsar@gmail.com |
| 25 | dilu      | khande   | 1982-07-30 | dilu.khande@gmail.com    |
| 26 | sonam     | khan     | 1972-05-13 | sonam.khan@gmail.com     |
| 27 | rohit     | patil    | 1976-12-31 | rohit.patil@gmail.com    |
| 28 | raj       | bubber   | 1982-02-28 | raj.bubber@gmail.com     |
+----+-----------+----------+------------+--------------------------+
28 rows in set (0.00 sec)

mysql> select number from student_phone where Left(number,2)='70';
+------------+
| number     |
+------------+
| 7032300034 |
| 7032300039 |
| 7032300050 |
| 7032300027 |
| 7032300001 |
| 7032300079 |
| 7032300081 |
| 7032300054 |
| 7032300059 |
| 7032300086 |
| 7032300082 |
| 7032300042 |
| 7032300055 |
| 7032300013 |
| 7032300099 |
| 7032300023 |
| 7032300084 |
| 7032300011 |
| 7032300066 |
| 7032300096 |
| 7032300001 |
+------------+
21 rows in set (0.00 sec)

mysql> select namefirst,Top(namefirst,5) from student;
ERROR 1305 (42000): FUNCTION dac103.Top does not exist
mysql> select Top 5 * from student order by ID Desc;
ERROR 1064 (42000): You have an error in your SQL syntax; check the manual that corresponds to your MySQL server version for the right syntax to use near '5 * from student order by ID Desc' at line 1
mysql> SELECT * FROM student ORDER BY ID DESC LIMIT 5;
+----+-----------+----------+------------+--------------------------+
| ID | namefirst | namelast | DOB        | emailID                  |
+----+-----------+----------+------------+--------------------------+
| 28 | raj       | bubber   | 1982-02-28 | raj.bubber@gmail.com     |
| 27 | rohit     | patil    | 1976-12-31 | rohit.patil@gmail.com    |
| 26 | sonam     | khan     | 1972-05-13 | sonam.khan@gmail.com     |
| 25 | dilu      | khande   | 1982-07-30 | dilu.khande@gmail.com    |
| 24 | mukesh    | bhavsar  | 1982-07-30 | mukesh.bhavsar@gmail.com |
+----+-----------+----------+------------+--------------------------+
5 rows in set (0.00 sec)

==================================================================================================================================================================

icrosoft Windows [Version 10.0.19045.4894]
(c) Microsoft Corporation. All rights reserved.

C:\Users\IET>mysql --host 192.168.10.150 --port 3306 --user=dac103 --password=welcome
mysql: [Warning] Using a password on the command line interface can be insecure.
Welcome to the MySQL monitor.  Commands end with ; or \g.
Your MySQL connection id is 239
Server version: 8.1.0 MySQL Community Server - GPL

Copyright (c) 2000, 2023, Oracle and/or its affiliates.

Oracle is a registered trademark of Oracle Corporation and/or its
affiliates. Other names may be trademarks of their respective
owners.

Type 'help;' or '\h' for help. Type '\c' to clear the current input statement.

mysql> desc student;
ERROR 1046 (3D000): No database selected
mysql> use dac103;
Database changed
mysql> desc student;
+-----------+--------------+------+-----+---------+-------+
| Field     | Type         | Null | Key | Default | Extra |
+-----------+--------------+------+-----+---------+-------+
| ID        | int          | NO   | PRI | NULL    |       |
| namefirst | varchar(45)  | YES  |     | NULL    |       |
| namelast  | varchar(45)  | YES  |     | NULL    |       |
| DOB       | date         | YES  |     | NULL    |       |
| emailID   | varchar(128) | YES  |     | NULL    |       |
+-----------+--------------+------+-----+---------+-------+
5 rows in set (0.02 sec)

mysql> select * from student;
+----+-----------+----------+------------+--------------------------+
| ID | namefirst | namelast | DOB        | emailID                  |
+----+-----------+----------+------------+--------------------------+
|  1 | saleel    | bagde    | 1984-06-12 | saleel.bagde@gmail.com   |
|  2 | omkar     | rokde    | 1969-10-25 | omkar.rakde@gmail.com    |
|  3 | ulka      | joshi    | 1970-10-25 | ulka.joshi@gmail.com     |
|  4 | rahul     | patil    | 1982-10-31 | rahul.patil@gmail.com    |
|  5 | ruhan     | bagde    | 1984-01-12 | ruhan.bagde@gmail.com    |
|  6 | lala      | prasad   | 1980-12-01 | lala.prasad@gmail.com    |
|  7 | sharmin   | bagde    | 1986-12-14 | sharmin.bagde@gmail.com  |
|  8 | vrushali  | bagde    | 1984-12-29 | vrushali.bagde@gmail.com |
|  9 | vasant    | khande   | 1992-10-26 | vasant.khande@gmail.com  |
| 10 | nitish    | patil    | 1990-10-26 | nitish.patil@gmail.com   |
| 11 | neel      | save     | 1975-10-30 | neel.save@gmail.com      |
| 12 | deep      | save     | 1986-11-30 | deep.save@gmail.com      |
| 13 | nrupali   | save     | 1981-12-01 | nrupali.save@gmail.com   |
| 14 | supriya   | karnik   | 1983-12-15 | supriya.karnik@gmail.com |
| 15 | bandish   | karnik   | 1987-12-30 | bandish.karnik@gmail.com |
| 16 | sangita   | karnik   | 1990-12-01 | sangita.karnik@gmail.com |
| 17 | sangita   | menon    | 1989-10-26 | sangita.menon@gmail.com  |
| 18 | rahul     | shah     | 1982-06-12 | rahul.shah@gmail.com     |
| 19 | bhavin    | patel    | 1983-11-13 | bhavin.patel@gmail.com   |
| 20 | kaushal   | patil    | 1982-07-30 | kaushal.patil@gmail.com  |
| 21 | pankaj    | gandhi   | 1982-07-30 | pankaj.gandhi@gmail.com  |
| 22 | rajan     | patel    | 1982-07-30 | rajan.patel@gmail.com    |
| 23 | bhavin    | patel    | 1982-07-30 | bhavin.patel@gmail.com   |
| 24 | mukesh    | bhavsar  | 1982-07-30 | mukesh.bhavsar@gmail.com |
| 25 | dilu      | khande   | 1982-07-30 | dilu.khande@gmail.com    |
| 26 | sonam     | khan     | 1972-05-13 | sonam.khan@gmail.com     |
| 27 | rohit     | patil    | 1976-12-31 | rohit.patil@gmail.com    |
| 28 | raj       | bubber   | 1982-02-28 | raj.bubber@gmail.com     |
+----+-----------+----------+------------+--------------------------+
28 rows in set (0.00 sec)

mysql> select namefirst,length(namefirst) from student;
+-----------+-------------------+
| namefirst | length(namefirst) |
+-----------+-------------------+
| saleel    |                 6 |
| omkar     |                 5 |
| ulka      |                 4 |
| rahul     |                 5 |
| ruhan     |                 5 |
| lala      |                 4 |
| sharmin   |                 7 |
| vrushali  |                 8 |
| vasant    |                 6 |
| nitish    |                 6 |
| neel      |                 4 |
| deep      |                 4 |
| nrupali   |                 7 |
| supriya   |                 7 |
| bandish   |                 7 |
| sangita   |                 7 |
| sangita   |                 7 |
| rahul     |                 5 |
| bhavin    |                 6 |
| kaushal   |                 7 |
| pankaj    |                 6 |
| rajan     |                 5 |
| bhavin    |                 6 |
| mukesh    |                 6 |
| dilu      |                 4 |
| sonam     |                 5 |
| rohit     |                 5 |
| raj       |                 3 |
+-----------+-------------------+
28 rows in set (0.00 sec)

mysql> select namefirst,length(namefirst) from student where length(namefirst)=4;
+-----------+-------------------+
| namefirst | length(namefirst) |
+-----------+-------------------+
| ulka      |                 4 |
| lala      |                 4 |
| neel      |                 4 |
| deep      |                 4 |
| dilu      |                 4 |
+-----------+-------------------+
5 rows in set (0.00 sec)

mysql> select lower(namefirst) as namefirst , lower(namelast) as namelast from student;
+-----------+----------+
| namefirst | namelast |
+-----------+----------+
| saleel    | bagde    |
| omkar     | rokde    |
| ulka      | joshi    |
| rahul     | patil    |
| ruhan     | bagde    |
| lala      | prasad   |
| sharmin   | bagde    |
| vrushali  | bagde    |
| vasant    | khande   |
| nitish    | patil    |
| neel      | save     |
| deep      | save     |
| nrupali   | save     |
| supriya   | karnik   |
| bandish   | karnik   |
| sangita   | karnik   |
| sangita   | menon    |
| rahul     | shah     |
| bhavin    | patel    |
| kaushal   | patil    |
| pankaj    | gandhi   |
| rajan     | patel    |
| bhavin    | patel    |
| mukesh    | bhavsar  |
| dilu      | khande   |
| sonam     | khan     |
| rohit     | patil    |
| raj       | bubber   |
+-----------+----------+
28 rows in set (0.00 sec)

mysql> select namefirst,namelast,emailid from student where length (emailid)=7;
Empty set (0.00 sec)

mysql> select namefirst,namelast,emailID from student where LENGTH(emailID)=7;
Empty set (0.00 sec)

mysql> SELECT namefirst, namelast, emailID
    -> FROM student
    -> WHERE LENGTH(emailID) = 7;
Empty set (0.00 sec)

mysql> SELECT namefirst, ASCII(RIGHT(LEFT(namefirst, 3), 1)) AS ascii_value FROM student;
+-----------+-------------+
| namefirst | ascii_value |
+-----------+-------------+
| saleel    |         108 |
| omkar     |         107 |
| ulka      |         107 |
| rahul     |         104 |
| ruhan     |         104 |
| lala      |         108 |
| sharmin   |          97 |
| vrushali  |         117 |
| vasant    |         115 |
| nitish    |         116 |
| neel      |         101 |
| deep      |         101 |
| nrupali   |         117 |
| supriya   |         112 |
| bandish   |         110 |
| sangita   |         110 |
| sangita   |         110 |
| rahul     |         104 |
| bhavin    |          97 |
| kaushal   |         117 |
| pankaj    |         110 |
| rajan     |         106 |
| bhavin    |          97 |
| mukesh    |         107 |
| dilu      |         108 |
| sonam     |         110 |
| rohit     |         104 |
| raj       |         106 |
+-----------+-------------+
28 rows in set (0.00 sec)

mysql> select * from student limit 5;
+----+-----------+----------+------------+------------------------+
| ID | namefirst | namelast | DOB        | emailID                |
+----+-----------+----------+------------+------------------------+
|  1 | saleel    | bagde    | 1984-06-12 | saleel.bagde@gmail.com |
|  2 | omkar     | rokde    | 1969-10-25 | omkar.rakde@gmail.com  |
|  3 | ulka      | joshi    | 1970-10-25 | ulka.joshi@gmail.com   |
|  4 | rahul     | patil    | 1982-10-31 | rahul.patil@gmail.com  |
|  5 | ruhan     | bagde    | 1984-01-12 | ruhan.bagde@gmail.com  |
+----+-----------+----------+------------+------------------------+
5 rows in set (0.00 sec)

mysql> SELECT CONCAT(namefirst, ' ', namelast) AS fullname
    -> FROM student;
+----------------+
| fullname       |
+----------------+
| saleel bagde   |
| omkar rokde    |
| ulka joshi     |
| rahul patil    |
| ruhan bagde    |
| lala prasad    |
| sharmin bagde  |
| vrushali bagde |
| vasant khande  |
| nitish patil   |
| neel save      |
| deep save      |
| nrupali save   |
| supriya karnik |
| bandish karnik |
| sangita karnik |
| sangita menon  |
| rahul shah     |
| bhavin patel   |
| kaushal patil  |
| pankaj gandhi  |
| rajan patel    |
| bhavin patel   |
| mukesh bhavsar |
| dilu khande    |
| sonam khan     |
| rohit patil    |
| raj bubber     |
+----------------+
28 rows in set (0.00 sec)

mysql> Select concat(namefirst, ' ', namelast)  fullname from student;
+----------------+
| fullname       |
+----------------+
| saleel bagde   |
| omkar rokde    |
| ulka joshi     |
| rahul patil    |
| ruhan bagde    |
| lala prasad    |
| sharmin bagde  |
| vrushali bagde |
| vasant khande  |
| nitish patil   |
| neel save      |
| deep save      |
| nrupali save   |
| supriya karnik |
| bandish karnik |
| sangita karnik |
| sangita menon  |
| rahul shah     |
| bhavin patel   |
| kaushal patil  |
| pankaj gandhi  |
| rajan patel    |
| bhavin patel   |
| mukesh bhavsar |
| dilu khande    |
| sonam khan     |
| rohit patil    |
| raj bubber     |
+----------------+
28 rows in set (0.00 sec)

mysql> Select reverse(namefirst)  reversed_firstname, reverse(namelast)  reversed_lastname from student;
+--------------------+-------------------+
| reversed_firstname | reversed_lastname |
+--------------------+-------------------+
| leelas             | edgab             |
| rakmo              | edkor             |
| aklu               | ihsoj             |
| luhar              | litap             |
| nahur              | edgab             |
| alal               | dasarp            |
| nimrahs            | edgab             |
| ilahsurv           | edgab             |
| tnasav             | ednahk            |
| hsitin             | litap             |
| leen               | evas              |
| peed               | evas              |
| ilapurn            | evas              |
| ayirpus            | kinrak            |
| hsidnab            | kinrak            |
| atignas            | kinrak            |
| atignas            | nonem             |
| luhar              | hahs              |
| nivahb             | letap             |
| lahsuak            | litap             |
| jaknap             | ihdnag            |
| najar              | letap             |
| nivahb             | letap             |
| hsekum             | rasvahb           |
| ulid               | ednahk            |
| manos              | nahk              |
| tihor              | litap             |
| jar                | rebbub            |
+--------------------+-------------------+
28 rows in set (0.00 sec)

mysql> select namefirst,Left(namefirst,4) first_4_letters from student;
+-----------+-----------------+
| namefirst | first_4_letters |
+-----------+-----------------+
| saleel    | sale            |
| omkar     | omka            |
| ulka      | ulka            |
| rahul     | rahu            |
| ruhan     | ruha            |
| lala      | lala            |
| sharmin   | shar            |
| vrushali  | vrus            |
| vasant    | vasa            |
| nitish    | niti            |
| neel      | neel            |
| deep      | deep            |
| nrupali   | nrup            |
| supriya   | supr            |
| bandish   | band            |
| sangita   | sang            |
| sangita   | sang            |
| rahul     | rahu            |
| bhavin    | bhav            |
| kaushal   | kaus            |
| pankaj    | pank            |
| rajan     | raja            |
| bhavin    | bhav            |
| mukesh    | muke            |
| dilu      | dilu            |
| sonam     | sona            |
| rohit     | rohi            |
| raj       | raj             |
+-----------+-----------------+
28 rows in set (0.00 sec)

mysql> select namefirst,Left(namefirst,5) first_5_letters from student;
+-----------+-----------------+
| namefirst | first_5_letters |
+-----------+-----------------+
| saleel    | salee           |
| omkar     | omkar           |
| ulka      | ulka            |
| rahul     | rahul           |
| ruhan     | ruhan           |
| lala      | lala            |
| sharmin   | sharm           |
| vrushali  | vrush           |
| vasant    | vasan           |
| nitish    | nitis           |
| neel      | neel            |
| deep      | deep            |
| nrupali   | nrupa           |
| supriya   | supri           |
| bandish   | bandi           |
| sangita   | sangi           |
| sangita   | sangi           |
| rahul     | rahul           |
| bhavin    | bhavi           |
| kaushal   | kaush           |
| pankaj    | panka           |
| rajan     | rajan           |
| bhavin    | bhavi           |
| mukesh    | mukes           |
| dilu      | dilu            |
| sonam     | sonam           |
| rohit     | rohit           |
| raj       | raj             |
+-----------+-----------------+
28 rows in set (0.00 sec)

mysql> select concat isnull(namefirst, ' '), ' ', isnull(namelast, ' '), ' and emailid is ', isnull(emailid, ' ') ) as student_info from student;
ERROR 1064 (42000): You have an error in your SQL syntax; check the manual that corresponds to your MySQL server version for the right syntax to use near '(namefirst, ' '), ' ', isnull(namelast, ' '), ' and emailid is ', isnull(emailid' at line 1
mysql> select concat is null(namefirst, ' '), ' ', is null(namelast, ' '), ' and emailid is ', isnull(emailid, ' ') ) as student_info from student;
ERROR 1064 (42000): You have an error in your SQL syntax; check the manual that corresponds to your MySQL server version for the right syntax to use near '(namefirst, ' '), ' ', is null(namelast, ' '), ' and emailid is ', isnull(emaili' at line 1
mysql> SELECT CONCAT(LEFT(phone_number, 5), '*****') phone_number FROM students;
ERROR 1146 (42S02): Table 'dac103.students' doesn't exist
mysql> SELECT CONCAT(LEFT(phone_number, 5), '*****') phone_number FROM student;
ERROR 1054 (42S22): Unknown column 'phone_number' in 'field list'
mysql> show tables;
+------------------------+
| Tables_in_dac103       |
+------------------------+
| a                      |
| agent                  |
| andor                  |
| b                      |
| batch_students         |
| blanktablea            |
| blanktableb            |
| blog                   |
| bonus                  |
| books                  |
| candidate              |
| client                 |
| coalesce               |
| comments               |
| company                |
| course                 |
| course_batches         |
| course_modules         |
| customer               |
| customers              |
| demodept1              |
| demodept2              |
| dept                   |
| dept1                  |
| docs                   |
| doctor                 |
| doctorvisits           |
| dummy                  |
| duplicate              |
| emp                    |
| emp1                   |
| emp2                   |
| emp_attendance         |
| emp_cards              |
| emp_phone              |
| empj                   |
| envelope               |
| faculty                |
| faculty_address        |
| faculty_phone          |
| faculty_qualifications |
| food                   |
| fullname               |
| hobby                  |
| item                   |
| job_list               |
| key_parts              |
| labtestlist            |
| leadtable              |
| licence                |
| location               |
| mass_table             |
| medicinelist           |
| menucard               |
| modules                |
| nearest                |
| new                    |
| newbooks               |
| nullif                 |
| numbers                |
| numberstring           |
| ord                    |
| orderdetails           |
| orders                 |
| overtime               |
| patient                |
| phonecall              |
| pivot_table            |
| plumber                |
| plumber_service_map    |
| points                 |
| price                  |
| product                |
| product_sales          |
| products               |
| quarterly_revenue      |
| r                      |
| r1                     |
| r2                     |
| races                  |
| regexpr                |
| replacedept            |
| revenue                |
| rockets                |
| runners                |
| runningserver          |
| sales                  |
| sales_channel          |
| salespeople            |
| salesperson            |
| salgrade               |
| server                 |
| service                |
| seta                   |
| setb                   |
| shop                   |
| softdrink              |
| sort                   |
| sourcenames            |
| stadium                |
| states                 |
| station                |
| status                 |
| stringnumber           |
| student                |
| student_address        |
| student_cards          |
| student_order          |
| student_phone          |
| student_qualifications |
| tablea                 |
| tableaa                |
| tableb                 |
| tablebb                |
| targetnames            |
| tasks                  |
| temp1                  |
| traintimetable         |
| transactions           |
| vote_response          |
| votes                  |
| warehouse              |
| yearly_revenue         |
| z                      |
+------------------------+
124 rows in set (0.01 sec)

mysql> SELECT CONCAT(LEFT( student_phone, 5), '*****')  student_phone FROM student;
ERROR 1054 (42S22): Unknown column 'student_phone' in 'field list'
mysql> desc student_phone;
+-----------+-------------+------+-----+---------+-------+
| Field     | Type        | Null | Key | Default | Extra |
+-----------+-------------+------+-----+---------+-------+
| ID        | int         | NO   | PRI | NULL    |       |
| studentID | int         | YES  | MUL | NULL    |       |
| number    | varchar(45) | YES  |     | NULL    |       |
| isActive  | tinyint(1)  | YES  |     | NULL    |       |
+-----------+-------------+------+-----+---------+-------+
4 rows in set (0.01 sec)

mysql> SELECT CONCAT(LEFT(student_phone, 5), '*****')student_phone FROM student;
ERROR 1054 (42S22): Unknown column 'student_phone' in 'field list'
mysql> SELECT CONCAT(LEFT( number, 5), '*****')number FROM student_phone;
+------------+
| number     |
+------------+
| 70323***** |
| 70323***** |
| 70323***** |
| 70323***** |
| 70323***** |
| 70323***** |
| 70323***** |
| 70323***** |
| 70323***** |
| 70323***** |
| 70323***** |
| 70323***** |
| 70323***** |
| 70323***** |
| 70323***** |
| 70323***** |
| 70323***** |
| 70323***** |
| 70323***** |
| 70323***** |
| 71323***** |
| 71323***** |
| 71323***** |
| 71323***** |
| 70323***** |
| 71323***** |
| 71323***** |
| 71323***** |
| 71323***** |
| 71323***** |
| 71323***** |
| 71323***** |
| 71323***** |
| 71323***** |
| 71323***** |
| 71345***** |
| 71565***** |
| 71565***** |
| 71565***** |
| 71565***** |
| 71465***** |
+------------+
41 rows in set (0.00 sec)

mysql> select * from students where month(birthdate) = 10;
ERROR 1146 (42S02): Table 'dac103.students' doesn't exist
mysql> select * from student where month(birthdate) = 10;
ERROR 1054 (42S22): Unknown column 'birthdate' in 'where clause'
mysql> select * from student where month(DOB) = 10;
+----+-----------+----------+------------+-------------------------+
| ID | namefirst | namelast | DOB        | emailID                 |
+----+-----------+----------+------------+-------------------------+
|  2 | omkar     | rokde    | 1969-10-25 | omkar.rakde@gmail.com   |
|  3 | ulka      | joshi    | 1970-10-25 | ulka.joshi@gmail.com    |
|  4 | rahul     | patil    | 1982-10-31 | rahul.patil@gmail.com   |
|  9 | vasant    | khande   | 1992-10-26 | vasant.khande@gmail.com |
| 10 | nitish    | patil    | 1990-10-26 | nitish.patil@gmail.com  |
| 11 | neel      | save     | 1975-10-30 | neel.save@gmail.com     |
| 17 | sangita   | menon    | 1989-10-26 | sangita.menon@gmail.com |
+----+-----------+----------+------------+-------------------------+
7 rows in set (0.00 sec)

mysql> select * from student where month(DOB) = 1 or month(DOB)=12;
+----+-----------+----------+------------+--------------------------+
| ID | namefirst | namelast | DOB        | emailID                  |
+----+-----------+----------+------------+--------------------------+
|  5 | ruhan     | bagde    | 1984-01-12 | ruhan.bagde@gmail.com    |
|  6 | lala      | prasad   | 1980-12-01 | lala.prasad@gmail.com    |
|  7 | sharmin   | bagde    | 1986-12-14 | sharmin.bagde@gmail.com  |
|  8 | vrushali  | bagde    | 1984-12-29 | vrushali.bagde@gmail.com |
| 13 | nrupali   | save     | 1981-12-01 | nrupali.save@gmail.com   |
| 14 | supriya   | karnik   | 1983-12-15 | supriya.karnik@gmail.com |
| 15 | bandish   | karnik   | 1987-12-30 | bandish.karnik@gmail.com |
| 16 | sangita   | karnik   | 1990-12-01 | sangita.karnik@gmail.com |
| 27 | rohit     | patil    | 1976-12-31 | rohit.patil@gmail.com    |
+----+-----------+----------+------------+--------------------------+
9 rows in set (0.00 sec)

mysql> select * from student where day(sunday);
ERROR 1054 (42S22): Unknown column 'sunday' in 'where clause'
mysql> show tables;
+------------------------+
| Tables_in_dac103       |
+------------------------+
| a                      |
| agent                  |
| andor                  |
| b                      |
| batch_students         |
| blanktablea            |
| blanktableb            |
| blog                   |
| bonus                  |
| books                  |
| candidate              |
| client                 |
| coalesce               |
| comments               |
| company                |
| course                 |
| course_batches         |
| course_modules         |
| customer               |
| customers              |
| demodept1              |
| demodept2              |
| dept                   |
| dept1                  |
| docs                   |
| doctor                 |
| doctorvisits           |
| dummy                  |
| duplicate              |
| emp                    |
| emp1                   |
| emp2                   |
| emp_attendance         |
| emp_cards              |
| emp_phone              |
| empj                   |
| envelope               |
| faculty                |
| faculty_address        |
| faculty_phone          |
| faculty_qualifications |
| food                   |
| fullname               |
| hobby                  |
| item                   |
| job_list               |
| key_parts              |
| labtestlist            |
| leadtable              |
| licence                |
| location               |
| mass_table             |
| medicinelist           |
| menucard               |
| modules                |
| nearest                |
| new                    |
| newbooks               |
| nullif                 |
| numbers                |
| numberstring           |
| ord                    |
| orderdetails           |
| orders                 |
| overtime               |
| patient                |
| phonecall              |
| pivot_table            |
| plumber                |
| plumber_service_map    |
| points                 |
| price                  |
| product                |
| product_sales          |
| products               |
| quarterly_revenue      |
| r                      |
| r1                     |
| r2                     |
| races                  |
| regexpr                |
| replacedept            |
| revenue                |
| rockets                |
| runners                |
| runningserver          |
| sales                  |
| sales_channel          |
| salespeople            |
| salesperson            |
| salgrade               |
| server                 |
| service                |
| seta                   |
| setb                   |
| shop                   |
| softdrink              |
| sort                   |
| sourcenames            |
| stadium                |
| states                 |
| station                |
| status                 |
| stringnumber           |
| student                |
| student_address        |
| student_cards          |
| student_order          |
| student_phone          |
| student_qualifications |
| tablea                 |
| tableaa                |
| tableb                 |
| tablebb                |
| targetnames            |
| tasks                  |
| temp1                  |
| traintimetable         |
| transactions           |
| vote_response          |
| votes                  |
| warehouse              |
| yearly_revenue         |
| z                      |
+------------------------+
124 rows in set (0.01 sec)

mysql> desc faculty;
+-----------+--------------+------+-----+---------+-------+
| Field     | Type         | Null | Key | Default | Extra |
+-----------+--------------+------+-----+---------+-------+
| ID        | int          | NO   | PRI | NULL    |       |
| namefirst | varchar(45)  | YES  |     | NULL    |       |
| namelast  | varchar(45)  | YES  |     | NULL    |       |
| DOB       | date         | YES  |     | NULL    |       |
| emailID   | varchar(128) | YES  |     | NULL    |       |
+-----------+--------------+------+-----+---------+-------+
5 rows in set (0.02 sec)

mysql> select * from student where date(sunday);
ERROR 1054 (42S22): Unknown column 'sunday' in 'where clause'
mysql> select * from student where dayname(DOB)='Sunday';
+----+-----------+----------+------------+-------------------------+
| ID | namefirst | namelast | DOB        | emailID                 |
+----+-----------+----------+------------+-------------------------+
|  3 | ulka      | joshi    | 1970-10-25 | ulka.joshi@gmail.com    |
|  4 | rahul     | patil    | 1982-10-31 | rahul.patil@gmail.com   |
|  7 | sharmin   | bagde    | 1986-12-14 | sharmin.bagde@gmail.com |
| 12 | deep      | save     | 1986-11-30 | deep.save@gmail.com     |
| 19 | bhavin    | patel    | 1983-11-13 | bhavin.patel@gmail.com  |
| 28 | raj       | bubber   | 1982-02-28 | raj.bubber@gmail.com    |
+----+-----------+----------+------------+-------------------------+
6 rows in set (0.00 sec)

mysql> select * from student where DOB(12-7-1984);
ERROR 1305 (42000): FUNCTION dac103.DOB does not exist
mysql> SELECT DATE_FORMAT(DOB, ‘DD-MM-YYYY’) AS formatted DOB FROM students;
ERROR 1064 (42000): You have an error in your SQL syntax; check the manual that corresponds to your MySQL server version for the right syntax to use near '?DD-MM-YYYY?) AS formatted DOB FROM students' at line 1
mysql> SELECT DATE_FORMAT(DOB, '%D of %M %Y') AS formatted DOB FROM students;
ERROR 1064 (42000): You have an error in your SQL syntax; check the manual that corresponds to your MySQL server version for the right syntax to use near 'DOB FROM students' at line 1
mysql> select * from course batches;
+----+---------+----------+------------------------------------+
| ID | name    | duration | summery                            |
+----+---------+----------+------------------------------------+
|  1 | PG-DAC  |        6 | This course is designed by CDAC    |
|  2 | DBDA    |        6 | This course is designed by CDAC    |
|  3 | Pre-DAC |        2 | This course is designed by CDAC    |
|  4 | JAVA    |        3 | This course is designed by IET     |
|  5 | .NET    |        3 | This course is designed by Infoway |
|  6 | DMC     |        6 | This course is designed by CDAC    |
|  7 | DSSD    |        6 | This course is designed by CDAC    |
+----+---------+----------+------------------------------------+
7 rows in set (0.03 sec)

mysql> desc course_batches;
+----------+-------------+------+-----+---------+-------+
| Field    | Type        | Null | Key | Default | Extra |
+----------+-------------+------+-----+---------+-------+
| ID       | int         | NO   | PRI | NULL    |       |
| name     | varchar(45) | YES  |     | NULL    |       |
| courseID | int         | YES  | MUL | NULL    |       |
| starton  | date        | YES  |     | NULL    |       |
| endson   | date        | YES  |     | NULL    |       |
| capacity | int         | YES  |     | NULL    |       |
+----------+-------------+------+-----+---------+-------+
6 rows in set (0.00 sec)
===================================================================================================================================================================


Microsoft Windows [Version 10.0.19045.4894]
(c) Microsoft Corporation. All rights reserved.

C:\Users\IET>mysql --host 192.168.10.150 --port 3306 --user=dac103 --password=welcome
mysql: [Warning] Using a password on the command line interface can be insecure.
Welcome to the MySQL monitor.  Commands end with ; or \g.
Your MySQL connection id is 239
Server version: 8.1.0 MySQL Community Server - GPL

Copyright (c) 2000, 2023, Oracle and/or its affiliates.

Oracle is a registered trademark of Oracle Corporation and/or its
affiliates. Other names may be trademarks of their respective
owners.

Type 'help;' or '\h' for help. Type '\c' to clear the current input statement.

mysql> desc student;
ERROR 1046 (3D000): No database selected
mysql> use dac103;
Database changed
mysql> desc student;
+-----------+--------------+------+-----+---------+-------+
| Field     | Type         | Null | Key | Default | Extra |
+-----------+--------------+------+-----+---------+-------+
| ID        | int          | NO   | PRI | NULL    |       |
| namefirst | varchar(45)  | YES  |     | NULL    |       |
| namelast  | varchar(45)  | YES  |     | NULL    |       |
| DOB       | date         | YES  |     | NULL    |       |
| emailID   | varchar(128) | YES  |     | NULL    |       |
+-----------+--------------+------+-----+---------+-------+
5 rows in set (0.02 sec)

mysql> select * from student;
+----+-----------+----------+------------+--------------------------+
| ID | namefirst | namelast | DOB        | emailID                  |
+----+-----------+----------+------------+--------------------------+
|  1 | saleel    | bagde    | 1984-06-12 | saleel.bagde@gmail.com   |
|  2 | omkar     | rokde    | 1969-10-25 | omkar.rakde@gmail.com    |
|  3 | ulka      | joshi    | 1970-10-25 | ulka.joshi@gmail.com     |
|  4 | rahul     | patil    | 1982-10-31 | rahul.patil@gmail.com    |
|  5 | ruhan     | bagde    | 1984-01-12 | ruhan.bagde@gmail.com    |
|  6 | lala      | prasad   | 1980-12-01 | lala.prasad@gmail.com    |
|  7 | sharmin   | bagde    | 1986-12-14 | sharmin.bagde@gmail.com  |
|  8 | vrushali  | bagde    | 1984-12-29 | vrushali.bagde@gmail.com |
|  9 | vasant    | khande   | 1992-10-26 | vasant.khande@gmail.com  |
| 10 | nitish    | patil    | 1990-10-26 | nitish.patil@gmail.com   |
| 11 | neel      | save     | 1975-10-30 | neel.save@gmail.com      |
| 12 | deep      | save     | 1986-11-30 | deep.save@gmail.com      |
| 13 | nrupali   | save     | 1981-12-01 | nrupali.save@gmail.com   |
| 14 | supriya   | karnik   | 1983-12-15 | supriya.karnik@gmail.com |
| 15 | bandish   | karnik   | 1987-12-30 | bandish.karnik@gmail.com |
| 16 | sangita   | karnik   | 1990-12-01 | sangita.karnik@gmail.com |
| 17 | sangita   | menon    | 1989-10-26 | sangita.menon@gmail.com  |
| 18 | rahul     | shah     | 1982-06-12 | rahul.shah@gmail.com     |
| 19 | bhavin    | patel    | 1983-11-13 | bhavin.patel@gmail.com   |
| 20 | kaushal   | patil    | 1982-07-30 | kaushal.patil@gmail.com  |
| 21 | pankaj    | gandhi   | 1982-07-30 | pankaj.gandhi@gmail.com  |
| 22 | rajan     | patel    | 1982-07-30 | rajan.patel@gmail.com    |
| 23 | bhavin    | patel    | 1982-07-30 | bhavin.patel@gmail.com   |
| 24 | mukesh    | bhavsar  | 1982-07-30 | mukesh.bhavsar@gmail.com |
| 25 | dilu      | khande   | 1982-07-30 | dilu.khande@gmail.com    |
| 26 | sonam     | khan     | 1972-05-13 | sonam.khan@gmail.com     |
| 27 | rohit     | patil    | 1976-12-31 | rohit.patil@gmail.com    |
| 28 | raj       | bubber   | 1982-02-28 | raj.bubber@gmail.com     |
+----+-----------+----------+------------+--------------------------+
28 rows in set (0.00 sec)

mysql> select namefirst,length(namefirst) from student;
+-----------+-------------------+
| namefirst | length(namefirst) |
+-----------+-------------------+
| saleel    |                 6 |
| omkar     |                 5 |
| ulka      |                 4 |
| rahul     |                 5 |
| ruhan     |                 5 |
| lala      |                 4 |
| sharmin   |                 7 |
| vrushali  |                 8 |
| vasant    |                 6 |
| nitish    |                 6 |
| neel      |                 4 |
| deep      |                 4 |
| nrupali   |                 7 |
| supriya   |                 7 |
| bandish   |                 7 |
| sangita   |                 7 |
| sangita   |                 7 |
| rahul     |                 5 |
| bhavin    |                 6 |
| kaushal   |                 7 |
| pankaj    |                 6 |
| rajan     |                 5 |
| bhavin    |                 6 |
| mukesh    |                 6 |
| dilu      |                 4 |
| sonam     |                 5 |
| rohit     |                 5 |
| raj       |                 3 |
+-----------+-------------------+
28 rows in set (0.00 sec)

mysql> select namefirst,length(namefirst) from student where length(namefirst)=4;
+-----------+-------------------+
| namefirst | length(namefirst) |
+-----------+-------------------+
| ulka      |                 4 |
| lala      |                 4 |
| neel      |                 4 |
| deep      |                 4 |
| dilu      |                 4 |
+-----------+-------------------+
5 rows in set (0.00 sec)

mysql> select lower(namefirst) as namefirst , lower(namelast) as namelast from student;
+-----------+----------+
| namefirst | namelast |
+-----------+----------+
| saleel    | bagde    |
| omkar     | rokde    |
| ulka      | joshi    |
| rahul     | patil    |
| ruhan     | bagde    |
| lala      | prasad   |
| sharmin   | bagde    |
| vrushali  | bagde    |
| vasant    | khande   |
| nitish    | patil    |
| neel      | save     |
| deep      | save     |
| nrupali   | save     |
| supriya   | karnik   |
| bandish   | karnik   |
| sangita   | karnik   |
| sangita   | menon    |
| rahul     | shah     |
| bhavin    | patel    |
| kaushal   | patil    |
| pankaj    | gandhi   |
| rajan     | patel    |
| bhavin    | patel    |
| mukesh    | bhavsar  |
| dilu      | khande   |
| sonam     | khan     |
| rohit     | patil    |
| raj       | bubber   |
+-----------+----------+
28 rows in set (0.00 sec)

mysql> select namefirst,namelast,emailid from student where length (emailid)=7;
Empty set (0.00 sec)

mysql> select namefirst,namelast,emailID from student where LENGTH(emailID)=7;
Empty set (0.00 sec)

mysql> SELECT namefirst, namelast, emailID
    -> FROM student
    -> WHERE LENGTH(emailID) = 7;
Empty set (0.00 sec)

mysql> SELECT namefirst, ASCII(RIGHT(LEFT(namefirst, 3), 1)) AS ascii_value FROM student;
+-----------+-------------+
| namefirst | ascii_value |
+-----------+-------------+
| saleel    |         108 |
| omkar     |         107 |
| ulka      |         107 |
| rahul     |         104 |
| ruhan     |         104 |
| lala      |         108 |
| sharmin   |          97 |
| vrushali  |         117 |
| vasant    |         115 |
| nitish    |         116 |
| neel      |         101 |
| deep      |         101 |
| nrupali   |         117 |
| supriya   |         112 |
| bandish   |         110 |
| sangita   |         110 |
| sangita   |         110 |
| rahul     |         104 |
| bhavin    |          97 |
| kaushal   |         117 |
| pankaj    |         110 |
| rajan     |         106 |
| bhavin    |          97 |
| mukesh    |         107 |
| dilu      |         108 |
| sonam     |         110 |
| rohit     |         104 |
| raj       |         106 |
+-----------+-------------+
28 rows in set (0.00 sec)

mysql> select * from student limit 5;
+----+-----------+----------+------------+------------------------+
| ID | namefirst | namelast | DOB        | emailID                |
+----+-----------+----------+------------+------------------------+
|  1 | saleel    | bagde    | 1984-06-12 | saleel.bagde@gmail.com |
|  2 | omkar     | rokde    | 1969-10-25 | omkar.rakde@gmail.com  |
|  3 | ulka      | joshi    | 1970-10-25 | ulka.joshi@gmail.com   |
|  4 | rahul     | patil    | 1982-10-31 | rahul.patil@gmail.com  |
|  5 | ruhan     | bagde    | 1984-01-12 | ruhan.bagde@gmail.com  |
+----+-----------+----------+------------+------------------------+
5 rows in set (0.00 sec)

mysql> SELECT CONCAT(namefirst, ' ', namelast) AS fullname
    -> FROM student;
+----------------+
| fullname       |
+----------------+
| saleel bagde   |
| omkar rokde    |
| ulka joshi     |
| rahul patil    |
| ruhan bagde    |
| lala prasad    |
| sharmin bagde  |
| vrushali bagde |
| vasant khande  |
| nitish patil   |
| neel save      |
| deep save      |
| nrupali save   |
| supriya karnik |
| bandish karnik |
| sangita karnik |
| sangita menon  |
| rahul shah     |
| bhavin patel   |
| kaushal patil  |
| pankaj gandhi  |
| rajan patel    |
| bhavin patel   |
| mukesh bhavsar |
| dilu khande    |
| sonam khan     |
| rohit patil    |
| raj bubber     |
+----------------+
28 rows in set (0.00 sec)

mysql> Select concat(namefirst, ' ', namelast)  fullname from student;
+----------------+
| fullname       |
+----------------+
| saleel bagde   |
| omkar rokde    |
| ulka joshi     |
| rahul patil    |
| ruhan bagde    |
| lala prasad    |
| sharmin bagde  |
| vrushali bagde |
| vasant khande  |
| nitish patil   |
| neel save      |
| deep save      |
| nrupali save   |
| supriya karnik |
| bandish karnik |
| sangita karnik |
| sangita menon  |
| rahul shah     |
| bhavin patel   |
| kaushal patil  |
| pankaj gandhi  |
| rajan patel    |
| bhavin patel   |
| mukesh bhavsar |
| dilu khande    |
| sonam khan     |
| rohit patil    |
| raj bubber     |
+----------------+
28 rows in set (0.00 sec)

mysql> Select reverse(namefirst)  reversed_firstname, reverse(namelast)  reversed_lastname from student;
+--------------------+-------------------+
| reversed_firstname | reversed_lastname |
+--------------------+-------------------+
| leelas             | edgab             |
| rakmo              | edkor             |
| aklu               | ihsoj             |
| luhar              | litap             |
| nahur              | edgab             |
| alal               | dasarp            |
| nimrahs            | edgab             |
| ilahsurv           | edgab             |
| tnasav             | ednahk            |
| hsitin             | litap             |
| leen               | evas              |
| peed               | evas              |
| ilapurn            | evas              |
| ayirpus            | kinrak            |
| hsidnab            | kinrak            |
| atignas            | kinrak            |
| atignas            | nonem             |
| luhar              | hahs              |
| nivahb             | letap             |
| lahsuak            | litap             |
| jaknap             | ihdnag            |
| najar              | letap             |
| nivahb             | letap             |
| hsekum             | rasvahb           |
| ulid               | ednahk            |
| manos              | nahk              |
| tihor              | litap             |
| jar                | rebbub            |
+--------------------+-------------------+
28 rows in set (0.00 sec)

mysql> select namefirst,Left(namefirst,4) first_4_letters from student;
+-----------+-----------------+
| namefirst | first_4_letters |
+-----------+-----------------+
| saleel    | sale            |
| omkar     | omka            |
| ulka      | ulka            |
| rahul     | rahu            |
| ruhan     | ruha            |
| lala      | lala            |
| sharmin   | shar            |
| vrushali  | vrus            |
| vasant    | vasa            |
| nitish    | niti            |
| neel      | neel            |
| deep      | deep            |
| nrupali   | nrup            |
| supriya   | supr            |
| bandish   | band            |
| sangita   | sang            |
| sangita   | sang            |
| rahul     | rahu            |
| bhavin    | bhav            |
| kaushal   | kaus            |
| pankaj    | pank            |
| rajan     | raja            |
| bhavin    | bhav            |
| mukesh    | muke            |
| dilu      | dilu            |
| sonam     | sona            |
| rohit     | rohi            |
| raj       | raj             |
+-----------+-----------------+
28 rows in set (0.00 sec)

mysql> select namefirst,Left(namefirst,5) first_5_letters from student;
+-----------+-----------------+
| namefirst | first_5_letters |
+-----------+-----------------+
| saleel    | salee           |
| omkar     | omkar           |
| ulka      | ulka            |
| rahul     | rahul           |
| ruhan     | ruhan           |
| lala      | lala            |
| sharmin   | sharm           |
| vrushali  | vrush           |
| vasant    | vasan           |
| nitish    | nitis           |
| neel      | neel            |
| deep      | deep            |
| nrupali   | nrupa           |
| supriya   | supri           |
| bandish   | bandi           |
| sangita   | sangi           |
| sangita   | sangi           |
| rahul     | rahul           |
| bhavin    | bhavi           |
| kaushal   | kaush           |
| pankaj    | panka           |
| rajan     | rajan           |
| bhavin    | bhavi           |
| mukesh    | mukes           |
| dilu      | dilu            |
| sonam     | sonam           |
| rohit     | rohit           |
| raj       | raj             |
+-----------+-----------------+
28 rows in set (0.00 sec)

mysql> select concat isnull(namefirst, ' '), ' ', isnull(namelast, ' '), ' and emailid is ', isnull(emailid, ' ') ) as student_info from student;
ERROR 1064 (42000): You have an error in your SQL syntax; check the manual that corresponds to your MySQL server version for the right syntax to use near '(namefirst, ' '), ' ', isnull(namelast, ' '), ' and emailid is ', isnull(emailid' at line 1
mysql> select concat is null(namefirst, ' '), ' ', is null(namelast, ' '), ' and emailid is ', isnull(emailid, ' ') ) as student_info from student;
ERROR 1064 (42000): You have an error in your SQL syntax; check the manual that corresponds to your MySQL server version for the right syntax to use near '(namefirst, ' '), ' ', is null(namelast, ' '), ' and emailid is ', isnull(emaili' at line 1
mysql> SELECT CONCAT(LEFT(phone_number, 5), '*****') phone_number FROM students;
ERROR 1146 (42S02): Table 'dac103.students' doesn't exist
mysql> SELECT CONCAT(LEFT(phone_number, 5), '*****') phone_number FROM student;
ERROR 1054 (42S22): Unknown column 'phone_number' in 'field list'
mysql> show tables;
+------------------------+
| Tables_in_dac103       |
+------------------------+
| a                      |
| agent                  |
| andor                  |
| b                      |
| batch_students         |
| blanktablea            |
| blanktableb            |
| blog                   |
| bonus                  |
| books                  |
| candidate              |
| client                 |
| coalesce               |
| comments               |
| company                |
| course                 |
| course_batches         |
| course_modules         |
| customer               |
| customers              |
| demodept1              |
| demodept2              |
| dept                   |
| dept1                  |
| docs                   |
| doctor                 |
| doctorvisits           |
| dummy                  |
| duplicate              |
| emp                    |
| emp1                   |
| emp2                   |
| emp_attendance         |
| emp_cards              |
| emp_phone              |
| empj                   |
| envelope               |
| faculty                |
| faculty_address        |
| faculty_phone          |
| faculty_qualifications |
| food                   |
| fullname               |
| hobby                  |
| item                   |
| job_list               |
| key_parts              |
| labtestlist            |
| leadtable              |
| licence                |
| location               |
| mass_table             |
| medicinelist           |
| menucard               |
| modules                |
| nearest                |
| new                    |
| newbooks               |
| nullif                 |
| numbers                |
| numberstring           |
| ord                    |
| orderdetails           |
| orders                 |
| overtime               |
| patient                |
| phonecall              |
| pivot_table            |
| plumber                |
| plumber_service_map    |
| points                 |
| price                  |
| product                |
| product_sales          |
| products               |
| quarterly_revenue      |
| r                      |
| r1                     |
| r2                     |
| races                  |
| regexpr                |
| replacedept            |
| revenue                |
| rockets                |
| runners                |
| runningserver          |
| sales                  |
| sales_channel          |
| salespeople            |
| salesperson            |
| salgrade               |
| server                 |
| service                |
| seta                   |
| setb                   |
| shop                   |
| softdrink              |
| sort                   |
| sourcenames            |
| stadium                |
| states                 |
| station                |
| status                 |
| stringnumber           |
| student                |
| student_address        |
| student_cards          |
| student_order          |
| student_phone          |
| student_qualifications |
| tablea                 |
| tableaa                |
| tableb                 |
| tablebb                |
| targetnames            |
| tasks                  |
| temp1                  |
| traintimetable         |
| transactions           |
| vote_response          |
| votes                  |
| warehouse              |
| yearly_revenue         |
| z                      |
+------------------------+
124 rows in set (0.01 sec)

mysql> SELECT CONCAT(LEFT( student_phone, 5), '*****')  student_phone FROM student;
ERROR 1054 (42S22): Unknown column 'student_phone' in 'field list'
mysql> desc student_phone;
+-----------+-------------+------+-----+---------+-------+
| Field     | Type        | Null | Key | Default | Extra |
+-----------+-------------+------+-----+---------+-------+
| ID        | int         | NO   | PRI | NULL    |       |
| studentID | int         | YES  | MUL | NULL    |       |
| number    | varchar(45) | YES  |     | NULL    |       |
| isActive  | tinyint(1)  | YES  |     | NULL    |       |
+-----------+-------------+------+-----+---------+-------+
4 rows in set (0.01 sec)

mysql> SELECT CONCAT(LEFT(student_phone, 5), '*****')student_phone FROM student;
ERROR 1054 (42S22): Unknown column 'student_phone' in 'field list'
mysql> SELECT CONCAT(LEFT( number, 5), '*****')number FROM student_phone;
+------------+
| number     |
+------------+
| 70323***** |
| 70323***** |
| 70323***** |
| 70323***** |
| 70323***** |
| 70323***** |
| 70323***** |
| 70323***** |
| 70323***** |
| 70323***** |
| 70323***** |
| 70323***** |
| 70323***** |
| 70323***** |
| 70323***** |
| 70323***** |
| 70323***** |
| 70323***** |
| 70323***** |
| 70323***** |
| 71323***** |
| 71323***** |
| 71323***** |
| 71323***** |
| 70323***** |
| 71323***** |
| 71323***** |
| 71323***** |
| 71323***** |
| 71323***** |
| 71323***** |
| 71323***** |
| 71323***** |
| 71323***** |
| 71323***** |
| 71345***** |
| 71565***** |
| 71565***** |
| 71565***** |
| 71565***** |
| 71465***** |
+------------+
41 rows in set (0.00 sec)

mysql> select * from students where month(birthdate) = 10;
ERROR 1146 (42S02): Table 'dac103.students' doesn't exist
mysql> select * from student where month(birthdate) = 10;
ERROR 1054 (42S22): Unknown column 'birthdate' in 'where clause'
mysql> select * from student where month(DOB) = 10;
+----+-----------+----------+------------+-------------------------+
| ID | namefirst | namelast | DOB        | emailID                 |
+----+-----------+----------+------------+-------------------------+
|  2 | omkar     | rokde    | 1969-10-25 | omkar.rakde@gmail.com   |
|  3 | ulka      | joshi    | 1970-10-25 | ulka.joshi@gmail.com    |
|  4 | rahul     | patil    | 1982-10-31 | rahul.patil@gmail.com   |
|  9 | vasant    | khande   | 1992-10-26 | vasant.khande@gmail.com |
| 10 | nitish    | patil    | 1990-10-26 | nitish.patil@gmail.com  |
| 11 | neel      | save     | 1975-10-30 | neel.save@gmail.com     |
| 17 | sangita   | menon    | 1989-10-26 | sangita.menon@gmail.com |
+----+-----------+----------+------------+-------------------------+
7 rows in set (0.00 sec)

mysql> select * from student where month(DOB) = 1 or month(DOB)=12;
+----+-----------+----------+------------+--------------------------+
| ID | namefirst | namelast | DOB        | emailID                  |
+----+-----------+----------+------------+--------------------------+
|  5 | ruhan     | bagde    | 1984-01-12 | ruhan.bagde@gmail.com    |
|  6 | lala      | prasad   | 1980-12-01 | lala.prasad@gmail.com    |
|  7 | sharmin   | bagde    | 1986-12-14 | sharmin.bagde@gmail.com  |
|  8 | vrushali  | bagde    | 1984-12-29 | vrushali.bagde@gmail.com |
| 13 | nrupali   | save     | 1981-12-01 | nrupali.save@gmail.com   |
| 14 | supriya   | karnik   | 1983-12-15 | supriya.karnik@gmail.com |
| 15 | bandish   | karnik   | 1987-12-30 | bandish.karnik@gmail.com |
| 16 | sangita   | karnik   | 1990-12-01 | sangita.karnik@gmail.com |
| 27 | rohit     | patil    | 1976-12-31 | rohit.patil@gmail.com    |
+----+-----------+----------+------------+--------------------------+
9 rows in set (0.00 sec)

mysql> select * from student where day(sunday);
ERROR 1054 (42S22): Unknown column 'sunday' in 'where clause'
mysql> show tables;
+------------------------+
| Tables_in_dac103       |
+------------------------+
| a                      |
| agent                  |
| andor                  |
| b                      |
| batch_students         |
| blanktablea            |
| blanktableb            |
| blog                   |
| bonus                  |
| books                  |
| candidate              |
| client                 |
| coalesce               |
| comments               |
| company                |
| course                 |
| course_batches         |
| course_modules         |
| customer               |
| customers              |
| demodept1              |
| demodept2              |
| dept                   |
| dept1                  |
| docs                   |
| doctor                 |
| doctorvisits           |
| dummy                  |
| duplicate              |
| emp                    |
| emp1                   |
| emp2                   |
| emp_attendance         |
| emp_cards              |
| emp_phone              |
| empj                   |
| envelope               |
| faculty                |
| faculty_address        |
| faculty_phone          |
| faculty_qualifications |
| food                   |
| fullname               |
| hobby                  |
| item                   |
| job_list               |
| key_parts              |
| labtestlist            |
| leadtable              |
| licence                |
| location               |
| mass_table             |
| medicinelist           |
| menucard               |
| modules                |
| nearest                |
| new                    |
| newbooks               |
| nullif                 |
| numbers                |
| numberstring           |
| ord                    |
| orderdetails           |
| orders                 |
| overtime               |
| patient                |
| phonecall              |
| pivot_table            |
| plumber                |
| plumber_service_map    |
| points                 |
| price                  |
| product                |
| product_sales          |
| products               |
| quarterly_revenue      |
| r                      |
| r1                     |
| r2                     |
| races                  |
| regexpr                |
| replacedept            |
| revenue                |
| rockets                |
| runners                |
| runningserver          |
| sales                  |
| sales_channel          |
| salespeople            |
| salesperson            |
| salgrade               |
| server                 |
| service                |
| seta                   |
| setb                   |
| shop                   |
| softdrink              |
| sort                   |
| sourcenames            |
| stadium                |
| states                 |
| station                |
| status                 |
| stringnumber           |
| student                |
| student_address        |
| student_cards          |
| student_order          |
| student_phone          |
| student_qualifications |
| tablea                 |
| tableaa                |
| tableb                 |
| tablebb                |
| targetnames            |
| tasks                  |
| temp1                  |
| traintimetable         |
| transactions           |
| vote_response          |
| votes                  |
| warehouse              |
| yearly_revenue         |
| z                      |
+------------------------+
124 rows in set (0.01 sec)

mysql> desc faculty;
+-----------+--------------+------+-----+---------+-------+
| Field     | Type         | Null | Key | Default | Extra |
+-----------+--------------+------+-----+---------+-------+
| ID        | int          | NO   | PRI | NULL    |       |
| namefirst | varchar(45)  | YES  |     | NULL    |       |
| namelast  | varchar(45)  | YES  |     | NULL    |       |
| DOB       | date         | YES  |     | NULL    |       |
| emailID   | varchar(128) | YES  |     | NULL    |       |
+-----------+--------------+------+-----+---------+-------+
5 rows in set (0.02 sec)

mysql> select * from student where date(sunday);
ERROR 1054 (42S22): Unknown column 'sunday' in 'where clause'
mysql> select * from student where dayname(DOB)='Sunday';
+----+-----------+----------+------------+-------------------------+
| ID | namefirst | namelast | DOB        | emailID                 |
+----+-----------+----------+------------+-------------------------+
|  3 | ulka      | joshi    | 1970-10-25 | ulka.joshi@gmail.com    |
|  4 | rahul     | patil    | 1982-10-31 | rahul.patil@gmail.com   |
|  7 | sharmin   | bagde    | 1986-12-14 | sharmin.bagde@gmail.com |
| 12 | deep      | save     | 1986-11-30 | deep.save@gmail.com     |
| 19 | bhavin    | patel    | 1983-11-13 | bhavin.patel@gmail.com  |
| 28 | raj       | bubber   | 1982-02-28 | raj.bubber@gmail.com    |
+----+-----------+----------+------------+-------------------------+
6 rows in set (0.00 sec)

mysql> select * from student where DOB(12-7-1984);
ERROR 1305 (42000): FUNCTION dac103.DOB does not exist
mysql> SELECT DATE_FORMAT(DOB, ‘DD-MM-YYYY’) AS formatted DOB FROM students;
ERROR 1064 (42000): You have an error in your SQL syntax; check the manual that corresponds to your MySQL server version for the right syntax to use near '?DD-MM-YYYY?) AS formatted DOB FROM students' at line 1
mysql> SELECT DATE_FORMAT(DOB, '%D of %M %Y') AS formatted DOB FROM students;
ERROR 1064 (42000): You have an error in your SQL syntax; check the manual that corresponds to your MySQL server version for the right syntax to use near 'DOB FROM students' at line 1
mysql> select * from course batches;
+----+---------+----------+------------------------------------+
| ID | name    | duration | summery                            |
+----+---------+----------+------------------------------------+
|  1 | PG-DAC  |        6 | This course is designed by CDAC    |
|  2 | DBDA    |        6 | This course is designed by CDAC    |
|  3 | Pre-DAC |        2 | This course is designed by CDAC    |
|  4 | JAVA    |        3 | This course is designed by IET     |
|  5 | .NET    |        3 | This course is designed by Infoway |
|  6 | DMC     |        6 | This course is designed by CDAC    |
|  7 | DSSD    |        6 | This course is designed by CDAC    |
+----+---------+----------+------------------------------------+
7 rows in set (0.03 sec)

mysql> desc course_batches;
+----------+-------------+------+-----+---------+-------+
| Field    | Type        | Null | Key | Default | Extra |
+----------+-------------+------+-----+---------+-------+
| ID       | int         | NO   | PRI | NULL    |       |
| name     | varchar(45) | YES  |     | NULL    |       |
| courseID | int         | YES  | MUL | NULL    |       |
| starton  | date        | YES  |     | NULL    |       |
| endson   | date        | YES  |     | NULL    |       |
| capacity | int         | YES  |     | NULL    |       |
+----------+-------------+------+-----+---------+-------+
6 rows in set (0.00 sec)

mysql> select * course_batches where endson='sunday'
    -> ;
ERROR 1064 (42000): You have an error in your SQL syntax; check the manual that corresponds to your MySQL server version for the right syntax to use near 'course_batches where endson='sunday'' at line 1
mysql> select * sudent where course_batches(endson)='sunday';
ERROR 1064 (42000): You have an error in your SQL syntax; check the manual that corresponds to your MySQL server version for the right syntax to use near 'sudent where course_batches(endson)='sunday'' at line 1
mysql>  endson='sunday'' at line 1
    '> mysql> select * sudent where course_batches(endson)='sunday';
    '> select * sudent where course_batches(endson)='sunday';
    '> select * from student where dayname(DOB)='Sunday';
    '> ;
    '>
    '>
    '>
    '>
    '> ^C
mysql> ^C
mysql> select *from course_batches where endson(end_date) = 1;
ERROR 1305 (42000): FUNCTION dac103.endson does not exist
mysql> SELECT *
    -> FROM course_batches
    -> WHERE DAYOFWEEK(endson) = 1;
+----+---------+----------+------------+------------+----------+
| ID | name    | courseID | starton    | endson     | capacity |
+----+---------+----------+------------+------------+----------+
|  9 | Batch9  |        4 | 2018-07-01 | 2018-09-30 |       25 |
| 21 | Batch21 |        1 | 2015-08-01 | 2016-02-28 |       80 |
| 22 | Batch22 |        2 | 2015-08-01 | 2016-02-28 |       30 |
+----+---------+----------+------------+------------+----------+
3 rows in set (0.02 sec)

mysql> select *from students where month(dob) in (10, 11, 12);
ERROR 1146 (42S02): Table 'dac103.students' doesn't exist
mysql> select *from student where month(dob) in (10, 11, 12);
+----+-----------+----------+------------+--------------------------+
| ID | namefirst | namelast | DOB        | emailID                  |
+----+-----------+----------+------------+--------------------------+
|  2 | omkar     | rokde    | 1969-10-25 | omkar.rakde@gmail.com    |
|  3 | ulka      | joshi    | 1970-10-25 | ulka.joshi@gmail.com     |
|  4 | rahul     | patil    | 1982-10-31 | rahul.patil@gmail.com    |
|  6 | lala      | prasad   | 1980-12-01 | lala.prasad@gmail.com    |
|  7 | sharmin   | bagde    | 1986-12-14 | sharmin.bagde@gmail.com  |
|  8 | vrushali  | bagde    | 1984-12-29 | vrushali.bagde@gmail.com |
|  9 | vasant    | khande   | 1992-10-26 | vasant.khande@gmail.com  |
| 10 | nitish    | patil    | 1990-10-26 | nitish.patil@gmail.com   |
| 11 | neel      | save     | 1975-10-30 | neel.save@gmail.com      |
| 12 | deep      | save     | 1986-11-30 | deep.save@gmail.com      |
| 13 | nrupali   | save     | 1981-12-01 | nrupali.save@gmail.com   |
| 14 | supriya   | karnik   | 1983-12-15 | supriya.karnik@gmail.com |
| 15 | bandish   | karnik   | 1987-12-30 | bandish.karnik@gmail.com |
| 16 | sangita   | karnik   | 1990-12-01 | sangita.karnik@gmail.com |
| 17 | sangita   | menon    | 1989-10-26 | sangita.menon@gmail.com  |
| 19 | bhavin    | patel    | 1983-11-13 | bhavin.patel@gmail.com   |
| 27 | rohit     | patil    | 1976-12-31 | rohit.patil@gmail.com    |
+----+-----------+----------+------------+--------------------------+
17 rows in set (0.00 sec)

mysql> Select Concat(LEFT( number, 6), '******')number from student_phone;
+--------------+
| number       |
+--------------+
| 703230****** |
| 703230****** |
| 703230****** |
| 703230****** |
| 703230****** |
| 703230****** |
| 703230****** |
| 703230****** |
| 703230****** |
| 703230****** |
| 703230****** |
| 703230****** |
| 703230****** |
| 703230****** |
| 703230****** |
| 703230****** |
| 703230****** |
| 703230****** |
| 703230****** |
| 703230****** |
| 713230****** |
| 713230****** |
| 713230****** |
| 713230****** |
| 703230****** |
| 713230****** |
| 713230****** |
| 713230****** |
| 713230****** |
| 713230****** |
| 713230****** |
| 713230****** |
| 713230****** |
| 713230****** |
| 713230****** |
| 713456****** |
| 715656****** |
| 715656****** |
| 715656****** |
| 715656****** |
| 714656****** |
+--------------+
41 rows in set (0.00 sec)

mysql> Select Concat(LEFT( number, 8), '********')number from student_phone;
+------------------+
| number           |
+------------------+
| 70323000******** |
| 70323000******** |
| 70323000******** |
| 70323000******** |
| 70323000******** |
| 70323000******** |
| 70323000******** |
| 70323000******** |
| 70323000******** |
| 70323000******** |
| 70323000******** |
| 70323000******** |
| 70323000******** |
| 70323000******** |
| 70323000******** |
| 70323000******** |
| 70323000******** |
| 70323000******** |
| 70323000******** |
| 70323000******** |
| 71323000******** |
| 71323000******** |
| 71323000******** |
| 71323000******** |
| 70323000******** |
| 71323000******** |
| 71323000******** |
| 71323000******** |
| 71323000******** |
| 71323000******** |
| 71323000******** |
| 71323000******** |
| 71323000******** |
| 71323000******** |
| 71323000******** |
| 71345671******** |
| 71565671******** |
| 71565671******** |
| 71565634******** |
| 71565671******** |
| 71465664******** |
+------------------+
41 rows in set (0.00 sec)

mysql> Select Concat(LEFT( number, 4 '********')number from student_phone;
ERROR 1064 (42000): You have an error in your SQL syntax; check the manual that corresponds to your MySQL server version for the right syntax to use near ''********')number from student_phone' at line 1
mysql> Select Concat(LEFT( number, 4), '********')number from student_phone;
+--------------+
| number       |
+--------------+
| 7032******** |
| 7032******** |
| 7032******** |
| 7032******** |
| 7032******** |
| 7032******** |
| 7032******** |
| 7032******** |
| 7032******** |
| 7032******** |
| 7032******** |
| 7032******** |
| 7032******** |
| 7032******** |
| 7032******** |
| 7032******** |
| 7032******** |
| 7032******** |
| 7032******** |
| 7032******** |
| 7132******** |
| 7132******** |
| 7132******** |
| 7132******** |
| 7032******** |
| 7132******** |
| 7132******** |
| 7132******** |
| 7132******** |
| 7132******** |
| 7132******** |
| 7132******** |
| 7132******** |
| 7132******** |
| 7132******** |
| 7134******** |
| 7156******** |
| 7156******** |
| 7156******** |
| 7156******** |
| 7146******** |
+--------------+
41 rows in set (0.00 sec)

mysql> Select Concat(LEFT( number, 4), '****'RIGHT(number,4))number from student_phone;
ERROR 1064 (42000): You have an error in your SQL syntax; check the manual that corresponds to your MySQL server version for the right syntax to use near 'RIGHT(number,4))number from student_phone' at line 1
mysql> Select Concat(LEFT( number, 4), '****'RIGHT(number,4)number from student_phone;
ERROR 1064 (42000): You have an error in your SQL syntax; check the manual that corresponds to your MySQL server version for the right syntax to use near 'RIGHT(number,4)number from student_phone' at line 1
mysql> Select Concat(LEFT( number, 4), '****'RIGHT( number, 4))number from student_phone;
ERROR 1064 (42000): You have an error in your SQL syntax; check the manual that corresponds to your MySQL server version for the right syntax to use near 'RIGHT( number, 4))number from student_phone' at line 1
mysql> Select Concat(LEFT( number, 4), '****'RIGHT( number, -4))number from student_phone;
ERROR 1064 (42000): You have an error in your SQL syntax; check the manual that corresponds to your MySQL server version for the right syntax to use near 'RIGHT( number, -4))number from student_phone' at line 1
mysql>     concat( substring(student_phone, 1, 4),  '****', substring(student_phone, -4)) as formatted_phone from students;
ERROR 1064 (42000): You have an error in your SQL syntax; check the manual that corresponds to your MySQL server version for the right syntax to use near 'concat( substring(student_phone, 1, 4),  '****', substring(student_phone, -4)) a' at line 1
mysql> concat( substring(student_phone, 1, 4),  '****', substring(student_phone, -4)) as formatted_phone from student;
ERROR 1064 (42000): You have an error in your SQL syntax; check the manual that corresponds to your MySQL server version for the right syntax to use near 'concat( substring(student_phone, 1, 4),  '****', substring(student_phone, -4)) a' at line 1
mysql> concat( left(student_phone, 1, 4),  '****', right(student_phone, -4)) as formatted_phone from student;
ERROR 1064 (42000): You have an error in your SQL syntax; check the manual that corresponds to your MySQL server version for the right syntax to use near 'concat( left(student_phone, 1, 4),  '****', right(student_phone, -4)) as formatt' at line 1
mysql> select  concat( substring(student_phone, 1, 4),  '****', substring(student_phone, -4)) as formatted_phone from students;
ERROR 1146 (42S02): Table 'dac103.students' doesn't exist
mysql> select  concat( substring(student_phone, 1, 4),  '****', substring(student_phone, -4)) as formatted_phone from student;
ERROR 1054 (42S22): Unknown column 'student_phone' in 'field list'
mysql> select  concat( substring(student_phone, 1, 4),  '****', substring(student_phone, -4)) as formatted_phone from student;
ERROR 1054 (42S22): Unknown column 'student_phone' in 'field list'
mysql> show tables;
+------------------------+
| Tables_in_dac103       |
+------------------------+
| a                      |
| agent                  |
| andor                  |
| b                      |
| batch_students         |
| blanktablea            |
| blanktableb            |
| blog                   |
| bonus                  |
| books                  |
| candidate              |
| client                 |
| coalesce               |
| comments               |
| company                |
| course                 |
| course_batches         |
| course_modules         |
| customer               |
| customers              |
| demodept1              |
| demodept2              |
| dept                   |
| dept1                  |
| docs                   |
| doctor                 |
| doctorvisits           |
| dummy                  |
| duplicate              |
| emp                    |
| emp1                   |
| emp2                   |
| emp_attendance         |
| emp_cards              |
| emp_phone              |
| empj                   |
| envelope               |
| faculty                |
| faculty_address        |
| faculty_phone          |
| faculty_qualifications |
| food                   |
| fullname               |
| hobby                  |
| item                   |
| job_list               |
| key_parts              |
| labtestlist            |
| leadtable              |
| licence                |
| location               |
| mass_table             |
| medicinelist           |
| menucard               |
| modules                |
| nearest                |
| new                    |
| newbooks               |
| nullif                 |
| numbers                |
| numberstring           |
| ord                    |
| orderdetails           |
| orders                 |
| overtime               |
| patient                |
| phonecall              |
| pivot_table            |
| plumber                |
| plumber_service_map    |
| points                 |
| price                  |
| product                |
| product_sales          |
| products               |
| quarterly_revenue      |
| r                      |
| r1                     |
| r2                     |
| races                  |
| regexpr                |
| replacedept            |
| revenue                |
| rockets                |
| runners                |
| runningserver          |
| sales                  |
| sales_channel          |
| salespeople            |
| salesperson            |
| salgrade               |
| server                 |
| service                |
| seta                   |
| setb                   |
| shop                   |
| softdrink              |
| sort                   |
| sourcenames            |
| stadium                |
| states                 |
| station                |
| status                 |
| stringnumber           |
| student                |
| student_address        |
| student_cards          |
| student_order          |
| student_phone          |
| student_qualifications |
| tablea                 |
| tableaa                |
| tableb                 |
| tablebb                |
| targetnames            |
| tasks                  |
| temp1                  |
| traintimetable         |
| transactions           |
| vote_response          |
| votes                  |
| warehouse              |
| yearly_revenue         |
| z                      |
+------------------------+
124 rows in set (0.01 sec)

mysql> desc student_phone;
+-----------+-------------+------+-----+---------+-------+
| Field     | Type        | Null | Key | Default | Extra |
+-----------+-------------+------+-----+---------+-------+
| ID        | int         | NO   | PRI | NULL    |       |
| studentID | int         | YES  | MUL | NULL    |       |
| number    | varchar(45) | YES  |     | NULL    |       |
| isActive  | tinyint(1)  | YES  |     | NULL    |       |
+-----------+-------------+------+-----+---------+-------+
4 rows in set (0.00 sec)

mysql> select  concat( substring(student_phone, 1, 4),  '****', substring(student_phone, -4)) as formatted_phone from student;
ERROR 1054 (42S22): Unknown column 'student_phone' in 'field list'
mysql> select  concat( substring(number, 1, 4),  '****', substring(number, -4)) as formatted_phone from student_phone;
+-----------------+
| formatted_phone |
+-----------------+
| 7032****0034    |
| 7032****0039    |
| 7032****0050    |
| 7032****0027    |
| 7032****0001    |
| 7032****0079    |
| 7032****0081    |
| 7032****0054    |
| 7032****0059    |
| 7032****0086    |
| 7032****0082    |
| 7032****0042    |
| 7032****0055    |
| 7032****0013    |
| 7032****0099    |
| 7032****0023    |
| 7032****0084    |
| 7032****0011    |
| 7032****0066    |
| 7032****0096    |
| 7132****0034    |
| 7132****0039    |
| 7132****0050    |
| 7132****0027    |
| 7032****0001    |
| 7132****0079    |
| 7132****0081    |
| 7132****0054    |
| 7132****0059    |
| 7132****0086    |
| 7132****0082    |
| 7132****0042    |
| 7132****0055    |
| 7132****0055    |
| 7132****0055    |
| 7134****7123    |
| 7156****7123    |
| 7156****7134    |
| 7156****3423    |
| 7156****7183    |
| 7146****6412    |
+-----------------+
41 rows in set (0.00 sec)

mysql> select  concat( left(number, 1, 4),  '****', right(number, -4)) as formatted_phone from student_phone;
ERROR 1064 (42000): You have an error in your SQL syntax; check the manual that corresponds to your MySQL server version for the right syntax to use near ', 4),  '****', right(number, -4)) as formatted_phone from student_phone' at line 1
mysql> SELECT FLOOR(1 + (RAND() * 100)) AS random_number;
+---------------+
| random_number |
+---------------+
|            53 |
+---------------+
1 row in set (0.00 sec)

mysql> SELECT FLOOR(1 + (RAND() * 100)) AS random_number;
+---------------+
| random_number |
+---------------+
|            66 |
+---------------+
1 row in set (0.00 sec)

mysql> SELECT SUBSTRING(namefirst, 1, 5) AS FirstFiveCharacters
    -> FROM student;
+---------------------+
| FirstFiveCharacters |
+---------------------+
| salee               |
| omkar               |
| ulka                |
| rahul               |
| ruhan               |
| lala                |
| sharm               |
| vrush               |
| vasan               |
| nitis               |
| neel                |
| deep                |
| nrupa               |
| supri               |
| bandi               |
| sangi               |
| sangi               |
| rahul               |
| bhavi               |
| kaush               |
| panka               |
| rajan               |
| bhavi               |
| mukes               |
| dilu                |
| sonam               |
| rohit               |
| raj                 |
+---------------------+
28 rows in set (0.00 sec)

mysql> SELECT GETDATE() AS CurrentDateTime;
ERROR 1305 (42000): FUNCTION dac103.GETDATE does not exist
mysql> show tables;
+------------------------+
| Tables_in_dac103       |
+------------------------+
| a                      |
| agent                  |
| andor                  |
| b                      |
| batch_students         |
| blanktablea            |
| blanktableb            |
| blog                   |
| bonus                  |
| books                  |
| candidate              |
| client                 |
| coalesce               |
| comments               |
| company                |
| course                 |
| course_batches         |
| course_modules         |
| customer               |
| customers              |
| demodept1              |
| demodept2              |
| dept                   |
| dept1                  |
| docs                   |
| doctor                 |
| doctorvisits           |
| dummy                  |
| duplicate              |
| emp                    |
| emp1                   |
| emp2                   |
| emp_attendance         |
| emp_cards              |
| emp_phone              |
| empj                   |
| envelope               |
| faculty                |
| faculty_address        |
| faculty_phone          |
| faculty_qualifications |
| food                   |
| fullname               |
| hobby                  |
| item                   |
| job_list               |
| key_parts              |
| labtestlist            |
| leadtable              |
| licence                |
| location               |
| mass_table             |
| medicinelist           |
| menucard               |
| modules                |
| nearest                |
| new                    |
| newbooks               |
| nullif                 |
| numbers                |
| numberstring           |
| ord                    |
| orderdetails           |
| orders                 |
| overtime               |
| patient                |
| phonecall              |
| pivot_table            |
| plumber                |
| plumber_service_map    |
| points                 |
| price                  |
| product                |
| product_sales          |
| products               |
| quarterly_revenue      |
| r                      |
| r1                     |
| r2                     |
| races                  |
| regexpr                |
| replacedept            |
| revenue                |
| rockets                |
| runners                |
| runningserver          |
| sales                  |
| sales_channel          |
| salespeople            |
| salesperson            |
| salgrade               |
| server                 |
| service                |
| seta                   |
| setb                   |
| shop                   |
| softdrink              |
| sort                   |
| sourcenames            |
| stadium                |
| states                 |
| station                |
| status                 |
| stringnumber           |
| student                |
| student_address        |
| student_cards          |
| student_order          |
| student_phone          |
| student_qualifications |
| tablea                 |
| tableaa                |
| tableb                 |
| tablebb                |
| targetnames            |
| tasks                  |
| temp1                  |
| traintimetable         |
| transactions           |
| vote_response          |
| votes                  |
| warehouse              |
| yearly_revenue         |
| z                      |
+------------------------+
124 rows in set (0.01 sec)

mysql> desc traintimetable;
+-------------+-------------+------+-----+---------+----------------+
| Field       | Type        | Null | Key | Default | Extra          |
+-------------+-------------+------+-----+---------+----------------+
| id          | int         | NO   | PRI | NULL    | auto_increment |
| trainID     | int         | YES  |     | NULL    |                |
| stationname | varchar(40) | YES  |     | NULL    |                |
| distance    | float       | YES  |     | NULL    |                |
| timing      | time        | YES  |     | NULL    |                |
+-------------+-------------+------+-----+---------+----------------+
5 rows in set (0.03 sec)

mysql> select * from traintimetable;
+----+---------+----------------------------+----------+----------+
| id | trainID | stationname                | distance | timing   |
+----+---------+----------------------------+----------+----------+
|  1 |   22863 | mumbai central             |        0 | 08:30:00 |
|  2 |   22863 | surat                      |      262 | 12:40:13 |
|  3 |   22863 | baroda                     |      129 | 14:42:00 |
|  4 |   22863 | ahmedabad JN               |      100 | 17:10:00 |
|  5 |   22863 | surendranagar              |      130 | 20:00:00 |
|  6 |   22863 | rajkot JN                  |      116 | 23:40:00 |
|  7 |   22863 | hapa                       |       75 | 00:05:00 |
|  8 |   22868 | pune JN                    |        0 | 17:20:00 |
|  9 |   22868 | uruli                      |       30 | 17:47:13 |
| 10 |   22868 | daund chord line           |     87.1 | 18:27:00 |
| 11 |   22868 | ahmadnagar                 |       71 | 20:10:00 |
| 12 |   22868 | belapur                    |       61 | 21:15:00 |
| 13 |   22868 | kopargaon                  |       44 | 21:57:00 |
| 14 |   22868 | manmad JN                  |    41.84 | 23:25:13 |
| 15 |   22868 | daund chord line           |      249 | 18:27:00 |
| 16 |   22868 | bhopal                     |      728 | 08:55:00 |
| 17 |   12267 | mumbai central             |        0 | 23:00:00 |
| 18 |   12267 | ahmedabad JN               |      534 | 05:00:00 |
| 19 |   12267 | surendranagar              |      131 | 07:20:00 |
| 20 |   12267 | rajkot JN                  |      106 | 09:15:00 |
| 21 |   12267 | hapa                       |      191 | 12:45:00 |
| 22 |   12307 | HOWRAH JN                  |     2271 | 23:25:00 |
| 23 |   12307 | BARDDHAMAN JN              |     99.6 | 00:31:00 |
| 24 |   12307 | ASANSOL JN                 |      107 | 02:09:00 |
| 25 |   12307 | DHANBAD JN                 |       65 | 03:25:00 |
| 26 |   12307 | PARASNATH                  |       49 | 04:02:00 |
| 27 |   12307 | KODERMA                    |      115 | 04:54:00 |
| 28 |   12307 | GAYA JN                    |       76 | 06:30:00 |
| 29 |   12307 | ANUGRAHA NARAYAN ROAD      |      115 | 07:20:00 |
| 30 |   12307 | DEHRI ON SONE              |       17 | 07:40:00 |
| 31 |   12307 | SASARAM                    |       55 | 07:58:00 |
| 32 |   12307 | BHABUA ROAD                |       31 | 08:38:00 |
| 33 |   12307 | PT DEEN DAYAL UPADHYAYA JN |       90 | 09:55:00 |
| 34 |   12307 | MIRZAPUR                   |    155.5 | 10:55:00 |
| 35 |   12307 | PRAYAGRAJ JN               |       99 | 12:20:00 |
| 36 |   12307 | FATEHPUR                   |      155 | 13:32:00 |
| 37 |   12307 | KANPUR CENTRAL             |       75 | 14:55:00 |
| 38 |   12307 | ETAWAH                     |       47 | 16:27:00 |
| 39 |   12307 | TUNDLA JN                  |       54 | 18:35:00 |
| 40 |   12307 | AGRA FORT                  |       21 | 19:30:00 |
| 41 |   12307 | ACHHNERA JN                |      227 | 20:14:00 |
| 42 |   12307 | BHARATPUR JN               |      746 | 20:44:00 |
| 43 |   12307 | GAYA JN                    |       90 | 06:30:00 |
| 44 |   12307 | JAIPUR                     |       33 | 00:05:00 |
| 45 |   12307 | NAWA CITY                  |       14 | 01:38:00 |
| 46 |   12307 | KUCHAMAN CITY              |       44 | 01:55:00 |
| 47 |   12307 | MAKRANA JN                 |       59 | 02:03:00 |
| 48 |   12307 | DEGANA JN                  |      104 | 02:37:00 |
| 49 |   12307 | MERTA ROAD JN              |        0 | 03:15:00 |
| 50 |   12307 | JODHPUR JN                 |       89 | 04:20:00 |
| 51 |   12308 | JAIPUR                     |       21 | 00:05:00 |
| 52 |   12308 | NAWA CITY                  |       14 | 01:38:00 |
| 53 |   12308 | KUCHAMAN CITY              |       44 | 01:55:00 |
| 54 |   12308 | MAKRANA JN                 |       46 | 02:03:00 |
| 55 |   12308 | DEGANA JN                  |      103 | 02:37:00 |
| 56 |   12308 | MERTA ROAD JN              |     NULL | 03:15:00 |
| 57 |   12308 | JODHPUR JN                 |     NULL | 04:20:00 |
+----+---------+----------------------------+----------+----------+
57 rows in set (0.04 sec)

mysql> SELECT GETDATE() AS CurrentDateTime;
ERROR 1305 (42000): FUNCTION dac103.GETDATE does not exist
mysql> select now(), curdate(), curtime();
+---------------------+------------+-----------+
| now()               | curdate()  | curtime() |
+---------------------+------------+-----------+
| 2024-10-18 12:24:29 | 2024-10-18 | 12:24:29  |
+---------------------+------------+-----------+
1 row in set (0.00 sec)

mysql> select curdate, extract(month from curdate);
ERROR 1054 (42S22): Unknown column 'curdate' in 'field list'
mysql> SELECT MONTH(CURDATE()) AS CurrentMonth;
+--------------+
| CurrentMonth |
+--------------+
|           10 |
+--------------+
1 row in set (0.00 sec)

mysql> SELECT year(CURDATE()) AS Currentyear;
+-------------+
| Currentyear |
+-------------+
|        2024 |
+-------------+
1 row in set (0.00 sec)

mysql> select * from student where year(dob) = 1984 order by namefirst asc;
+----+-----------+----------+------------+--------------------------+
| ID | namefirst | namelast | DOB        | emailID                  |
+----+-----------+----------+------------+--------------------------+
|  5 | ruhan     | bagde    | 1984-01-12 | ruhan.bagde@gmail.com    |
|  1 | saleel    | bagde    | 1984-06-12 | saleel.bagde@gmail.com   |
|  8 | vrushali  | bagde    | 1984-12-29 | vrushali.bagde@gmail.com |
+----+-----------+----------+------------+--------------------------+
3 rows in set (0.00 sec)

mysql> select * from students where week(dob, 1) = 43;
ERROR 1146 (42S02): Table 'dac103.students' doesn't exist
mysql> select * from student where week(dob, 1) = 43;
+----+-----------+----------+------------+-------------------------+
| ID | namefirst | namelast | DOB        | emailID                 |
+----+-----------+----------+------------+-------------------------+
|  2 | omkar     | rokde    | 1969-10-25 | omkar.rakde@gmail.com   |
|  3 | ulka      | joshi    | 1970-10-25 | ulka.joshi@gmail.com    |
|  4 | rahul     | patil    | 1982-10-31 | rahul.patil@gmail.com   |
| 10 | nitish    | patil    | 1990-10-26 | nitish.patil@gmail.com  |
| 17 | sangita   | menon    | 1989-10-26 | sangita.menon@gmail.com |
+----+-----------+----------+------------+-------------------------+
5 rows in set (0.00 sec)

mysql> select * from student where day(dob) between 10 and 19;
+----+-----------+----------+------------+--------------------------+
| ID | namefirst | namelast | DOB        | emailID                  |
+----+-----------+----------+------------+--------------------------+
|  1 | saleel    | bagde    | 1984-06-12 | saleel.bagde@gmail.com   |
|  5 | ruhan     | bagde    | 1984-01-12 | ruhan.bagde@gmail.com    |
|  7 | sharmin   | bagde    | 1986-12-14 | sharmin.bagde@gmail.com  |
| 14 | supriya   | karnik   | 1983-12-15 | supriya.karnik@gmail.com |
| 18 | rahul     | shah     | 1982-06-12 | rahul.shah@gmail.com     |
| 19 | bhavin    | patel    | 1983-11-13 | bhavin.patel@gmail.com   |
| 26 | sonam     | khan     | 1972-05-13 | sonam.khan@gmail.com     |
+----+-----------+----------+------------+--------------------------+
7 rows in set (0.00 sec)

mysql> select namefirst, namelast, emailid from student where length(emailid) = 7;
Empty set (0.00 sec)

mysql> select namefirst, namelast, emailid from student where length(emailid) = 1;
Empty set (0.00 sec)

mysql> select substring(namefirst, 2, 1) as second_letter, substring(namelast, length(student_name) - 1, 1) as second_last_letter from student;
ERROR 1054 (42S22): Unknown column 'student_name' in 'field list'
mysql> select substring(namefirst, 2, 1) as second_letter, substring(namelast, length(namefirst,namelast) - 1, 1) as second_last_letter from student;
ERROR 1582 (42000): Incorrect parameter count in the call to native function 'length'
mysql> select substring(namefirst, 2, 1) as second_letter, substring(namelast, length(namelast, - 1, 1) as second_last_letter from student;
ERROR 1064 (42000): You have an error in your SQL syntax; check the manual that corresponds to your MySQL server version for the right syntax to use near 'as second_last_letter from student' at line 1
mysql> select substring(namefirst, 2, 1) as second_letter, substring(namelast, length(namelast) - 1, 1) as second_last_letter from student;
+---------------+--------------------+
| second_letter | second_last_letter |
+---------------+--------------------+
| a             | d                  |
| m             | d                  |
| l             | h                  |
| a             | i                  |
| u             | d                  |
| a             | a                  |
| h             | d                  |
| r             | d                  |
| a             | d                  |
| i             | i                  |
| e             | v                  |
| e             | v                  |
| r             | v                  |
| u             | i                  |
| a             | i                  |
| a             | i                  |
| a             | o                  |
| a             | a                  |
| h             | e                  |
| a             | i                  |
| a             | h                  |
| a             | e                  |
| h             | e                  |
| u             | a                  |
| i             | d                  |
| o             | a                  |
| o             | i                  |
| a             | e                  |
+---------------+--------------------+
28 rows in set (0.00 sec)

mysql> select substring(namefirst, 2, 1) as second_letter, substring(student_name, length(namelast) - 1, 1) as second_last_letter from student;
ERROR 1054 (42S22): Unknown column 'student_name' in 'field list'
mysql> select substring(namefirst, 2, 1) as second_letter, substring(namelast, length(namelast) - 1, 1) as second_last_letter from student;
+---------------+--------------------+
| second_letter | second_last_letter |
+---------------+--------------------+
| a             | d                  |
| m             | d                  |
| l             | h                  |
| a             | i                  |
| u             | d                  |
| a             | a                  |
| h             | d                  |
| r             | d                  |
| a             | d                  |
| i             | i                  |
| e             | v                  |
| e             | v                  |
| r             | v                  |
| u             | i                  |
| a             | i                  |
| a             | i                  |
| a             | o                  |
| a             | a                  |
| h             | e                  |
| a             | i                  |
| a             | h                  |
| a             | e                  |
| h             | e                  |
| u             | a                  |
| i             | d                  |
| o             | a                  |
| o             | i                  |
| a             | e                  |
+---------------+--------------------+
28 rows in set (0.00 sec)

mysql> select ascii(substring(name, 1, 1)) as ascii_value from student;
ERROR 1054 (42S22): Unknown column 'name' in 'field list'
mysql> select ascii(substring(namefirst, 1, 1)) as ascii_value from student;
+-------------+
| ascii_value |
+-------------+
|         115 |
|         111 |
|         117 |
|         114 |
|         114 |
|         108 |
|         115 |
|         118 |
|         118 |
|         110 |
|         110 |
|         100 |
|         110 |
|         115 |
|          98 |
|         115 |
|         115 |
|         114 |
|          98 |
|         107 |
|         112 |
|         114 |
|          98 |
|         109 |
|         100 |
|         115 |
|         114 |
|         114 |
+-------------+
28 rows in set (0.00 sec)

mysql> SELECT DATE_FORMAT(DOB, '%D of %M %Y') AS formatted_dob
    -> FROM your_table_name;
ERROR 1146 (42S02): Table 'dac103.your_table_name' doesn't exist
mysql> select date_format(dob, '%d of %m %y') as formatted_dob from student;
+---------------+
| formatted_dob |
+---------------+
| 12 of 06 84   |
| 25 of 10 69   |
| 25 of 10 70   |
| 31 of 10 82   |
| 12 of 01 84   |
| 01 of 12 80   |
| 14 of 12 86   |
| 29 of 12 84   |
| 26 of 10 92   |
| 26 of 10 90   |
| 30 of 10 75   |
| 30 of 11 86   |
| 01 of 12 81   |
| 15 of 12 83   |
| 30 of 12 87   |
| 01 of 12 90   |
| 26 of 10 89   |
| 12 of 06 82   |
| 13 of 11 83   |
| 30 of 07 82   |
| 30 of 07 82   |
| 30 of 07 82   |
| 30 of 07 82   |
| 30 of 07 82   |
| 30 of 07 82   |
| 13 of 05 72   |
| 31 of 12 76   |
| 28 of 02 82   |
+---------------+
28 rows in set (0.00 sec)

mysql> select date_format(dob, '%d- %m- %y') as formatted_dob from student;
+---------------+
| formatted_dob |
+---------------+
| 12- 06- 84    |
| 25- 10- 69    |
| 25- 10- 70    |
| 31- 10- 82    |
| 12- 01- 84    |
| 01- 12- 80    |
| 14- 12- 86    |
| 29- 12- 84    |
| 26- 10- 92    |
| 26- 10- 90    |
| 30- 10- 75    |
| 30- 11- 86    |
| 01- 12- 81    |
| 15- 12- 83    |
| 30- 12- 87    |
| 01- 12- 90    |
| 26- 10- 89    |
| 12- 06- 82    |
| 13- 11- 83    |
| 30- 07- 82    |
| 30- 07- 82    |
| 30- 07- 82    |
| 30- 07- 82    |
| 30- 07- 82    |
| 30- 07- 82    |
| 13- 05- 72    |
| 31- 12- 76    |
| 28- 02- 82    |
+---------------+
28 rows in set (0.00 sec)

mysql> select date_format(dob, '%d-%m-%y') as formatted_dob from student;
+---------------+
| formatted_dob |
+---------------+
| 12-06-84      |
| 25-10-69      |
| 25-10-70      |
| 31-10-82      |
| 12-01-84      |
| 01-12-80      |
| 14-12-86      |
| 29-12-84      |
| 26-10-92      |
| 26-10-90      |
| 30-10-75      |
| 30-11-86      |
| 01-12-81      |
| 15-12-83      |
| 30-12-87      |
| 01-12-90      |
| 26-10-89      |
| 12-06-82      |
| 13-11-83      |
| 30-07-82      |
| 30-07-82      |
| 30-07-82      |
| 30-07-82      |
| 30-07-82      |
| 30-07-82      |
| 13-05-72      |
| 31-12-76      |
| 28-02-82      |
+---------------+
28 rows in set (0.00 sec)

mysql> select * from students order by case dayofweek(dob) when 2 then 1 -- monday when 3 then 2 -- tuesday when 4 then 3 -- wednesday when 5 then 4 -- thursday when 6 then 5 -- friday when 7 then 6 -- saturday when 1 then 7 -- sunday end;
    -> ^C
mysql> select * from students order by case dayofweek(dob) when 2 then 1 -- monday when 3 then 2 -- tuesday when 4 then 3 -- wednesday when 5 then 4 -- thursday when 6 then 5 -- friday when 7 then 6 -- saturday when 1 then 7 -- sunday end;
    -> ^C
mysql> SELECT * FROM students
    -> SELECT * FROM students ^C
mysql> select * from student order by (weekday(dob) + 1) % 7;
+----+-----------+----------+------------+--------------------------+
| ID | namefirst | namelast | DOB        | emailID                  |
+----+-----------+----------+------------+--------------------------+
|  3 | ulka      | joshi    | 1970-10-25 | ulka.joshi@gmail.com     |
|  4 | rahul     | patil    | 1982-10-31 | rahul.patil@gmail.com    |
|  7 | sharmin   | bagde    | 1986-12-14 | sharmin.bagde@gmail.com  |
| 12 | deep      | save     | 1986-11-30 | deep.save@gmail.com      |
| 19 | bhavin    | patel    | 1983-11-13 | bhavin.patel@gmail.com   |
| 28 | raj       | bubber   | 1982-02-28 | raj.bubber@gmail.com     |
|  6 | lala      | prasad   | 1980-12-01 | lala.prasad@gmail.com    |
|  9 | vasant    | khande   | 1992-10-26 | vasant.khande@gmail.com  |
|  1 | saleel    | bagde    | 1984-06-12 | saleel.bagde@gmail.com   |
| 13 | nrupali   | save     | 1981-12-01 | nrupali.save@gmail.com   |
| 15 | bandish   | karnik   | 1987-12-30 | bandish.karnik@gmail.com |
|  5 | ruhan     | bagde    | 1984-01-12 | ruhan.bagde@gmail.com    |
| 11 | neel      | save     | 1975-10-30 | neel.save@gmail.com      |
| 14 | supriya   | karnik   | 1983-12-15 | supriya.karnik@gmail.com |
| 17 | sangita   | menon    | 1989-10-26 | sangita.menon@gmail.com  |
| 10 | nitish    | patil    | 1990-10-26 | nitish.patil@gmail.com   |
| 20 | kaushal   | patil    | 1982-07-30 | kaushal.patil@gmail.com  |
| 21 | pankaj    | gandhi   | 1982-07-30 | pankaj.gandhi@gmail.com  |
| 22 | rajan     | patel    | 1982-07-30 | rajan.patel@gmail.com    |
| 23 | bhavin    | patel    | 1982-07-30 | bhavin.patel@gmail.com   |
| 24 | mukesh    | bhavsar  | 1982-07-30 | mukesh.bhavsar@gmail.com |
| 25 | dilu      | khande   | 1982-07-30 | dilu.khande@gmail.com    |
| 27 | rohit     | patil    | 1976-12-31 | rohit.patil@gmail.com    |
|  2 | omkar     | rokde    | 1969-10-25 | omkar.rakde@gmail.com    |
|  8 | vrushali  | bagde    | 1984-12-29 | vrushali.bagde@gmail.com |
| 16 | sangita   | karnik   | 1990-12-01 | sangita.karnik@gmail.com |
| 18 | rahul     | shah     | 1982-06-12 | rahul.shah@gmail.com     |
| 26 | sonam     | khan     | 1972-05-13 | sonam.khan@gmail.com     |
+----+-----------+----------+------------+--------------------------+
28 rows in set (0.00 sec)

mysql> select * from student order by date_format(dob, '%w');
+----+-----------+----------+------------+--------------------------+
| ID | namefirst | namelast | DOB        | emailID                  |
+----+-----------+----------+------------+--------------------------+
|  3 | ulka      | joshi    | 1970-10-25 | ulka.joshi@gmail.com     |
|  4 | rahul     | patil    | 1982-10-31 | rahul.patil@gmail.com    |
|  7 | sharmin   | bagde    | 1986-12-14 | sharmin.bagde@gmail.com  |
| 12 | deep      | save     | 1986-11-30 | deep.save@gmail.com      |
| 19 | bhavin    | patel    | 1983-11-13 | bhavin.patel@gmail.com   |
| 28 | raj       | bubber   | 1982-02-28 | raj.bubber@gmail.com     |
|  6 | lala      | prasad   | 1980-12-01 | lala.prasad@gmail.com    |
|  9 | vasant    | khande   | 1992-10-26 | vasant.khande@gmail.com  |
|  1 | saleel    | bagde    | 1984-06-12 | saleel.bagde@gmail.com   |
| 13 | nrupali   | save     | 1981-12-01 | nrupali.save@gmail.com   |
| 15 | bandish   | karnik   | 1987-12-30 | bandish.karnik@gmail.com |
|  5 | ruhan     | bagde    | 1984-01-12 | ruhan.bagde@gmail.com    |
| 11 | neel      | save     | 1975-10-30 | neel.save@gmail.com      |
| 14 | supriya   | karnik   | 1983-12-15 | supriya.karnik@gmail.com |
| 17 | sangita   | menon    | 1989-10-26 | sangita.menon@gmail.com  |
| 10 | nitish    | patil    | 1990-10-26 | nitish.patil@gmail.com   |
| 20 | kaushal   | patil    | 1982-07-30 | kaushal.patil@gmail.com  |
| 21 | pankaj    | gandhi   | 1982-07-30 | pankaj.gandhi@gmail.com  |
| 22 | rajan     | patel    | 1982-07-30 | rajan.patel@gmail.com    |
| 23 | bhavin    | patel    | 1982-07-30 | bhavin.patel@gmail.com   |
| 24 | mukesh    | bhavsar  | 1982-07-30 | mukesh.bhavsar@gmail.com |
| 25 | dilu      | khande   | 1982-07-30 | dilu.khande@gmail.com    |
| 27 | rohit     | patil    | 1976-12-31 | rohit.patil@gmail.com    |
|  2 | omkar     | rokde    | 1969-10-25 | omkar.rakde@gmail.com    |
|  8 | vrushali  | bagde    | 1984-12-29 | vrushali.bagde@gmail.com |
| 16 | sangita   | karnik   | 1990-12-01 | sangita.karnik@gmail.com |
| 18 | rahul     | shah     | 1982-06-12 | rahul.shah@gmail.com     |
| 26 | sonam     | khan     | 1972-05-13 | sonam.khan@gmail.com     |
+----+-----------+----------+------------+--------------------------+
28 rows in set (0.00 sec)
=====================================================================================================================================================================
assignment03
=====================================================================================================================================================================
Microsoft Windows [Version 10.0.19045.5011]
(c) Microsoft Corporation. All rights reserved.

C:\Users\IET>mysql --host 192.168.10.150 --port 3306 --user=dac103 --password=welcome
mysql: [Warning] Using a password on the command line interface can be insecure.
Welcome to the MySQL monitor.  Commands end with ; or \g.
Your MySQL connection id is 62
Server version: 8.1.0 MySQL Community Server - GPL

Copyright (c) 2000, 2023, Oracle and/or its affiliates.

Oracle is a registered trademark of Oracle Corporation and/or its
affiliates. Other names may be trademarks of their respective
owners.

Type 'help;' or '\h' for help. Type '\c' to clear the current input statement.

mysql> show databases;
+--------------------+
| Database           |
+--------------------+
| dac103             |
| information_schema |
| performance_schema |
+--------------------+
3 rows in set (0.00 sec)

mysql> use dac103;
Database changed
mysql> desc student;
+-----------+--------------+------+-----+---------+-------+
| Field     | Type         | Null | Key | Default | Extra |
+-----------+--------------+------+-----+---------+-------+
| ID        | int          | NO   | PRI | NULL    |       |
| namefirst | varchar(45)  | YES  |     | NULL    |       |
| namelast  | varchar(45)  | YES  |     | NULL    |       |
| DOB       | date         | YES  |     | NULL    |       |
| emailID   | varchar(128) | YES  |     | NULL    |       |
+-----------+--------------+------+-----+---------+-------+
5 rows in set (0.01 sec)

mysql> select * from student;
+----+-----------+----------+------------+--------------------------+
| ID | namefirst | namelast | DOB        | emailID                  |
+----+-----------+----------+------------+--------------------------+
|  1 | saleel    | bagde    | 1984-06-12 | saleel.bagde@gmail.com   |
|  2 | omkar     | rokde    | 1969-10-25 | omkar.rakde@gmail.com    |
|  3 | ulka      | joshi    | 1970-10-25 | ulka.joshi@gmail.com     |
|  4 | rahul     | patil    | 1982-10-31 | rahul.patil@gmail.com    |
|  5 | ruhan     | bagde    | 1984-01-12 | ruhan.bagde@gmail.com    |
|  6 | lala      | prasad   | 1980-12-01 | lala.prasad@gmail.com    |
|  7 | sharmin   | bagde    | 1986-12-14 | sharmin.bagde@gmail.com  |
|  8 | vrushali  | bagde    | 1984-12-29 | vrushali.bagde@gmail.com |
|  9 | vasant    | khande   | 1992-10-26 | vasant.khande@gmail.com  |
| 10 | nitish    | patil    | 1990-10-26 | nitish.patil@gmail.com   |
| 11 | neel      | save     | 1975-10-30 | neel.save@gmail.com      |
| 12 | deep      | save     | 1986-11-30 | deep.save@gmail.com      |
| 13 | nrupali   | save     | 1981-12-01 | nrupali.save@gmail.com   |
| 14 | supriya   | karnik   | 1983-12-15 | supriya.karnik@gmail.com |
| 15 | bandish   | karnik   | 1987-12-30 | bandish.karnik@gmail.com |
| 16 | sangita   | karnik   | 1990-12-01 | sangita.karnik@gmail.com |
| 17 | sangita   | menon    | 1989-10-26 | sangita.menon@gmail.com  |
| 18 | rahul     | shah     | 1982-06-12 | rahul.shah@gmail.com     |
| 19 | bhavin    | patel    | 1983-11-13 | bhavin.patel@gmail.com   |
| 20 | kaushal   | patil    | 1982-07-30 | kaushal.patil@gmail.com  |
| 21 | pankaj    | gandhi   | 1982-07-30 | pankaj.gandhi@gmail.com  |
| 22 | rajan     | patel    | 1982-07-30 | rajan.patel@gmail.com    |
| 23 | bhavin    | patel    | 1982-07-30 | bhavin.patel@gmail.com   |
| 24 | mukesh    | bhavsar  | 1982-07-30 | mukesh.bhavsar@gmail.com |
| 25 | dilu      | khande   | 1982-07-30 | dilu.khande@gmail.com    |
| 26 | sonam     | khan     | 1972-05-13 | sonam.khan@gmail.com     |
| 27 | rohit     | patil    | 1976-12-31 | rohit.patil@gmail.com    |
| 28 | raj       | bubber   | 1982-02-28 | raj.bubber@gmail.com     |
+----+-----------+----------+------------+--------------------------+
28 rows in set (0.17 sec)

mysql> desc course;
+----------+---------------+------+-----+---------+-------+
| Field    | Type          | Null | Key | Default | Extra |
+----------+---------------+------+-----+---------+-------+
| ID       | int           | NO   | PRI | NULL    |       |
| name     | varchar(45)   | NO   |     | NULL    |       |
| duration | int           | YES  |     | NULL    |       |
| summery  | varchar(1024) | YES  |     | NULL    |       |
+----------+---------------+------+-----+---------+-------+
4 rows in set (0.00 sec)

mysql> select * from course;
+----+---------+----------+------------------------------------+
| ID | name    | duration | summery                            |
+----+---------+----------+------------------------------------+
|  1 | PG-DAC  |        6 | This course is designed by CDAC    |
|  2 | DBDA    |        6 | This course is designed by CDAC    |
|  3 | Pre-DAC |        2 | This course is designed by CDAC    |
|  4 | JAVA    |        3 | This course is designed by IET     |
|  5 | .NET    |        3 | This course is designed by Infoway |
|  6 | DMC     |        6 | This course is designed by CDAC    |
|  7 | DSSD    |        6 | This course is designed by CDAC    |
+----+---------+----------+------------------------------------+
7 rows in set (0.10 sec)

mysql> select namefirst,namelast from  student;
+-----------+----------+
| namefirst | namelast |
+-----------+----------+
| saleel    | bagde    |
| omkar     | rokde    |
| ulka      | joshi    |
| rahul     | patil    |
| ruhan     | bagde    |
| lala      | prasad   |
| sharmin   | bagde    |
| vrushali  | bagde    |
| vasant    | khande   |
| nitish    | patil    |
| neel      | save     |
| deep      | save     |
| nrupali   | save     |
| supriya   | karnik   |
| bandish   | karnik   |
| sangita   | karnik   |
| sangita   | menon    |
| rahul     | shah     |
| bhavin    | patel    |
| kaushal   | patil    |
| pankaj    | gandhi   |
| rajan     | patel    |
| bhavin    | patel    |
| mukesh    | bhavsar  |
| dilu      | khande   |
| sonam     | khan     |
| rohit     | patil    |
| raj       | bubber   |
+-----------+----------+
28 rows in set (0.00 sec)

mysql> select namefirst,namelast,DOB,EmailId from  student;
+-----------+----------+------------+--------------------------+
| namefirst | namelast | DOB        | EmailId                  |
+-----------+----------+------------+--------------------------+
| saleel    | bagde    | 1984-06-12 | saleel.bagde@gmail.com   |
| omkar     | rokde    | 1969-10-25 | omkar.rakde@gmail.com    |
| ulka      | joshi    | 1970-10-25 | ulka.joshi@gmail.com     |
| rahul     | patil    | 1982-10-31 | rahul.patil@gmail.com    |
| ruhan     | bagde    | 1984-01-12 | ruhan.bagde@gmail.com    |
| lala      | prasad   | 1980-12-01 | lala.prasad@gmail.com    |
| sharmin   | bagde    | 1986-12-14 | sharmin.bagde@gmail.com  |
| vrushali  | bagde    | 1984-12-29 | vrushali.bagde@gmail.com |
| vasant    | khande   | 1992-10-26 | vasant.khande@gmail.com  |
| nitish    | patil    | 1990-10-26 | nitish.patil@gmail.com   |
| neel      | save     | 1975-10-30 | neel.save@gmail.com      |
| deep      | save     | 1986-11-30 | deep.save@gmail.com      |
| nrupali   | save     | 1981-12-01 | nrupali.save@gmail.com   |
| supriya   | karnik   | 1983-12-15 | supriya.karnik@gmail.com |
| bandish   | karnik   | 1987-12-30 | bandish.karnik@gmail.com |
| sangita   | karnik   | 1990-12-01 | sangita.karnik@gmail.com |
| sangita   | menon    | 1989-10-26 | sangita.menon@gmail.com  |
| rahul     | shah     | 1982-06-12 | rahul.shah@gmail.com     |
| bhavin    | patel    | 1983-11-13 | bhavin.patel@gmail.com   |
| kaushal   | patil    | 1982-07-30 | kaushal.patil@gmail.com  |
| pankaj    | gandhi   | 1982-07-30 | pankaj.gandhi@gmail.com  |
| rajan     | patel    | 1982-07-30 | rajan.patel@gmail.com    |
| bhavin    | patel    | 1982-07-30 | bhavin.patel@gmail.com   |
| mukesh    | bhavsar  | 1982-07-30 | mukesh.bhavsar@gmail.com |
| dilu      | khande   | 1982-07-30 | dilu.khande@gmail.com    |
| sonam     | khan     | 1972-05-13 | sonam.khan@gmail.com     |
| rohit     | patil    | 1976-12-31 | rohit.patil@gmail.com    |
| raj       | bubber   | 1982-02-28 | raj.bubber@gmail.com     |
+-----------+----------+------------+--------------------------+
28 rows in set (0.00 sec)

mysql> select namefirst,namelast,emailId where namefirst='nitish';
ERROR 1054 (42S22): Unknown column 'namefirst' in 'field list'
mysql> select namefirst,namelast,emailId where namefirst='nitish' from student;
ERROR 1064 (42000): You have an error in your SQL syntax; check the manual that corresponds to your MySQL server version for the right syntax to use near 'from student' at line 1
mysql> select namefirst,namelast,emailId from student where namefirst='nitish';
+-----------+----------+------------------------+
| namefirst | namelast | emailId                |
+-----------+----------+------------------------+
| nitish    | patil    | nitish.patil@gmail.com |
+-----------+----------+------------------------+
1 row in set (0.00 sec)

mysql> select id from student where iD='15';
+----+
| id |
+----+
| 15 |
+----+
1 row in set (0.00 sec)

mysql> select * from student where iD='15';
+----+-----------+----------+------------+--------------------------+
| ID | namefirst | namelast | DOB        | emailID                  |
+----+-----------+----------+------------+--------------------------+
| 15 | bandish   | karnik   | 1987-12-30 | bandish.karnik@gmail.com |
+----+-----------+----------+------------+--------------------------+
1 row in set (0.00 sec)

mysql> select * DOB from student where DOB='1980-12-01';
ERROR 1064 (42000): You have an error in your SQL syntax; check the manual that corresponds to your MySQL server version for the right syntax to use near 'DOB from student where DOB='1980-12-01'' at line 1
mysql> select *  from student where DOB='1980-12-01';
+----+-----------+----------+------------+-----------------------+
| ID | namefirst | namelast | DOB        | emailID               |
+----+-----------+----------+------------+-----------------------+
|  6 | lala      | prasad   | 1980-12-01 | lala.prasad@gmail.com |
+----+-----------+----------+------------+-----------------------+
1 row in set (0.00 sec)

mysql> select  number from student_phone  where id='5';
+------------+
| number     |
+------------+
| 7032300001 |
+------------+
1 row in set (0.03 sec)

mysql> select * from student_phone;
+----+-----------+------------+----------+
| ID | studentID | number     | isActive |
+----+-----------+------------+----------+
|  1 |         1 | 7032300034 |        1 |
|  2 |         2 | 7032300039 |        1 |
|  3 |         3 | 7032300050 |        1 |
|  4 |         4 | 7032300027 |        1 |
|  5 |         5 | 7032300001 |        1 |
|  6 |         6 | 7032300079 |        1 |
|  7 |         7 | 7032300081 |        1 |
|  8 |         8 | 7032300054 |        1 |
|  9 |         9 | 7032300059 |        1 |
| 10 |        10 | 7032300086 |        1 |
| 11 |        11 | 7032300082 |        1 |
| 12 |        12 | 7032300042 |        1 |
| 13 |        13 | 7032300055 |        1 |
| 14 |        14 | 7032300013 |        1 |
| 15 |        15 | 7032300099 |        1 |
| 16 |        16 | 7032300023 |        1 |
| 17 |        17 | 7032300084 |        1 |
| 18 |        18 | 7032300011 |        1 |
| 19 |        19 | 7032300066 |        1 |
| 20 |        20 | 7032300096 |        1 |
| 21 |         1 | 7132300034 |        1 |
| 22 |         2 | 7132300039 |        1 |
| 23 |         3 | 7132300050 |        1 |
| 24 |         4 | 7132300027 |        1 |
| 25 |         5 | 7032300001 |        1 |
| 26 |         6 | 7132300079 |        1 |
| 27 |         7 | 7132300081 |        0 |
| 28 |         8 | 7132300054 |        0 |
| 29 |         9 | 7132300059 |        0 |
| 30 |        10 | 7132300086 |        0 |
| 31 |        11 | 7132300082 |        0 |
| 32 |        12 | 7132300042 |        0 |
| 33 |        13 | 7132300055 |        0 |
| 34 |        13 | 7132300055 |        0 |
| 35 |        13 | 7132300055 |        1 |
| 36 |         6 | 7134567123 |        0 |
| 37 |        21 | 7156567123 |        1 |
| 38 |        22 | 7156567134 |        1 |
| 39 |        23 | 7156563423 |        0 |
| 40 |        24 | 7156567183 |        0 |
| 41 |        25 | 7146566412 |        1 |
+----+-----------+------------+----------+
41 rows in set (0.00 sec)

mysql> select * from student_address;
+----+-----------+-------------------------------------------------------------------+
| ID | studentID | address                                                           |
+----+-----------+-------------------------------------------------------------------+
|  1 |         1 | 13758 Dogwood, St, Trona, CA, Los Angeles, 93562                  |
|  2 |         2 | 2263 Ga 17 Hwy N, Millen, GA, Atlanta, 30442                      |
|  3 |         3 | 409 Berry St, Louisa, KY, San Jose, 41230                         |
|  4 |         4 | 7720 Covington Rd, Pink Stand, TN, San Francisco, 37188           |
|  5 |         5 | 15 Hempstead, St, Saugus, MA, Las Vega, 1906                      |
|  6 |         6 | 165 Village Dr., P.O. Box 3700, Oakland, TN, Oakland, 38060       |
|  7 |         7 | Po Box 83, Faith, NC, New Jersey, 28041                           |
|  8 |         8 | 3402 Buccaneer Rose Ave, Bakersfield, CA, Boston, 93313           |
|  9 |         9 | Po Box 77, Linking Road, UK                                       |
| 10 |        10 | 7710 Covington Rd , New State Road, New York, 37188               |
| 11 |        11 | 15 Hempstead St, Saugus, MA, Boston, 1906                         |
| 12 |        12 | 165 Ken city, P.O. Box 942873, 50 Higuera Street, Oakland, 38060  |
| 13 |        13 | Po Box 83, Faith, NC, null, New York, 28041                       |
| 14 |        14 | 808 Rocky Hill Rd, Plymouth 1993 Cross lane, Boston, 32360        |
| 15 |        15 | 118 Lippitt Ave Warwick, 100 S. Main Street, Los Angeles, 12889   |
| 16 |        16 | 5973 Moon Shadow Dr. Herriman, null, Atlanta, 2345                |
| 17 |        17 | 13758 Dogwood St, Trona, null, San Jose, 93562                    |
| 18 |        18 | 2263 Ga 17 Hwy N, Millen, null, Las Vega, 30442                   |
| 19 |        19 | 321/vimal park, karve road, pune, 411038                          |
| 20 |        20 | Prashant Society, Kothrud, pune, 411038                           |
| 21 |        21 | 8 vaibhav, Ishadan soc, paud road, Pune                           |
| 22 |        22 | 9 vaibhav, Ishadan soc, paud road, Pune                           |
| 23 |        23 | 10  vaibhav, Ishadan soc, paud road, Pune                         |
| 24 |        24 | 4 vaibhav, Ishadan soc, paud road, Pune                           |
| 25 |        25 | 7 vaibhav, Ishadan soc, paud road, Pune                           |
| 26 |        26 | 19 Hempstead St, go streat, MG, Boston, 19077                     |
| 27 |        27 | 1699 Ken city, P.O. Box 942873, 50 Higuera Street, Oakland, 38060 |
| 28 |        28 | Po Box 87, Faith, NC, New York, 28045                             |
+----+-----------+-------------------------------------------------------------------+
28 rows in set (0.04 sec)

mysql> select  address from student_address  where id='10';
+-----------------------------------------------------+
| address                                             |
+-----------------------------------------------------+
| 7710 Covington Rd , New State Road, New York, 37188 |
+-----------------------------------------------------+
1 row in set (0.00 sec)

mysql> select id, address from student_address  where id='10';
+----+-----------------------------------------------------+
| id | address                                             |
+----+-----------------------------------------------------+
| 10 | 7710 Covington Rd , New State Road, New York, 37188 |
+----+-----------------------------------------------------+
1 row in set (0.00 sec)

mysql> select  * from faculty;
+----+-----------+----------+------------+------------------------+
| ID | namefirst | namelast | DOB        | emailID                |
+----+-----------+----------+------------+------------------------+
|  1 | prachi    | gupta    | 1974-06-12 | prachi.gupta@gmail.com |
|  2 | ketan     | shukla   | 1972-10-25 | ketan.shukla@gmail.com |
|  3 | kiran     | dev      | 1971-10-25 | kiran.dev@gmail.com    |
|  4 | parag     | patil    | 1972-10-31 | parag.patil@gmail.com  |
+----+-----------+----------+------------+------------------------+
4 rows in set (0.04 sec)

mysql> select id,  number from faculty_phone  where id='2';
+----+------------+
| id | number     |
+----+------------+
|  2 | 7032300039 |
+----+------------+
1 row in set (0.03 sec)

mysql> select id, namefirst number from faculty_phone  where id='2';
ERROR 1054 (42S22): Unknown column 'namefirst' in 'field list'
mysql> select id, namefirst, number from faculty_phone  where id='2';
ERROR 1054 (42S22): Unknown column 'namefirst' in 'field list'
mysql> select  number from student_phone  where id='13';
+------------+
| number     |
+------------+
| 7032300055 |
+------------+
1 row in set (0.00 sec)

mysql> select id, number from student_phone  where id='13';
+----+------------+
| id | number     |
+----+------------+
| 13 | 7032300055 |
+----+------------+
1 row in set (0.00 sec)

mysql> select * from modules;
+----+---------------------------+----------+
| ID | name                      | duration |
+----+---------------------------+----------+
|  1 | Oracle                    |        1 |
|  2 | PHP                       |        1 |
|  3 | MySQL                     |        1 |
|  4 | Node                      |        1 |
|  5 | C++                       |        1 |
|  6 | C                         |        1 |
|  7 | JAVA1                     |        2 |
|  8 | JAVA2                     |        2 |
|  9 | MongoDB                   |        1 |
| 10 | NET                       |        2 |
| 11 | Hive                      |        1 |
| 12 | Python                    |        1 |
| 13 | Aptitude                  |        1 |
| 14 | OOPs with C++ Programming |        6 |
| 15 | Data Structures           |        6 |
| 16 | OS Concepts               |        6 |
| 17 | iOS Programming           |        6 |
+----+---------------------------+----------+
17 rows in set (0.04 sec)

mysql> select * from course_modules;
+----+----------+----------+
| ID | courseID | moduleID |
+----+----------+----------+
|  1 |        1 |        1 |
|  2 |        1 |        2 |
|  3 |        1 |        3 |
|  4 |        1 |        4 |
|  5 |        1 |        5 |
|  6 |        1 |        6 |
|  7 |        1 |        7 |
|  8 |        1 |        8 |
|  9 |        1 |        9 |
| 10 |        2 |        1 |
| 11 |        2 |        2 |
| 12 |        2 |        3 |
| 13 |        2 |       11 |
| 14 |        2 |       12 |
| 15 |        2 |        9 |
| 16 |        3 |       13 |
| 17 |        3 |        5 |
| 18 |        3 |        6 |
| 19 |        4 |        1 |
| 20 |        4 |        7 |
| 21 |        4 |        8 |
| 22 |        5 |        1 |
| 23 |        5 |        7 |
| 24 |        5 |        8 |
| 25 |        6 |       14 |
| 26 |        6 |       15 |
| 27 |        6 |       16 |
| 28 |        6 |       17 |
+----+----------+----------+
28 rows in set (0.05 sec)

mysql> select * from course_module;
ERROR 1146 (42S02): Table 'dac103.course_module' doesn't exist
mysql> select id,  from course_module  where id='1';
ERROR 1064 (42000): You have an error in your SQL syntax; check the manual that corresponds to your MySQL server version for the right syntax to use near 'from course_module  where id='1'' at line 1
mysql> select id,  from course_modules  where id='1';
ERROR 1064 (42000): You have an error in your SQL syntax; check the manual that corresponds to your MySQL server version for the right syntax to use near 'from course_modules  where id='1'' at line 1
mysql> select id,  from modules  where id='1';
ERROR 1064 (42000): You have an error in your SQL syntax; check the manual that corresponds to your MySQL server version for the right syntax to use near 'from modules  where id='1'' at line 1
mysql> select id,course_modules from courses where id='1';
ERROR 1146 (42S02): Table 'dac103.courses' doesn't exist
mysql> select id,course_modules from modules where id='1';
ERROR 1054 (42S22): Unknown column 'course_modules' in 'field list'
mysql> select course_id,course_modules from modules where id='1';
ERROR 1054 (42S22): Unknown column 'course_id' in 'field list'
mysql> select course_ID,course_modules from modules where id='1';
ERROR 1054 (42S22): Unknown column 'course_ID' in 'field list'
mysql> select courseID,course_modules from modules where id='1';
ERROR 1054 (42S22): Unknown column 'courseID' in 'field list'
mysql> select courseID from course_modules where id='1';
+----------+
| courseID |
+----------+
|        1 |
+----------+
1 row in set (0.00 sec)

mysql> select courseID from course_modules where courseid='1';
+----------+
| courseID |
+----------+
|        1 |
|        1 |
|        1 |
|        1 |
|        1 |
|        1 |
|        1 |
|        1 |
|        1 |
+----------+
9 rows in set (0.04 sec)

mysql> select ID from course_modules where courseid='1';
+----+
| ID |
+----+
|  1 |
|  2 |
|  3 |
|  4 |
|  5 |
|  6 |
|  7 |
|  8 |
|  9 |
+----+
9 rows in set (0.00 sec)

mysql> select id,courseID from course_modules where courseid='1';
+----+----------+
| id | courseID |
+----+----------+
|  1 |        1 |
|  2 |        1 |
|  3 |        1 |
|  4 |        1 |
|  5 |        1 |
|  6 |        1 |
|  7 |        1 |
|  8 |        1 |
|  9 |        1 |
+----+----------+
9 rows in set (0.00 sec)

mysql> select *course_batches form course where capacity='80';

mysql> select * from course_batches;
+----+---------+----------+------------+------------+----------+
| ID | name    | courseID | starton    | endson     | capacity |
+----+---------+----------+------------+------------+----------+
|  1 | Batch1  |        1 | 2016-02-01 | 2016-08-31 |       80 |
|  2 | Batch2  |        2 | 2016-02-01 | 2016-08-31 |       30 |
|  3 | Batch3  |        3 | 2016-02-01 | 2016-03-31 |       35 |
|  4 | Batch4  |        4 | 2016-07-01 | 2016-09-30 |       25 |
|  5 | Batch5  |        5 | 2016-07-01 | 2016-09-30 |       25 |
|  6 | Batch6  |        1 | 2015-02-01 | 2015-08-31 |       80 |
|  7 | Batch7  |        2 | 2015-02-01 | 2015-08-31 |       30 |
|  8 | Batch8  |        3 | 2017-04-01 | 2017-05-31 |       30 |
|  9 | Batch9  |        4 | 2018-07-01 | 2018-09-30 |       25 |
| 10 | Batch10 |        5 | 2018-09-01 | 2018-11-30 |       25 |
| 11 | Batch11 |        1 | 2017-08-01 | 2018-02-28 |       80 |
| 12 | Batch12 |        2 | 2017-08-01 | 2018-02-28 |       30 |
| 13 | Batch13 |        3 | 2017-07-01 | 2017-08-31 |       30 |
| 14 | Batch14 |        4 | 2018-05-01 | 2018-07-31 |       25 |
| 15 | Batch15 |        5 | 2018-06-01 | 2018-08-30 |       25 |
| 16 | Batch16 |        1 | 2014-08-01 | 2015-02-28 |       80 |
| 17 | Batch17 |        2 | 2014-08-01 | 2015-02-28 |       30 |
| 18 | Batch18 |        3 | 2018-03-01 | 2018-04-30 |       35 |
| 19 | Batch19 |        4 | 2019-01-01 | 2019-03-30 |       25 |
| 20 | Batch20 |        5 | 2018-12-01 | 2019-02-28 |       25 |
| 21 | Batch21 |        1 | 2015-08-01 | 2016-02-28 |       80 |
| 22 | Batch22 |        2 | 2015-08-01 | 2016-02-28 |       30 |
| 23 | Batch23 |        3 | 2019-03-01 | 2019-04-30 |       40 |
| 24 | Batch24 |        4 | 2019-01-01 | 2019-03-30 |       30 |
| 25 | Batch25 |        6 | 2019-01-01 | 2019-03-30 |       30 |
+----+---------+----------+------------+------------+----------+
25 rows in set (0.05 sec)

mysql> select * id,name from course_batches where capacity='80';
ERROR 1064 (42000): You have an error in your SQL syntax; check the manual that corresponds to your MySQL server version for the right syntax to use near 'id,name from course_batches where capacity='80'' at line 1
mysql> select  id,name from course_batches where capacity='80';
+----+---------+
| id | name    |
+----+---------+
|  1 | Batch1  |
|  6 | Batch6  |
| 11 | Batch11 |
| 16 | Batch16 |
| 21 | Batch21 |
+----+---------+
5 rows in set (0.00 sec)

mysql> select *  from student where id>=12;
+----+-----------+----------+------------+--------------------------+
| ID | namefirst | namelast | DOB        | emailID                  |
+----+-----------+----------+------------+--------------------------+
| 12 | deep      | save     | 1986-11-30 | deep.save@gmail.com      |
| 13 | nrupali   | save     | 1981-12-01 | nrupali.save@gmail.com   |
| 14 | supriya   | karnik   | 1983-12-15 | supriya.karnik@gmail.com |
| 15 | bandish   | karnik   | 1987-12-30 | bandish.karnik@gmail.com |
| 16 | sangita   | karnik   | 1990-12-01 | sangita.karnik@gmail.com |
| 17 | sangita   | menon    | 1989-10-26 | sangita.menon@gmail.com  |
| 18 | rahul     | shah     | 1982-06-12 | rahul.shah@gmail.com     |
| 19 | bhavin    | patel    | 1983-11-13 | bhavin.patel@gmail.com   |
| 20 | kaushal   | patil    | 1982-07-30 | kaushal.patil@gmail.com  |
| 21 | pankaj    | gandhi   | 1982-07-30 | pankaj.gandhi@gmail.com  |
| 22 | rajan     | patel    | 1982-07-30 | rajan.patel@gmail.com    |
| 23 | bhavin    | patel    | 1982-07-30 | bhavin.patel@gmail.com   |
| 24 | mukesh    | bhavsar  | 1982-07-30 | mukesh.bhavsar@gmail.com |
| 25 | dilu      | khande   | 1982-07-30 | dilu.khande@gmail.com    |
| 26 | sonam     | khan     | 1972-05-13 | sonam.khan@gmail.com     |
| 27 | rohit     | patil    | 1976-12-31 | rohit.patil@gmail.com    |
| 28 | raj       | bubber   | 1982-02-28 | raj.bubber@gmail.com     |
+----+-----------+----------+------------+--------------------------+
17 rows in set (0.00 sec)

=======================================================================================================================================================================
assignment4
=====================================================================================================================================================================


mysql> select * from student;
+----+-----------+----------+------------+--------------------------+
| ID | namefirst | namelast | DOB        | emailID                  |
+----+-----------+----------+------------+--------------------------+
|  1 | saleel    | bagde    | 1984-06-12 | saleel.bagde@gmail.com   |
|  2 | omkar     | rokde    | 1969-10-25 | omkar.rakde@gmail.com    |
|  3 | ulka      | joshi    | 1970-10-25 | ulka.joshi@gmail.com     |
|  4 | rahul     | patil    | 1982-10-31 | rahul.patil@gmail.com    |
|  5 | ruhan     | bagde    | 1984-01-12 | ruhan.bagde@gmail.com    |
|  6 | lala      | prasad   | 1980-12-01 | lala.prasad@gmail.com    |
|  7 | sharmin   | bagde    | 1986-12-14 | sharmin.bagde@gmail.com  |
|  8 | vrushali  | bagde    | 1984-12-29 | vrushali.bagde@gmail.com |
|  9 | vasant    | khande   | 1992-10-26 | vasant.khande@gmail.com  |
| 10 | nitish    | patil    | 1990-10-26 | nitish.patil@gmail.com   |
| 11 | neel      | save     | 1975-10-30 | neel.save@gmail.com      |
| 12 | deep      | save     | 1986-11-30 | deep.save@gmail.com      |
| 13 | nrupali   | save     | 1981-12-01 | nrupali.save@gmail.com   |
| 14 | supriya   | karnik   | 1983-12-15 | supriya.karnik@gmail.com |
| 15 | bandish   | karnik   | 1987-12-30 | bandish.karnik@gmail.com |
| 16 | sangita   | karnik   | 1990-12-01 | sangita.karnik@gmail.com |
| 17 | sangita   | menon    | 1989-10-26 | sangita.menon@gmail.com  |
| 18 | rahul     | shah     | 1982-06-12 | rahul.shah@gmail.com     |
| 19 | bhavin    | patel    | 1983-11-13 | bhavin.patel@gmail.com   |
| 20 | kaushal   | patil    | 1982-07-30 | kaushal.patil@gmail.com  |
| 21 | pankaj    | gandhi   | 1982-07-30 | pankaj.gandhi@gmail.com  |
| 22 | rajan     | patel    | 1982-07-30 | rajan.patel@gmail.com    |
| 23 | bhavin    | patel    | 1982-07-30 | bhavin.patel@gmail.com   |
| 24 | mukesh    | bhavsar  | 1982-07-30 | mukesh.bhavsar@gmail.com |
| 25 | dilu      | khande   | 1982-07-30 | dilu.khande@gmail.com    |
| 26 | sonam     | khan     | 1972-05-13 | sonam.khan@gmail.com     |
| 27 | rohit     | patil    | 1976-12-31 | rohit.patil@gmail.com    |
| 28 | raj       | bubber   | 1982-02-28 | raj.bubber@gmail.com     |
+----+-----------+----------+------------+--------------------------+
28 rows in set (0.00 sec)

mysql> select namefirst, namelast from student where namefirst asc;
ERROR 1064 (42000): You have an error in your SQL syntax; check the manual that corresponds to your MySQL server version for the right syntax to use near 'asc' at line 1
mysql> select namefirst, namelast from student where namefirst asce;
ERROR 1064 (42000): You have an error in your SQL syntax; check the manual that corresponds to your MySQL server version for the right syntax to use near 'asce' at line 1
mysql> select namefirst, namelast from student where namefirst orderby asce;
ERROR 1064 (42000): You have an error in your SQL syntax; check the manual that corresponds to your MySQL server version for the right syntax to use near 'orderby asce' at line 1
mysql> select namefirst, namelast from student order by namefirst  asce;
ERROR 1064 (42000): You have an error in your SQL syntax; check the manual that corresponds to your MySQL server version for the right syntax to use near 'asce' at line 1
mysql> select namefirst, namelast from student order by namefirst  asc;
+-----------+----------+
| namefirst | namelast |
+-----------+----------+
| bandish   | karnik   |
| bhavin    | patel    |
| bhavin    | patel    |
| deep      | save     |
| dilu      | khande   |
| kaushal   | patil    |
| lala      | prasad   |
| mukesh    | bhavsar  |
| neel      | save     |
| nitish    | patil    |
| nrupali   | save     |
| omkar     | rokde    |
| pankaj    | gandhi   |
| rahul     | patil    |
| rahul     | shah     |
| raj       | bubber   |
| rajan     | patel    |
| rohit     | patil    |
| ruhan     | bagde    |
| saleel    | bagde    |
| sangita   | karnik   |
| sangita   | menon    |
| sharmin   | bagde    |
| sonam     | khan     |
| supriya   | karnik   |
| ulka      | joshi    |
| vasant    | khande   |
| vrushali  | bagde    |
+-----------+----------+
28 rows in set (0.00 sec)

mysql> select namefirst, namelast, DOB, emailId from student where limit=5;
ERROR 1064 (42000): You have an error in your SQL syntax; check the manual that corresponds to your MySQL server version for the right syntax to use near 'limit=5' at line 1
mysql> select namefirst, namelast, DOB, emailId from student where limit='5';
ERROR 1064 (42000): You have an error in your SQL syntax; check the manual that corresponds to your MySQL server version for the right syntax to use near 'limit='5'' at line 1
mysql> select namefirst, namelast, DOB, emailId from student where limit 3;
ERROR 1064 (42000): You have an error in your SQL syntax; check the manual that corresponds to your MySQL server version for the right syntax to use near 'limit 3' at line 1
mysql> select namefirst, namelast, DOB, emailId from student limit 3;
+-----------+----------+------------+------------------------+
| namefirst | namelast | DOB        | emailId                |
+-----------+----------+------------+------------------------+
| saleel    | bagde    | 1984-06-12 | saleel.bagde@gmail.com |
| omkar     | rokde    | 1969-10-25 | omkar.rakde@gmail.com  |
| ulka      | joshi    | 1970-10-25 | ulka.joshi@gmail.com   |
+-----------+----------+------------+------------------------+
3 rows in set (0.00 sec)

mysql> select namefirst, namelast, DOB, emailId from student limit 5;
+-----------+----------+------------+------------------------+
| namefirst | namelast | DOB        | emailId                |
+-----------+----------+------------+------------------------+
| saleel    | bagde    | 1984-06-12 | saleel.bagde@gmail.com |
| omkar     | rokde    | 1969-10-25 | omkar.rakde@gmail.com  |
| ulka      | joshi    | 1970-10-25 | ulka.joshi@gmail.com   |
| rahul     | patil    | 1982-10-31 | rahul.patil@gmail.com  |
| ruhan     | bagde    | 1984-01-12 | ruhan.bagde@gmail.com  |
+-----------+----------+------------+------------------------+
5 rows in set (0.00 sec)

mysql> select * from student;
+----+-----------+----------+------------+--------------------------+
| ID | namefirst | namelast | DOB        | emailID                  |
+----+-----------+----------+------------+--------------------------+
|  1 | saleel    | bagde    | 1984-06-12 | saleel.bagde@gmail.com   |
|  2 | omkar     | rokde    | 1969-10-25 | omkar.rakde@gmail.com    |
|  3 | ulka      | joshi    | 1970-10-25 | ulka.joshi@gmail.com     |
|  4 | rahul     | patil    | 1982-10-31 | rahul.patil@gmail.com    |
|  5 | ruhan     | bagde    | 1984-01-12 | ruhan.bagde@gmail.com    |
|  6 | lala      | prasad   | 1980-12-01 | lala.prasad@gmail.com    |
|  7 | sharmin   | bagde    | 1986-12-14 | sharmin.bagde@gmail.com  |
|  8 | vrushali  | bagde    | 1984-12-29 | vrushali.bagde@gmail.com |
|  9 | vasant    | khande   | 1992-10-26 | vasant.khande@gmail.com  |
| 10 | nitish    | patil    | 1990-10-26 | nitish.patil@gmail.com   |
| 11 | neel      | save     | 1975-10-30 | neel.save@gmail.com      |
| 12 | deep      | save     | 1986-11-30 | deep.save@gmail.com      |
| 13 | nrupali   | save     | 1981-12-01 | nrupali.save@gmail.com   |
| 14 | supriya   | karnik   | 1983-12-15 | supriya.karnik@gmail.com |
| 15 | bandish   | karnik   | 1987-12-30 | bandish.karnik@gmail.com |
| 16 | sangita   | karnik   | 1990-12-01 | sangita.karnik@gmail.com |
| 17 | sangita   | menon    | 1989-10-26 | sangita.menon@gmail.com  |
| 18 | rahul     | shah     | 1982-06-12 | rahul.shah@gmail.com     |
| 19 | bhavin    | patel    | 1983-11-13 | bhavin.patel@gmail.com   |
| 20 | kaushal   | patil    | 1982-07-30 | kaushal.patil@gmail.com  |
| 21 | pankaj    | gandhi   | 1982-07-30 | pankaj.gandhi@gmail.com  |
| 22 | rajan     | patel    | 1982-07-30 | rajan.patel@gmail.com    |
| 23 | bhavin    | patel    | 1982-07-30 | bhavin.patel@gmail.com   |
| 24 | mukesh    | bhavsar  | 1982-07-30 | mukesh.bhavsar@gmail.com |
| 25 | dilu      | khande   | 1982-07-30 | dilu.khande@gmail.com    |
| 26 | sonam     | khan     | 1972-05-13 | sonam.khan@gmail.com     |
| 27 | rohit     | patil    | 1976-12-31 | rohit.patil@gmail.com    |
| 28 | raj       | bubber   | 1982-02-28 | raj.bubber@gmail.com     |
+----+-----------+----------+------------+--------------------------+
28 rows in set (0.00 sec)

mysql> select * from student where ID=1,2,5,7;
ERROR 1064 (42000): You have an error in your SQL syntax; check the manual that corresponds to your MySQL server version for the right syntax to use near ',2,5,7' at line 1
mysql> select * from student where ID='1,2,5,7';
+----+-----------+----------+------------+------------------------+
| ID | namefirst | namelast | DOB        | emailID                |
+----+-----------+----------+------------+------------------------+
|  1 | saleel    | bagde    | 1984-06-12 | saleel.bagde@gmail.com |
+----+-----------+----------+------------+------------------------+
1 row in set, 1 warning (0.00 sec)

mysql> select * from student where ID='1','2','5','7';
ERROR 1064 (42000): You have an error in your SQL syntax; check the manual that corresponds to your MySQL server version for the right syntax to use near ','2','5','7'' at line 1
mysql> select * from student group by ID=1,2,5,7;
ERROR 1054 (42S22): Unknown column '7' in 'group statement'
mysql> select * from student where ID group by ='1','2','5','7';
ERROR 1064 (42000): You have an error in your SQL syntax; check the manual that corresponds to your MySQL server version for the right syntax to use near '='1','2','5','7'' at line 1
mysql> select * from student where ID(1,2,5,7);
ERROR 1305 (42000): FUNCTION dac103.ID does not exist
mysql> select * from student where id(1,2,5,7);
ERROR 1305 (42000): FUNCTION dac103.id does not exist
mysql> select * from student where ID('1,2,5,7');
ERROR 1305 (42000): FUNCTION dac103.ID does not exist
mysql> select * from student where ID=('1,2,5,7');
+----+-----------+----------+------------+------------------------+
| ID | namefirst | namelast | DOB        | emailID                |
+----+-----------+----------+------------+------------------------+
|  1 | saleel    | bagde    | 1984-06-12 | saleel.bagde@gmail.com |
+----+-----------+----------+------------+------------------------+
1 row in set, 1 warning (0.00 sec)

mysql> select * from student where ID=('1','2','5','7');
ERROR 1241 (21000): Operand should contain 1 column(s)
mysql> select * from student group by ID limit 1,2,5,7;
ERROR 1064 (42000): You have an error in your SQL syntax; check the manual that corresponds to your MySQL server version for the right syntax to use near ',5,7' at line 1
mysql> select id from student limit 1,2,5,7;
ERROR 1064 (42000): You have an error in your SQL syntax; check the manual that corresponds to your MySQL server version for the right syntax to use near ',5,7' at line 1
mysql> select id from student limit 1,2;
+----+
| id |
+----+
|  2 |
|  3 |
+----+
2 rows in set (0.00 sec)

mysql> select id from student limit 1,2,5,7;
ERROR 1064 (42000): You have an error in your SQL syntax; check the manual that corresponds to your MySQL server version for the right syntax to use near ',5,7' at line 1
mysql> select id from student order by id=1,2,5,7;
ERROR 1054 (42S22): Unknown column '2' in 'order clause'
mysql> select id from student order by id=1,2;
ERROR 1054 (42S22): Unknown column '2' in 'order clause'
mysql> select  id from student order by rand() limit 1;
+----+
| id |
+----+
| 26 |
+----+
1 row in set (0.01 sec)

mysql> select * id from student order by rand() limit 1;
ERROR 1064 (42000): You have an error in your SQL syntax; check the manual that corresponds to your MySQL server version for the right syntax to use near 'id from student order by rand() limit 1' at line 1
mysql> select *  from student order by rand() id limit 1;
ERROR 1064 (42000): You have an error in your SQL syntax; check the manual that corresponds to your MySQL server version for the right syntax to use near 'id limit 1' at line 1
mysql> select * from student where ID(1,2,5,7);
ERROR 1305 (42000): FUNCTION dac103.ID does not exist
mysql> select * from student where ID in (1,2,5,7);
+----+-----------+----------+------------+-------------------------+
| ID | namefirst | namelast | DOB        | emailID                 |
+----+-----------+----------+------------+-------------------------+
|  1 | saleel    | bagde    | 1984-06-12 | saleel.bagde@gmail.com  |
|  2 | omkar     | rokde    | 1969-10-25 | omkar.rakde@gmail.com   |
|  5 | ruhan     | bagde    | 1984-01-12 | ruhan.bagde@gmail.com   |
|  7 | sharmin   | bagde    | 1986-12-14 | sharmin.bagde@gmail.com |
+----+-----------+----------+------------+-------------------------+
4 rows in set (0.00 sec)

mysql> select * from faculty limit 2;
+----+-----------+----------+------------+------------------------+
| ID | namefirst | namelast | DOB        | emailID                |
+----+-----------+----------+------------+------------------------+
|  1 | prachi    | gupta    | 1974-06-12 | prachi.gupta@gmail.com |
|  2 | ketan     | shukla   | 1972-10-25 | ketan.shukla@gmail.com |
+----+-----------+----------+------------+------------------------+
2 rows in set (0.00 sec)

mysql> select * from student where id not in(5,10,15,7)limit 7;
+----+-----------+----------+------------+--------------------------+
| ID | namefirst | namelast | DOB        | emailID                  |
+----+-----------+----------+------------+--------------------------+
|  1 | saleel    | bagde    | 1984-06-12 | saleel.bagde@gmail.com   |
|  2 | omkar     | rokde    | 1969-10-25 | omkar.rakde@gmail.com    |
|  3 | ulka      | joshi    | 1970-10-25 | ulka.joshi@gmail.com     |
|  4 | rahul     | patil    | 1982-10-31 | rahul.patil@gmail.com    |
|  6 | lala      | prasad   | 1980-12-01 | lala.prasad@gmail.com    |
|  8 | vrushali  | bagde    | 1984-12-29 | vrushali.bagde@gmail.com |
|  9 | vasant    | khande   | 1992-10-26 | vasant.khande@gmail.com  |
+----+-----------+----------+------------+--------------------------+
7 rows in set (0.00 sec)

mysql> select * from student where id not in(5,10,15,)limit 7;
ERROR 1064 (42000): You have an error in your SQL syntax; check the manual that corresponds to your MySQL server version for the right syntax to use near ')limit 7' at line 1
mysql> select * from student where id not in(5,10,15)limit 7;
+----+-----------+----------+------------+--------------------------+
| ID | namefirst | namelast | DOB        | emailID                  |
+----+-----------+----------+------------+--------------------------+
|  1 | saleel    | bagde    | 1984-06-12 | saleel.bagde@gmail.com   |
|  2 | omkar     | rokde    | 1969-10-25 | omkar.rakde@gmail.com    |
|  3 | ulka      | joshi    | 1970-10-25 | ulka.joshi@gmail.com     |
|  4 | rahul     | patil    | 1982-10-31 | rahul.patil@gmail.com    |
|  6 | lala      | prasad   | 1980-12-01 | lala.prasad@gmail.com    |
|  7 | sharmin   | bagde    | 1986-12-14 | sharmin.bagde@gmail.com  |
|  8 | vrushali  | bagde    | 1984-12-29 | vrushali.bagde@gmail.com |
+----+-----------+----------+------------+--------------------------+
7 rows in set (0.00 sec)

mysql> select & * from student_phone asc;
ERROR 1064 (42000): You have an error in your SQL syntax; check the manual that corresponds to your MySQL server version for the right syntax to use near '& * from student_phone asc' at line 1
mysql> select  * from student_phone asc;
ERROR 1064 (42000): You have an error in your SQL syntax; check the manual that corresponds to your MySQL server version for the right syntax to use near 'asc' at line 1
mysql> select * from student_phone order by asc;
ERROR 1064 (42000): You have an error in your SQL syntax; check the manual that corresponds to your MySQL server version for the right syntax to use near 'asc' at line 1
mysql> select * from student_phone order by student_phone asc;
ERROR 1054 (42S22): Unknown column 'student_phone' in 'order clause'
mysql> select * from student_phone order by number asc;
+----+-----------+------------+----------+
| ID | studentID | number     | isActive |
+----+-----------+------------+----------+
|  5 |         5 | 7032300001 |        1 |
| 25 |         5 | 7032300001 |        1 |
| 18 |        18 | 7032300011 |        1 |
| 14 |        14 | 7032300013 |        1 |
| 16 |        16 | 7032300023 |        1 |
|  4 |         4 | 7032300027 |        1 |
|  1 |         1 | 7032300034 |        1 |
|  2 |         2 | 7032300039 |        1 |
| 12 |        12 | 7032300042 |        1 |
|  3 |         3 | 7032300050 |        1 |
|  8 |         8 | 7032300054 |        1 |
| 13 |        13 | 7032300055 |        1 |
|  9 |         9 | 7032300059 |        1 |
| 19 |        19 | 7032300066 |        1 |
|  6 |         6 | 7032300079 |        1 |
|  7 |         7 | 7032300081 |        1 |
| 11 |        11 | 7032300082 |        1 |
| 17 |        17 | 7032300084 |        1 |
| 10 |        10 | 7032300086 |        1 |
| 20 |        20 | 7032300096 |        1 |
| 15 |        15 | 7032300099 |        1 |
| 24 |         4 | 7132300027 |        1 |
| 21 |         1 | 7132300034 |        1 |
| 22 |         2 | 7132300039 |        1 |
| 32 |        12 | 7132300042 |        0 |
| 23 |         3 | 7132300050 |        1 |
| 28 |         8 | 7132300054 |        0 |
| 33 |        13 | 7132300055 |        0 |
| 34 |        13 | 7132300055 |        0 |
| 35 |        13 | 7132300055 |        1 |
| 29 |         9 | 7132300059 |        0 |
| 26 |         6 | 7132300079 |        1 |
| 27 |         7 | 7132300081 |        0 |
| 31 |        11 | 7132300082 |        0 |
| 30 |        10 | 7132300086 |        0 |
| 36 |         6 | 7134567123 |        0 |
| 41 |        25 | 7146566412 |        1 |
| 39 |        23 | 7156563423 |        0 |
| 37 |        21 | 7156567123 |        1 |
| 38 |        22 | 7156567134 |        1 |
| 40 |        24 | 7156567183 |        0 |
+----+-----------+------------+----------+
41 rows in set (0.00 sec)

mysql> select address from student_address where id in(2,4,6,10)order by address desc;
+-------------------------------------------------------------+
| address                                                     |
+-------------------------------------------------------------+
| 7720 Covington Rd, Pink Stand, TN, San Francisco, 37188     |
| 7710 Covington Rd , New State Road, New York, 37188         |
| 2263 Ga 17 Hwy N, Millen, GA, Atlanta, 30442                |
| 165 Village Dr., P.O. Box 3700, Oakland, TN, Oakland, 38060 |
+-------------------------------------------------------------+
4 rows in set (0.00 sec)

mysql> select id,address from student_address where id in(2,4,6,10)order by address desc;
+----+-------------------------------------------------------------+
| id | address                                                     |
+----+-------------------------------------------------------------+
|  4 | 7720 Covington Rd, Pink Stand, TN, San Francisco, 37188     |
| 10 | 7710 Covington Rd , New State Road, New York, 37188         |
|  2 | 2263 Ga 17 Hwy N, Millen, GA, Atlanta, 30442                |
|  6 | 165 Village Dr., P.O. Box 3700, Oakland, TN, Oakland, 38060 |
+----+-------------------------------------------------------------+
4 rows in set (0.00 sec)

mysql> select id,address from student_address where id in(2,4,6,10)order by id desc;
+----+-------------------------------------------------------------+
| id | address                                                     |
+----+-------------------------------------------------------------+
| 10 | 7710 Covington Rd , New State Road, New York, 37188         |
|  6 | 165 Village Dr., P.O. Box 3700, Oakland, TN, Oakland, 38060 |
|  4 | 7720 Covington Rd, Pink Stand, TN, San Francisco, 37188     |
|  2 | 2263 Ga 17 Hwy N, Millen, GA, Atlanta, 30442                |
+----+-------------------------------------------------------------+
4 rows in set (0.00 sec)


=======================================================================================================================================================================assignment7
=======================================================================================================================================================================mysql> select * from student;
+----+-----------+----------+------------+--------------------------+
| ID | namefirst | namelast | DOB        | emailID                  |
+----+-----------+----------+------------+--------------------------+
|  1 | saleel    | bagde    | 1984-06-12 | saleel.bagde@gmail.com   |
|  2 | omkar     | rokde    | 1969-10-25 | omkar.rakde@gmail.com    |
|  3 | ulka      | joshi    | 1970-10-25 | ulka.joshi@gmail.com     |
|  4 | rahul     | patil    | 1982-10-31 | rahul.patil@gmail.com    |
|  5 | ruhan     | bagde    | 1984-01-12 | ruhan.bagde@gmail.com    |
|  6 | lala      | prasad   | 1980-12-01 | lala.prasad@gmail.com    |
|  7 | sharmin   | bagde    | 1986-12-14 | sharmin.bagde@gmail.com  |
|  8 | vrushali  | bagde    | 1984-12-29 | vrushali.bagde@gmail.com |
|  9 | vasant    | khande   | 1992-10-26 | vasant.khande@gmail.com  |
| 10 | nitish    | patil    | 1990-10-26 | nitish.patil@gmail.com   |
| 11 | neel      | save     | 1975-10-30 | neel.save@gmail.com      |
| 12 | deep      | save     | 1986-11-30 | deep.save@gmail.com      |
| 13 | nrupali   | save     | 1981-12-01 | nrupali.save@gmail.com   |
| 14 | supriya   | karnik   | 1983-12-15 | supriya.karnik@gmail.com |
| 15 | bandish   | karnik   | 1987-12-30 | bandish.karnik@gmail.com |
| 16 | sangita   | karnik   | 1990-12-01 | sangita.karnik@gmail.com |
| 17 | sangita   | menon    | 1989-10-26 | sangita.menon@gmail.com  |
| 18 | rahul     | shah     | 1982-06-12 | rahul.shah@gmail.com     |
| 19 | bhavin    | patel    | 1983-11-13 | bhavin.patel@gmail.com   |
| 20 | kaushal   | patil    | 1982-07-30 | kaushal.patil@gmail.com  |
| 21 | pankaj    | gandhi   | 1982-07-30 | pankaj.gandhi@gmail.com  |
| 22 | rajan     | patel    | 1982-07-30 | rajan.patel@gmail.com    |
| 23 | bhavin    | patel    | 1982-07-30 | bhavin.patel@gmail.com   |
| 24 | mukesh    | bhavsar  | 1982-07-30 | mukesh.bhavsar@gmail.com |
| 25 | dilu      | khande   | 1982-07-30 | dilu.khande@gmail.com    |
| 26 | sonam     | khan     | 1972-05-13 | sonam.khan@gmail.com     |
| 27 | rohit     | patil    | 1976-12-31 | rohit.patil@gmail.com    |
| 28 | raj       | bubber   | 1982-02-28 | raj.bubber@gmail.com     |
+----+-----------+----------+------------+--------------------------+
28 rows in set (0.00 sec)

mysql> select * namefirst,namelast from student;
ERROR 1064 (42000): You have an error in your SQL syntax; check the manual that corresponds to your MySQL server version for the right syntax to use near 'namefirst,namelast from student' at line 1
mysql> select  namefirst,namelast from student;
+-----------+----------+
| namefirst | namelast |
+-----------+----------+
| saleel    | bagde    |
| omkar     | rokde    |
| ulka      | joshi    |
| rahul     | patil    |
| ruhan     | bagde    |
| lala      | prasad   |
| sharmin   | bagde    |
| vrushali  | bagde    |
| vasant    | khande   |
| nitish    | patil    |
| neel      | save     |
| deep      | save     |
| nrupali   | save     |
| supriya   | karnik   |
| bandish   | karnik   |
| sangita   | karnik   |
| sangita   | menon    |
| rahul     | shah     |
| bhavin    | patel    |
| kaushal   | patil    |
| pankaj    | gandhi   |
| rajan     | patel    |
| bhavin    | patel    |
| mukesh    | bhavsar  |
| dilu      | khande   |
| sonam     | khan     |
| rohit     | patil    |
| raj       | bubber   |
+-----------+----------+
28 rows in set (0.00 sec)

mysql> select id from student where id=1;
+----+
| id |
+----+
|  1 |
+----+
1 row in set (0.00 sec)

mysql> select id,namesfirst,namelast,DOB,emailid from student where id=1;
ERROR 1054 (42S22): Unknown column 'namesfirst' in 'field list'
mysql> select id,namefirst,namelast,DOB,emailid from student where id=1;
+----+-----------+----------+------------+------------------------+
| id | namefirst | namelast | DOB        | emailid                |
+----+-----------+----------+------------+------------------------+
|  1 | saleel    | bagde    | 1984-06-12 | saleel.bagde@gmail.com |
+----+-----------+----------+------------+------------------------+
1 row in set (0.00 sec)

mysql> select * from faculty;
+----+-----------+----------+------------+------------------------+
| ID | namefirst | namelast | DOB        | emailID                |
+----+-----------+----------+------------+------------------------+
|  1 | prachi    | gupta    | 1974-06-12 | prachi.gupta@gmail.com |
|  2 | ketan     | shukla   | 1972-10-25 | ketan.shukla@gmail.com |
|  3 | kiran     | dev      | 1971-10-25 | kiran.dev@gmail.com    |
|  4 | parag     | patil    | 1972-10-31 | parag.patil@gmail.com  |
+----+-----------+----------+------------+------------------------+
4 rows in set (0.00 sec)

=======================================================================================================================================================================
assignment 7
======================================================================================================================================================================

mysql> select * from faculty;
+----+-----------+----------+------------+------------------------+
| ID | namefirst | namelast | DOB        | emailID                |
+----+-----------+----------+------------+------------------------+
|  1 | prachi    | gupta    | 1974-06-12 | prachi.gupta@gmail.com |
|  2 | ketan     | shukla   | 1972-10-25 | ketan.shukla@gmail.com |
|  3 | kiran     | dev      | 1971-10-25 | kiran.dev@gmail.com    |
|  4 | parag     | patil    | 1972-10-31 | parag.patil@gmail.com  |
+----+-----------+----------+------------+------------------------+
4 rows in set (0.00 sec)

mysql> SELECT * FROM students WHERE SUBSTRING(first_name, 2, 1) = 'A';
ERROR 1146 (42S02): Table 'dac103.students' doesn't exist
mysql> SELECT * FROM student WHERE SUBSTRING(first_name, 2, 1) = 'A';
ERROR 1054 (42S22): Unknown column 'first_name' in 'where clause'
mysql> SELECT * FROM student WHERE SUBSTRING(namefirst, 2, 1) = 'A';
+----+-----------+----------+------------+--------------------------+
| ID | namefirst | namelast | DOB        | emailID                  |
+----+-----------+----------+------------+--------------------------+
|  1 | saleel    | bagde    | 1984-06-12 | saleel.bagde@gmail.com   |
|  4 | rahul     | patil    | 1982-10-31 | rahul.patil@gmail.com    |
|  6 | lala      | prasad   | 1980-12-01 | lala.prasad@gmail.com    |
|  9 | vasant    | khande   | 1992-10-26 | vasant.khande@gmail.com  |
| 15 | bandish   | karnik   | 1987-12-30 | bandish.karnik@gmail.com |
| 16 | sangita   | karnik   | 1990-12-01 | sangita.karnik@gmail.com |
| 17 | sangita   | menon    | 1989-10-26 | sangita.menon@gmail.com  |
| 18 | rahul     | shah     | 1982-06-12 | rahul.shah@gmail.com     |
| 20 | kaushal   | patil    | 1982-07-30 | kaushal.patil@gmail.com  |
| 21 | pankaj    | gandhi   | 1982-07-30 | pankaj.gandhi@gmail.com  |
| 22 | rajan     | patel    | 1982-07-30 | rajan.patel@gmail.com    |
| 28 | raj       | bubber   | 1982-02-28 | raj.bubber@gmail.com     |
+----+-----------+----------+------------+--------------------------+
12 rows in set (0.00 sec)

mysql> SELECT * FROM student WHERE SUBSTRING(namefirst) = 'A';
ERROR 1064 (42000): You have an error in your SQL syntax; check the manual that corresponds to your MySQL server version for the right syntax to use near ') = 'A'' at line 1
mysql> SELECT * FROM student WHERE namefirst = 'A';
Empty set (0.00 sec)

mysql> SELECT * FROM student WHERE in namefirst = 'A';
ERROR 1064 (42000): You have an error in your SQL syntax; check the manual that corresponds to your MySQL server version for the right syntax to use near 'in namefirst = 'A'' at line 1
mysql> SELECT * FROM student WHERE in namefirst =a;
ERROR 1064 (42000): You have an error in your SQL syntax; check the manual that corresponds to your MySQL server version for the right syntax to use near 'in namefirst =a' at line 1
mysql> SELECT * FROM students  WHERE first_name LIKE '%A%';
ERROR 1146 (42S02): Table 'dac103.students' doesn't exist
mysql> SELECT * FROM student  WHERE first_name LIKE '%A%';
ERROR 1054 (42S22): Unknown column 'first_name' in 'where clause'
mysql> SELECT * FROM student  WHERE namefirst LIKE '%A%';
+----+-----------+----------+------------+--------------------------+
| ID | namefirst | namelast | DOB        | emailID                  |
+----+-----------+----------+------------+--------------------------+
|  1 | saleel    | bagde    | 1984-06-12 | saleel.bagde@gmail.com   |
|  2 | omkar     | rokde    | 1969-10-25 | omkar.rakde@gmail.com    |
|  3 | ulka      | joshi    | 1970-10-25 | ulka.joshi@gmail.com     |
|  4 | rahul     | patil    | 1982-10-31 | rahul.patil@gmail.com    |
|  5 | ruhan     | bagde    | 1984-01-12 | ruhan.bagde@gmail.com    |
|  6 | lala      | prasad   | 1980-12-01 | lala.prasad@gmail.com    |
|  7 | sharmin   | bagde    | 1986-12-14 | sharmin.bagde@gmail.com  |
|  8 | vrushali  | bagde    | 1984-12-29 | vrushali.bagde@gmail.com |
|  9 | vasant    | khande   | 1992-10-26 | vasant.khande@gmail.com  |
| 13 | nrupali   | save     | 1981-12-01 | nrupali.save@gmail.com   |
| 14 | supriya   | karnik   | 1983-12-15 | supriya.karnik@gmail.com |
| 15 | bandish   | karnik   | 1987-12-30 | bandish.karnik@gmail.com |
| 16 | sangita   | karnik   | 1990-12-01 | sangita.karnik@gmail.com |
| 17 | sangita   | menon    | 1989-10-26 | sangita.menon@gmail.com  |
| 18 | rahul     | shah     | 1982-06-12 | rahul.shah@gmail.com     |
| 19 | bhavin    | patel    | 1983-11-13 | bhavin.patel@gmail.com   |
| 20 | kaushal   | patil    | 1982-07-30 | kaushal.patil@gmail.com  |
| 21 | pankaj    | gandhi   | 1982-07-30 | pankaj.gandhi@gmail.com  |
| 22 | rajan     | patel    | 1982-07-30 | rajan.patel@gmail.com    |
| 23 | bhavin    | patel    | 1982-07-30 | bhavin.patel@gmail.com   |
| 26 | sonam     | khan     | 1972-05-13 | sonam.khan@gmail.com     |
| 28 | raj       | bubber   | 1982-02-28 | raj.bubber@gmail.com     |
+----+-----------+----------+------------+--------------------------+
22 rows in set (0.00 sec)

mysql> select DOB from student where DOB=1986-12-14;
Empty set, 1 warning (0.00 sec)

mysql> select * from student where DOB=1986-12-14;
Empty set, 1 warning (0.00 sec)

mysql> select date_format(dob, '%d-%m-%y') as formatted_dob from student;
+---------------+
| formatted_dob |
+---------------+
| 12-06-84      |
| 25-10-69      |
| 25-10-70      |
| 31-10-82      |
| 12-01-84      |
| 01-12-80      |
| 14-12-86      |
| 29-12-84      |
| 26-10-92      |
| 26-10-90      |
| 30-10-75      |
| 30-11-86      |
| 01-12-81      |
| 15-12-83      |
| 30-12-87      |
| 01-12-90      |
| 26-10-89      |
| 12-06-82      |
| 13-11-83      |
| 30-07-82      |
| 30-07-82      |
| 30-07-82      |
| 30-07-82      |
| 30-07-82      |
| 30-07-82      |
| 13-05-72      |
| 31-12-76      |
| 28-02-82      |
+---------------+
28 rows in set (0.00 sec)

mysql> SELECT * FROM student  WHERE DOB = '1986-12-14';
+----+-----------+----------+------------+-------------------------+
| ID | namefirst | namelast | DOB        | emailID                 |
+----+-----------+----------+------------+-------------------------+
|  7 | sharmin   | bagde    | 1986-12-14 | sharmin.bagde@gmail.com |
+----+-----------+----------+------------+-------------------------+
1 row in set (0.00 sec)

mysql> SELECT * FROM students  WHERE first_name LIKE '%r%';
ERROR 1146 (42S02): Table 'dac103.students' doesn't exist
mysql> SELECT * FROM student  WHERE namefirst LIKE '%r%';
+----+-----------+----------+------------+--------------------------+
| ID | namefirst | namelast | DOB        | emailID                  |
+----+-----------+----------+------------+--------------------------+
|  2 | omkar     | rokde    | 1969-10-25 | omkar.rakde@gmail.com    |
|  4 | rahul     | patil    | 1982-10-31 | rahul.patil@gmail.com    |
|  5 | ruhan     | bagde    | 1984-01-12 | ruhan.bagde@gmail.com    |
|  7 | sharmin   | bagde    | 1986-12-14 | sharmin.bagde@gmail.com  |
|  8 | vrushali  | bagde    | 1984-12-29 | vrushali.bagde@gmail.com |
| 13 | nrupali   | save     | 1981-12-01 | nrupali.save@gmail.com   |
| 14 | supriya   | karnik   | 1983-12-15 | supriya.karnik@gmail.com |
| 18 | rahul     | shah     | 1982-06-12 | rahul.shah@gmail.com     |
| 22 | rajan     | patel    | 1982-07-30 | rajan.patel@gmail.com    |
| 27 | rohit     | patil    | 1976-12-31 | rohit.patil@gmail.com    |
| 28 | raj       | bubber   | 1982-02-28 | raj.bubber@gmail.com     |
+----+-----------+----------+------------+--------------------------+
11 rows in set (0.00 sec)

mysql> SELECT * FROM student  WHERE namefirst LIKE 'r%';
+----+-----------+----------+------------+-----------------------+
| ID | namefirst | namelast | DOB        | emailID               |
+----+-----------+----------+------------+-----------------------+
|  4 | rahul     | patil    | 1982-10-31 | rahul.patil@gmail.com |
|  5 | ruhan     | bagde    | 1984-01-12 | ruhan.bagde@gmail.com |
| 18 | rahul     | shah     | 1982-06-12 | rahul.shah@gmail.com  |
| 22 | rajan     | patel    | 1982-07-30 | rajan.patel@gmail.com |
| 27 | rohit     | patil    | 1976-12-31 | rohit.patil@gmail.com |
| 28 | raj       | bubber   | 1982-02-28 | raj.bubber@gmail.com  |
+----+-----------+----------+------------+-----------------------+
6 rows in set (0.00 sec)

mysql> SELECT * FROM student WHERE LEFT(first_name, 1) = 'R';
ERROR 1054 (42S22): Unknown column 'first_name' in 'where clause'
mysql> SELECT * FROM student WHERE LEFT(namefirst, 1) = 'R';
+----+-----------+----------+------------+-----------------------+
| ID | namefirst | namelast | DOB        | emailID               |
+----+-----------+----------+------------+-----------------------+
|  4 | rahul     | patil    | 1982-10-31 | rahul.patil@gmail.com |
|  5 | ruhan     | bagde    | 1984-01-12 | ruhan.bagde@gmail.com |
| 18 | rahul     | shah     | 1982-06-12 | rahul.shah@gmail.com  |
| 22 | rajan     | patel    | 1982-07-30 | rajan.patel@gmail.com |
| 27 | rohit     | patil    | 1976-12-31 | rohit.patil@gmail.com |
| 28 | raj       | bubber   | 1982-02-28 | raj.bubber@gmail.com  |
+----+-----------+----------+------------+-----------------------+
6 rows in set (0.00 sec)

mysql> SELECT *FROM student WHERE  LEFT(namefirst, 1) = 'A' OR RIGHT(namefirst, 1) = 'A';
+----+-----------+----------+------------+--------------------------+
| ID | namefirst | namelast | DOB        | emailID                  |
+----+-----------+----------+------------+--------------------------+
|  3 | ulka      | joshi    | 1970-10-25 | ulka.joshi@gmail.com     |
|  6 | lala      | prasad   | 1980-12-01 | lala.prasad@gmail.com    |
| 14 | supriya   | karnik   | 1983-12-15 | supriya.karnik@gmail.com |
| 16 | sangita   | karnik   | 1990-12-01 | sangita.karnik@gmail.com |
| 17 | sangita   | menon    | 1989-10-26 | sangita.menon@gmail.com  |
+----+-----------+----------+------------+--------------------------+
5 rows in set (0.00 sec)

mysql> SELECT *FROM student WHERE  LEFT(namefirst, 1) = 'A';
Empty set (0.00 sec)

mysql> SELECT * FROM student WHERE POSITION('A' IN namefirst) > 0;
+----+-----------+----------+------------+--------------------------+
| ID | namefirst | namelast | DOB        | emailID                  |
+----+-----------+----------+------------+--------------------------+
|  1 | saleel    | bagde    | 1984-06-12 | saleel.bagde@gmail.com   |
|  2 | omkar     | rokde    | 1969-10-25 | omkar.rakde@gmail.com    |
|  3 | ulka      | joshi    | 1970-10-25 | ulka.joshi@gmail.com     |
|  4 | rahul     | patil    | 1982-10-31 | rahul.patil@gmail.com    |
|  5 | ruhan     | bagde    | 1984-01-12 | ruhan.bagde@gmail.com    |
|  6 | lala      | prasad   | 1980-12-01 | lala.prasad@gmail.com    |
|  7 | sharmin   | bagde    | 1986-12-14 | sharmin.bagde@gmail.com  |
|  8 | vrushali  | bagde    | 1984-12-29 | vrushali.bagde@gmail.com |
|  9 | vasant    | khande   | 1992-10-26 | vasant.khande@gmail.com  |
| 13 | nrupali   | save     | 1981-12-01 | nrupali.save@gmail.com   |
| 14 | supriya   | karnik   | 1983-12-15 | supriya.karnik@gmail.com |
| 15 | bandish   | karnik   | 1987-12-30 | bandish.karnik@gmail.com |
| 16 | sangita   | karnik   | 1990-12-01 | sangita.karnik@gmail.com |
| 17 | sangita   | menon    | 1989-10-26 | sangita.menon@gmail.com  |
| 18 | rahul     | shah     | 1982-06-12 | rahul.shah@gmail.com     |
| 19 | bhavin    | patel    | 1983-11-13 | bhavin.patel@gmail.com   |
| 20 | kaushal   | patil    | 1982-07-30 | kaushal.patil@gmail.com  |
| 21 | pankaj    | gandhi   | 1982-07-30 | pankaj.gandhi@gmail.com  |
| 22 | rajan     | patel    | 1982-07-30 | rajan.patel@gmail.com    |
| 23 | bhavin    | patel    | 1982-07-30 | bhavin.patel@gmail.com   |
| 26 | sonam     | khan     | 1972-05-13 | sonam.khan@gmail.com     |
| 28 | raj       | bubber   | 1982-02-28 | raj.bubber@gmail.com     |
+----+-----------+----------+------------+--------------------------+
22 rows in set (0.00 sec)

mysql> SELECT namefirst AS "First Name", lastname AS "Last Name" FROM student;
ERROR 1054 (42S22): Unknown column 'lastname' in 'field list'
mysql> SELECT namefirst AS "First Name", namelast AS "Last Name" FROM student;
+------------+-----------+
| First Name | Last Name |
+------------+-----------+
| saleel     | bagde     |
| omkar      | rokde     |
| ulka       | joshi     |
| rahul      | patil     |
| ruhan      | bagde     |
| lala       | prasad    |
| sharmin    | bagde     |
| vrushali   | bagde     |
| vasant     | khande    |
| nitish     | patil     |
| neel       | save      |
| deep       | save      |
| nrupali    | save      |
| supriya    | karnik    |
| bandish    | karnik    |
| sangita    | karnik    |
| sangita    | menon     |
| rahul      | shah      |
| bhavin     | patel     |
| kaushal    | patil     |
| pankaj     | gandhi    |
| rajan      | patel     |
| bhavin     | patel     |
| mukesh     | bhavsar   |
| dilu       | khande    |
| sonam      | khan      |
| rohit      | patil     |
| raj        | bubber    |
+------------+-----------+
28 rows in set (0.00 sec)

mysql> select * from student where DOB;
+----+-----------+----------+------------+--------------------------+
| ID | namefirst | namelast | DOB        | emailID                  |
+----+-----------+----------+------------+--------------------------+
|  1 | saleel    | bagde    | 1984-06-12 | saleel.bagde@gmail.com   |
|  2 | omkar     | rokde    | 1969-10-25 | omkar.rakde@gmail.com    |
|  3 | ulka      | joshi    | 1970-10-25 | ulka.joshi@gmail.com     |
|  4 | rahul     | patil    | 1982-10-31 | rahul.patil@gmail.com    |
|  5 | ruhan     | bagde    | 1984-01-12 | ruhan.bagde@gmail.com    |
|  6 | lala      | prasad   | 1980-12-01 | lala.prasad@gmail.com    |
|  7 | sharmin   | bagde    | 1986-12-14 | sharmin.bagde@gmail.com  |
|  8 | vrushali  | bagde    | 1984-12-29 | vrushali.bagde@gmail.com |
|  9 | vasant    | khande   | 1992-10-26 | vasant.khande@gmail.com  |
| 10 | nitish    | patil    | 1990-10-26 | nitish.patil@gmail.com   |
| 11 | neel      | save     | 1975-10-30 | neel.save@gmail.com      |
| 12 | deep      | save     | 1986-11-30 | deep.save@gmail.com      |
| 13 | nrupali   | save     | 1981-12-01 | nrupali.save@gmail.com   |
| 14 | supriya   | karnik   | 1983-12-15 | supriya.karnik@gmail.com |
| 15 | bandish   | karnik   | 1987-12-30 | bandish.karnik@gmail.com |
| 16 | sangita   | karnik   | 1990-12-01 | sangita.karnik@gmail.com |
| 17 | sangita   | menon    | 1989-10-26 | sangita.menon@gmail.com  |
| 18 | rahul     | shah     | 1982-06-12 | rahul.shah@gmail.com     |
| 19 | bhavin    | patel    | 1983-11-13 | bhavin.patel@gmail.com   |
| 20 | kaushal   | patil    | 1982-07-30 | kaushal.patil@gmail.com  |
| 21 | pankaj    | gandhi   | 1982-07-30 | pankaj.gandhi@gmail.com  |
| 22 | rajan     | patel    | 1982-07-30 | rajan.patel@gmail.com    |
| 23 | bhavin    | patel    | 1982-07-30 | bhavin.patel@gmail.com   |
| 24 | mukesh    | bhavsar  | 1982-07-30 | mukesh.bhavsar@gmail.com |
| 25 | dilu      | khande   | 1982-07-30 | dilu.khande@gmail.com    |
| 26 | sonam     | khan     | 1972-05-13 | sonam.khan@gmail.com     |
| 27 | rohit     | patil    | 1976-12-31 | rohit.patil@gmail.com    |
| 28 | raj       | bubber   | 1982-02-28 | raj.bubber@gmail.com     |
+----+-----------+----------+------------+--------------------------+
28 rows in set (0.01 sec)

mysql> select * from student where DOB order by asc;
ERROR 1064 (42000): You have an error in your SQL syntax; check the manual that corresponds to your MySQL server version for the right syntax to use near 'asc' at line 1
mysql> select * from student  order by DOB asc;
+----+-----------+----------+------------+--------------------------+
| ID | namefirst | namelast | DOB        | emailID                  |
+----+-----------+----------+------------+--------------------------+
|  2 | omkar     | rokde    | 1969-10-25 | omkar.rakde@gmail.com    |
|  3 | ulka      | joshi    | 1970-10-25 | ulka.joshi@gmail.com     |
| 26 | sonam     | khan     | 1972-05-13 | sonam.khan@gmail.com     |
| 11 | neel      | save     | 1975-10-30 | neel.save@gmail.com      |
| 27 | rohit     | patil    | 1976-12-31 | rohit.patil@gmail.com    |
|  6 | lala      | prasad   | 1980-12-01 | lala.prasad@gmail.com    |
| 13 | nrupali   | save     | 1981-12-01 | nrupali.save@gmail.com   |
| 28 | raj       | bubber   | 1982-02-28 | raj.bubber@gmail.com     |
| 18 | rahul     | shah     | 1982-06-12 | rahul.shah@gmail.com     |
| 20 | kaushal   | patil    | 1982-07-30 | kaushal.patil@gmail.com  |
| 21 | pankaj    | gandhi   | 1982-07-30 | pankaj.gandhi@gmail.com  |
| 22 | rajan     | patel    | 1982-07-30 | rajan.patel@gmail.com    |
| 23 | bhavin    | patel    | 1982-07-30 | bhavin.patel@gmail.com   |
| 24 | mukesh    | bhavsar  | 1982-07-30 | mukesh.bhavsar@gmail.com |
| 25 | dilu      | khande   | 1982-07-30 | dilu.khande@gmail.com    |
|  4 | rahul     | patil    | 1982-10-31 | rahul.patil@gmail.com    |
| 19 | bhavin    | patel    | 1983-11-13 | bhavin.patel@gmail.com   |
| 14 | supriya   | karnik   | 1983-12-15 | supriya.karnik@gmail.com |
|  5 | ruhan     | bagde    | 1984-01-12 | ruhan.bagde@gmail.com    |
|  1 | saleel    | bagde    | 1984-06-12 | saleel.bagde@gmail.com   |
|  8 | vrushali  | bagde    | 1984-12-29 | vrushali.bagde@gmail.com |
| 12 | deep      | save     | 1986-11-30 | deep.save@gmail.com      |
|  7 | sharmin   | bagde    | 1986-12-14 | sharmin.bagde@gmail.com  |
| 15 | bandish   | karnik   | 1987-12-30 | bandish.karnik@gmail.com |
| 17 | sangita   | menon    | 1989-10-26 | sangita.menon@gmail.com  |
| 10 | nitish    | patil    | 1990-10-26 | nitish.patil@gmail.com   |
| 16 | sangita   | karnik   | 1990-12-01 | sangita.karnik@gmail.com |
|  9 | vasant    | khande   | 1992-10-26 | vasant.khande@gmail.com  |
+----+-----------+----------+------------+--------------------------+
28 rows in set (0.00 sec)

mysql> select * from student where namefirst='s'limit 2;
Empty set (0.00 sec)

mysql> select * from student where namefirst='s' limit 2;
Empty set (0.00 sec)

mysql> select * from student where namefirst='s' limit 2;
Empty set (0.00 sec)

mysql> SELECT * FROM student WHERE LOWER(namefirst) = 's' LIMIT 2;
Empty set (0.00 sec)

mysql> SELECT * FROM student WHERE LEFT(namefirst, 1) = 'S' LIMIT 2;
+----+-----------+----------+------------+-------------------------+
| ID | namefirst | namelast | DOB        | emailID                 |
+----+-----------+----------+------------+-------------------------+
|  1 | saleel    | bagde    | 1984-06-12 | saleel.bagde@gmail.com  |
|  7 | sharmin   | bagde    | 1986-12-14 | sharmin.bagde@gmail.com |
+----+-----------+----------+------------+-------------------------+
2 rows in set (0.00 sec)

mysql> SELECT * FROM student  WHERE DOB =‘1986-12-14’
    -> ;
ERROR 1064 (42000): You have an error in your SQL syntax; check the manual that corresponds to your MySQL server version for the right syntax to use near '?1986-12-14?' at line 1
mysql> SELECT * FROM student  WHERE DOB = '1986-12-14';
+----+-----------+----------+------------+-------------------------+
| ID | namefirst | namelast | DOB        | emailID                 |
+----+-----------+----------+------------+-------------------------+
|  7 | sharmin   | bagde    | 1986-12-14 | sharmin.bagde@gmail.com |
+----+-----------+----------+------------+-------------------------+
1 row in set (0.00 sec)

mysql> select * from modules;
+----+---------------------------+----------+
| ID | name                      | duration |
+----+---------------------------+----------+
|  1 | Oracle                    |        1 |
|  2 | PHP                       |        1 |
|  3 | MySQL                     |        1 |
|  4 | Node                      |        1 |
|  5 | C++                       |        1 |
|  6 | C                         |        1 |
|  7 | JAVA1                     |        2 |
|  8 | JAVA2                     |        2 |
|  9 | MongoDB                   |        1 |
| 10 | NET                       |        2 |
| 11 | Hive                      |        1 |
| 12 | Python                    |        1 |
| 13 | Aptitude                  |        1 |
| 14 | OOPs with C++ Programming |        6 |
| 15 | Data Structures           |        6 |
| 16 | OS Concepts               |        6 |
| 17 | iOS Programming           |        6 |
+----+---------------------------+----------+
17 rows in set (0.00 sec)

mysql> select * from modules  where duration='1';
+----+----------+----------+
| ID | name     | duration |
+----+----------+----------+
|  1 | Oracle   |        1 |
|  2 | PHP      |        1 |
|  3 | MySQL    |        1 |
|  4 | Node     |        1 |
|  5 | C++      |        1 |
|  6 | C        |        1 |
|  9 | MongoDB  |        1 |
| 11 | Hive     |        1 |
| 12 | Python   |        1 |
| 13 | Aptitude |        1 |
+----+----------+----------+
10 rows in set (0.00 sec)

mysql> select * from course_batches;
+----+---------+----------+------------+------------+----------+
| ID | name    | courseID | starton    | endson     | capacity |
+----+---------+----------+------------+------------+----------+
|  1 | Batch1  |        1 | 2016-02-01 | 2016-08-31 |       80 |
|  2 | Batch2  |        2 | 2016-02-01 | 2016-08-31 |       30 |
|  3 | Batch3  |        3 | 2016-02-01 | 2016-03-31 |       35 |
|  4 | Batch4  |        4 | 2016-07-01 | 2016-09-30 |       25 |
|  5 | Batch5  |        5 | 2016-07-01 | 2016-09-30 |       25 |
|  6 | Batch6  |        1 | 2015-02-01 | 2015-08-31 |       80 |
|  7 | Batch7  |        2 | 2015-02-01 | 2015-08-31 |       30 |
|  8 | Batch8  |        3 | 2017-04-01 | 2017-05-31 |       30 |
|  9 | Batch9  |        4 | 2018-07-01 | 2018-09-30 |       25 |
| 10 | Batch10 |        5 | 2018-09-01 | 2018-11-30 |       25 |
| 11 | Batch11 |        1 | 2017-08-01 | 2018-02-28 |       80 |
| 12 | Batch12 |        2 | 2017-08-01 | 2018-02-28 |       30 |
| 13 | Batch13 |        3 | 2017-07-01 | 2017-08-31 |       30 |
| 14 | Batch14 |        4 | 2018-05-01 | 2018-07-31 |       25 |
| 15 | Batch15 |        5 | 2018-06-01 | 2018-08-30 |       25 |
| 16 | Batch16 |        1 | 2014-08-01 | 2015-02-28 |       80 |
| 17 | Batch17 |        2 | 2014-08-01 | 2015-02-28 |       30 |
| 18 | Batch18 |        3 | 2018-03-01 | 2018-04-30 |       35 |
| 19 | Batch19 |        4 | 2019-01-01 | 2019-03-30 |       25 |
| 20 | Batch20 |        5 | 2018-12-01 | 2019-02-28 |       25 |
| 21 | Batch21 |        1 | 2015-08-01 | 2016-02-28 |       80 |
| 22 | Batch22 |        2 | 2015-08-01 | 2016-02-28 |       30 |
| 23 | Batch23 |        3 | 2019-03-01 | 2019-04-30 |       40 |
| 24 | Batch24 |        4 | 2019-01-01 | 2019-03-30 |       30 |
| 25 | Batch25 |        6 | 2019-01-01 | 2019-03-30 |       30 |
+----+---------+----------+------------+------------+----------+
25 rows in set (0.00 sec)

mysql> select * from course_batches where capacity='80';
+----+---------+----------+------------+------------+----------+
| ID | name    | courseID | starton    | endson     | capacity |
+----+---------+----------+------------+------------+----------+
|  1 | Batch1  |        1 | 2016-02-01 | 2016-08-31 |       80 |
|  6 | Batch6  |        1 | 2015-02-01 | 2015-08-31 |       80 |
| 11 | Batch11 |        1 | 2017-08-01 | 2018-02-28 |       80 |
| 16 | Batch16 |        1 | 2014-08-01 | 2015-02-28 |       80 |
| 21 | Batch21 |        1 | 2015-08-01 | 2016-02-28 |       80 |
+----+---------+----------+------------+------------+----------+
5 rows in set (0.00 sec)

mysql> select * from Student_qualification_table;
ERROR 1146 (42S02): Table 'dac103.student_qualification_table' doesn't exist
mysql> select * from Student qualification_table;
+----+-----------+----------+------------+--------------------------+
| ID | namefirst | namelast | DOB        | emailID                  |
+----+-----------+----------+------------+--------------------------+
|  1 | saleel    | bagde    | 1984-06-12 | saleel.bagde@gmail.com   |
|  2 | omkar     | rokde    | 1969-10-25 | omkar.rakde@gmail.com    |
|  3 | ulka      | joshi    | 1970-10-25 | ulka.joshi@gmail.com     |
|  4 | rahul     | patil    | 1982-10-31 | rahul.patil@gmail.com    |
|  5 | ruhan     | bagde    | 1984-01-12 | ruhan.bagde@gmail.com    |
|  6 | lala      | prasad   | 1980-12-01 | lala.prasad@gmail.com    |
|  7 | sharmin   | bagde    | 1986-12-14 | sharmin.bagde@gmail.com  |
|  8 | vrushali  | bagde    | 1984-12-29 | vrushali.bagde@gmail.com |
|  9 | vasant    | khande   | 1992-10-26 | vasant.khande@gmail.com  |
| 10 | nitish    | patil    | 1990-10-26 | nitish.patil@gmail.com   |
| 11 | neel      | save     | 1975-10-30 | neel.save@gmail.com      |
| 12 | deep      | save     | 1986-11-30 | deep.save@gmail.com      |
| 13 | nrupali   | save     | 1981-12-01 | nrupali.save@gmail.com   |
| 14 | supriya   | karnik   | 1983-12-15 | supriya.karnik@gmail.com |
| 15 | bandish   | karnik   | 1987-12-30 | bandish.karnik@gmail.com |
| 16 | sangita   | karnik   | 1990-12-01 | sangita.karnik@gmail.com |
| 17 | sangita   | menon    | 1989-10-26 | sangita.menon@gmail.com  |
| 18 | rahul     | shah     | 1982-06-12 | rahul.shah@gmail.com     |
| 19 | bhavin    | patel    | 1983-11-13 | bhavin.patel@gmail.com   |
| 20 | kaushal   | patil    | 1982-07-30 | kaushal.patil@gmail.com  |
| 21 | pankaj    | gandhi   | 1982-07-30 | pankaj.gandhi@gmail.com  |
| 22 | rajan     | patel    | 1982-07-30 | rajan.patel@gmail.com    |
| 23 | bhavin    | patel    | 1982-07-30 | bhavin.patel@gmail.com   |
| 24 | mukesh    | bhavsar  | 1982-07-30 | mukesh.bhavsar@gmail.com |
| 25 | dilu      | khande   | 1982-07-30 | dilu.khande@gmail.com    |
| 26 | sonam     | khan     | 1972-05-13 | sonam.khan@gmail.com     |
| 27 | rohit     | patil    | 1976-12-31 | rohit.patil@gmail.com    |
| 28 | raj       | bubber   | 1982-02-28 | raj.bubber@gmail.com     |
+----+-----------+----------+------------+--------------------------+
28 rows in set (0.00 sec)

mysql> select * from student_qualification;
ERROR 1146 (42S02): Table 'dac103.student_qualification' doesn't exist
mysql> select * from student_qualification;
ERROR 1146 (42S02): Table 'dac103.student_qualification' doesn't exist
mysql> show tables;
+------------------------+
| Tables_in_dac103       |
+------------------------+
| a                      |
| agent                  |
| andor                  |
| b                      |
| batch_students         |
| blanktablea            |
| blanktableb            |
| blog                   |
| bonus                  |
| books                  |
| candidate              |
| client                 |
| coalesce               |
| comments               |
| company                |
| course                 |
| course_batches         |
| course_modules         |
| customer               |
| customers              |
| demodept1              |
| demodept2              |
| dept                   |
| dept1                  |
| docs                   |
| doctor                 |
| doctorvisits           |
| dummy                  |
| duplicate              |
| emp                    |
| emp1                   |
| emp2                   |
| emp_attendance         |
| emp_cards              |
| emp_phone              |
| empj                   |
| envelope               |
| faculty                |
| faculty_address        |
| faculty_phone          |
| faculty_qualifications |
| food                   |
| fullname               |
| hobby                  |
| item                   |
| job_list               |
| key_parts              |
| labtestlist            |
| leadtable              |
| licence                |
| location               |
| mass_table             |
| medicinelist           |
| menucard               |
| modules                |
| nearest                |
| new                    |
| newbooks               |
| nullif                 |
| numbers                |
| numberstring           |
| ord                    |
| orderdetails           |
| orders                 |
| overtime               |
| patient                |
| phonecall              |
| pivot_table            |
| plumber                |
| plumber_service_map    |
| points                 |
| price                  |
| product                |
| product_sales          |
| products               |
| quarterly_revenue      |
| r                      |
| r1                     |
| r2                     |
| races                  |
| regexpr                |
| replacedept            |
| revenue                |
| rockets                |
| runners                |
| runningserver          |
| sales                  |
| sales_channel          |
| salespeople            |
| salesperson            |
| salgrade               |
| server                 |
| service                |
| seta                   |
| setb                   |
| shop                   |
| softdrink              |
| sort                   |
| sourcenames            |
| stadium                |
| states                 |
| station                |
| status                 |
| stringnumber           |
| student                |
| student_address        |
| student_cards          |
| student_order          |
| student_phone          |
| student_qualifications |
| tablea                 |
| tableaa                |
| tableb                 |
| tablebb                |
| targetnames            |
| tasks                  |
| temp1                  |
| traintimetable         |
| transactions           |
| vote_response          |
| votes                  |
| warehouse              |
| yearly_revenue         |
| z                      |
+------------------------+
124 rows in set (0.01 sec)

mysql> select * from student_qualifications;
+----+-----------+--------+---------------+-------------------------+-------+------+
| ID | studentID | name   | college       | university              | marks | year |
+----+-----------+--------+---------------+-------------------------+-------+------+
|  1 |         1 | 10     | Alabama       | Stanford University     | 67    | 2012 |
|  2 |         1 | 12     | Alaska        | Harvard University      | 74    | 2014 |
|  3 |         1 | BE     | Arizona       | Harvard University      | 68    | 2018 |
|  4 |         2 | 10     | Alaska        | University of Chicago   | 68    | 2013 |
|  5 |         2 | 12     | New York      | Yale University         | 56    | 2015 |
|  6 |         2 | B.Com  | Arkansas      | Yale University         | 64    | 2019 |
|  7 |         3 | 10     | Arizona       | Yale University         | 75    | 2011 |
|  8 |         3 | 12     | California    | California University   | 86    | 2013 |
|  9 |         3 | BE     | Florida       | University of Florida   | 67    | 2017 |
| 10 |         4 | 10     | Idaho         | Pennsylvania University | 58    | 2010 |
| 11 |         4 | 12     | New Hampshire | Yale University         | 97    | 2012 |
| 12 |         4 | M.Com. | Montana       | Columbia University     | 77    | 2016 |
| 13 |         5 | 10     | Alabama       | Yale University         | 56    | 2008 |
| 14 |         5 | 12     | Michigan      | University of Michigan  | 57    | 2010 |
| 15 |         5 | M.Com. | Oklahoma      | Stanford University     | 86    | 2014 |
| 16 |         6 | 10     | Mississippi   | Harvard University      | 56    | 2009 |
| 17 |         6 | 12     | Alabama       | Harvard University      | 76    | 2011 |
| 18 |         6 | BE     | Indiana       | University of Chicago   | 87    | 2015 |
| 19 |         7 | 10     | Ohio          | University of Ohio      | 87    | 2011 |
| 20 |         7 | 12     | Iowa          | Stanford University     | 78    | 2013 |
| 21 |         7 | BE     | Kentucky      | Harvard University      | 97    | 2017 |
| 22 |         8 | 10     | Maryland      | University Maryland     | 56    | 2010 |
| 23 |         8 | 12     | Alabama       | California University   | 60    | 2012 |
| 24 |         8 | M.Com. | Virginia      | University of Florida   | 87    | 2016 |
| 25 |         9 | 10     | Maine         | Pennsylvania University | 98    | 2012 |
| 26 |         9 | 12     | Vermont       | Yale University         | 67    | 2014 |
| 27 |         9 | BE     | Kansas        | Columbia University     | 87    | 2018 |
| 28 |        10 | 10     | Texas         | Yale University         | 65    | 2012 |
| 29 |        10 | 12     | Oregon        | University of Michigan  | 76    | 2014 |
| 30 |        10 | M.Com. | New Mexico    | California University   | 61    | 2018 |
| 31 |        11 | 10     | Nevada        | University of Florida   | 62    | 2011 |
| 32 |        11 | 12     | Indiana       | Pennsylvania University | 63    | 2013 |
| 33 |        11 | M.Com. | Ohio          | University of Ohio      | 56    | 2017 |
| 34 |        12 | 10     | New Hampshire | Yale University         | 75    | 2010 |
| 35 |        12 | 12     | Montana       | Stanford University     | 45    | 2012 |
| 36 |        12 | B.Com. | West Virginia | Harvard University      | 50    | 2016 |
| 37 |        13 | 10     | Virginia      | Harvard University      | 67    | 2012 |
| 38 |        13 | 12     | Maine         | University of Chicago   | 78    | 2014 |
| 39 |        13 | BE     | Texas         | University of Florida   | 68    | 2018 |
| 40 |        14 | 10     | Oregon        | University of Florida   | 67    | 2013 |
| 41 |        14 | 12     | Florida       | University of Florida   | 87    | 2015 |
| 42 |        14 | BE     | Idaho         | Yale University         | 57    | 2019 |
| 43 |        15 | 10     | New Hampshire | California University   | 96    | 2011 |
| 44 |        15 | 12     | Montana       | University of Florida   | 56    | 2013 |
| 45 |        15 | BE     | Alabama       | Pennsylvania University | 65    | 2017 |
| 46 |        16 | 10     | Michigan      | University of Michigan  | 76    | 2012 |
| 47 |        16 | 12     | Oklahoma      | Columbia University     | 56    | 2014 |
| 48 |        16 | BE     | Mississippi   | University of Michigan  | 76    | 2018 |
| 49 |        17 | 10     | Alabama       | University of Michigan  | 88    | 2013 |
| 50 |        17 | 12     | Indiana       | University of Michigan  | 76    | 2015 |
| 51 |        17 | BE     | Ohio          | University of Ohio      | 68    | 2019 |
| 52 |        18 | 10     | Iowa          | Stanford University     | 86    | 2011 |
| 53 |        18 | 12     | Kentucky      | Harvard University      | 57    | 2013 |
| 54 |        18 | BE     | Maryland      | Harvard University      | 75    | 2017 |
| 55 |        19 | 10     | Alabama       | University of Chicago   | 69    | 2013 |
| 56 |        19 | 12     | Virginia      | California University   | 60    | 2015 |
| 57 |        19 | BE     | Maine         | University of Florida   | 61    | 2019 |
| 58 |        20 | 10     | Vermont       | Pennsylvania University | 72    | 2013 |
| 59 |        20 | 12     | Iowa          | Yale University         | 83    | 2015 |
| 60 |        20 | BE     | Maryland      | Columbia University     | 72    | 2019 |
| 61 |        21 | 10     | Alabama       | Stanford University     | 67    | 2012 |
| 62 |        21 | 12     | Alaska        | Harvard University      | 74    | 2014 |
| 63 |        21 | BE     | Arizona       | Harvard University      | 68    | 2018 |
| 64 |        22 | 10     | Alabama       | Stanford University     | 67    | 2012 |
| 65 |        22 | 12     | Alaska        | Harvard University      | 74    | 2014 |
| 66 |        22 | BE     | Arizona       | Harvard University      | 68    | 2018 |
| 67 |        23 | 10     | Alabama       | Stanford University     | 67    | 2012 |
| 68 |        23 | 12     | Alaska        | Harvard University      | 74    | 2014 |
| 69 |        23 | BE     | Arizona       | Harvard University      | 68    | 2018 |
| 70 |        24 | 10     | Ohio          | University of Ohio      | 87    | 2011 |
| 71 |        24 | 12     | Iowa          | Stanford University     | 78    | 2013 |
| 72 |        24 | BE     | Kentucky      | Harvard University      | 97    | 2017 |
| 73 |        25 | 10     | Ohio          | University of Ohio      | 87    | 2011 |
| 74 |        25 | 12     | Iowa          | Stanford University     | 78    | 2013 |
| 75 |        25 | BE     | Kentucky      | Harvard University      | 97    | 2017 |
| 76 |        26 | 10     | Iowa          | Stanford University     | 56    | 1994 |
| 77 |        26 | DIP    | Kentucky      | Harvard University      | 67    | 1996 |
| 78 |        26 | BE     | Maryland      | Harvard University      | 68    | 2000 |
| 79 |        27 | 10     | Alabama       | University of Chicago   | 50    | 1997 |
| 80 |        27 | 12     | Virginia      | California University   | 55    | 1999 |
| 81 |        27 | DIP    | Maine         | University of Florida   | 60    | 2003 |
| 82 |        27 | BE     | Vermont       | Pennsylvania University | 62    | 2006 |
| 83 |        28 | 10     | Iowa          | Yale University         | 65    | 2004 |
| 84 |        28 | 12     | Maryland      | Columbia University     | 68    | 2006 |
| 85 |        28 | MCA    | Alaska        | Harvard University      | 64    | 2009 |
+----+-----------+--------+---------------+-------------------------+-------+------+
85 rows in set (0.03 sec)

mysql> select * from student_qualifications where name='BE'having  marks>70;
+----+-----------+------+-------------+------------------------+-------+------+
| ID | studentID | name | college     | university             | marks | year |
+----+-----------+------+-------------+------------------------+-------+------+
| 18 |         6 | BE   | Indiana     | University of Chicago  | 87    | 2015 |
| 21 |         7 | BE   | Kentucky    | Harvard University     | 97    | 2017 |
| 27 |         9 | BE   | Kansas      | Columbia University    | 87    | 2018 |
| 48 |        16 | BE   | Mississippi | University of Michigan | 76    | 2018 |
| 54 |        18 | BE   | Maryland    | Harvard University     | 75    | 2017 |
| 60 |        20 | BE   | Maryland    | Columbia University    | 72    | 2019 |
| 72 |        24 | BE   | Kentucky    | Harvard University     | 97    | 2017 |
| 75 |        25 | BE   | Kentucky    | Harvard University     | 97    | 2017 |
+----+-----------+------+-------------+------------------------+-------+------+
8 rows in set (0.00 sec)

mysql> select * from student_qualifications where name='BE'having year='2017';
+----+-----------+------+----------+-------------------------+-------+------+
| ID | studentID | name | college  | university              | marks | year |
+----+-----------+------+----------+-------------------------+-------+------+
|  9 |         3 | BE   | Florida  | University of Florida   | 67    | 2017 |
| 21 |         7 | BE   | Kentucky | Harvard University      | 97    | 2017 |
| 45 |        15 | BE   | Alabama  | Pennsylvania University | 65    | 2017 |
| 54 |        18 | BE   | Maryland | Harvard University      | 75    | 2017 |
| 72 |        24 | BE   | Kentucky | Harvard University      | 97    | 2017 |
| 75 |        25 | BE   | Kentucky | Harvard University      | 97    | 2017 |
+----+-----------+------+----------+-------------------------+-------+------+
6 rows in set (0.00 sec)

mysql> select * from student_qualifications where year='2017'having marks>'80';
+----+-----------+------+----------+--------------------+-------+------+
| ID | studentID | name | college  | university         | marks | year |
+----+-----------+------+----------+--------------------+-------+------+
| 21 |         7 | BE   | Kentucky | Harvard University | 97    | 2017 |
| 72 |        24 | BE   | Kentucky | Harvard University | 97    | 2017 |
| 75 |        25 | BE   | Kentucky | Harvard University | 97    | 2017 |
+----+-----------+------+----------+--------------------+-------+------+
3 rows in set (0.00 sec)

mysql> select * from student_qualifications where name='BE'having university='Harvard';
Empty set (0.00 sec)

mysql> select * from student_qualifications where name='BE'having unversity='harvard university';
ERROR 1054 (42S22): Unknown column 'unversity' in 'having clause'
mysql> select * from student_qualifications where name='BE'having unversity='harvard university';
ERROR 1054 (42S22): Unknown column 'unversity' in 'having clause'
mysql> select * from student_qualifications where name = 'be' and university = 'harvard university';
+----+-----------+------+----------+--------------------+-------+------+
| ID | studentID | name | college  | university         | marks | year |
+----+-----------+------+----------+--------------------+-------+------+
|  3 |         1 | BE   | Arizona  | Harvard University | 68    | 2018 |
| 21 |         7 | BE   | Kentucky | Harvard University | 97    | 2017 |
| 54 |        18 | BE   | Maryland | Harvard University | 75    | 2017 |
| 63 |        21 | BE   | Arizona  | Harvard University | 68    | 2018 |
| 66 |        22 | BE   | Arizona  | Harvard University | 68    | 2018 |
| 69 |        23 | BE   | Arizona  | Harvard University | 68    | 2018 |
| 72 |        24 | BE   | Kentucky | Harvard University | 97    | 2017 |
| 75 |        25 | BE   | Kentucky | Harvard University | 97    | 2017 |
| 78 |        26 | BE   | Maryland | Harvard University | 68    | 2000 |
+----+-----------+------+----------+--------------------+-------+------+
9 rows in set (0.00 sec)

mysql> select * from student_qualifications where year='2017'and marks>'80';
+----+-----------+------+----------+--------------------+-------+------+
| ID | studentID | name | college  | university         | marks | year |
+----+-----------+------+----------+--------------------+-------+------+
| 21 |         7 | BE   | Kentucky | Harvard University | 97    | 2017 |
| 72 |        24 | BE   | Kentucky | Harvard University | 97    | 2017 |
| 75 |        25 | BE   | Kentucky | Harvard University | 97    | 2017 |
+----+-----------+------+----------+--------------------+-------+------+
3 rows in set (0.00 sec)

mysql> select name, university, count(*) as count from student_qualifications group by name, university having name = 'be' and university = 'harvard university';
+------+--------------------+-------+
| name | university         | count |
+------+--------------------+-------+
| BE   | Harvard University |     9 |
+------+--------------------+-------+
1 row in set (0.00 sec)

mysql> select name, university, * from student_qualifications group by name, university having name = 'be' and university = 'harvard university';
ERROR 1064 (42000): You have an error in your SQL syntax; check the manual that corresponds to your MySQL server version for the right syntax to use near '* from student_qualifications group by name, university having name = 'be' and u' at line 1
mysql> select * from student_qualifications where name = 'be' and university = 'harvard university';
+----+-----------+------+----------+--------------------+-------+------+
| ID | studentID | name | college  | university         | marks | year |
+----+-----------+------+----------+--------------------+-------+------+
|  3 |         1 | BE   | Arizona  | Harvard University | 68    | 2018 |
| 21 |         7 | BE   | Kentucky | Harvard University | 97    | 2017 |
| 54 |        18 | BE   | Maryland | Harvard University | 75    | 2017 |
| 63 |        21 | BE   | Arizona  | Harvard University | 68    | 2018 |
| 66 |        22 | BE   | Arizona  | Harvard University | 68    | 2018 |
| 69 |        23 | BE   | Arizona  | Harvard University | 68    | 2018 |
| 72 |        24 | BE   | Kentucky | Harvard University | 97    | 2017 |
| 75 |        25 | BE   | Kentucky | Harvard University | 97    | 2017 |
| 78 |        26 | BE   | Maryland | Harvard University | 68    | 2000 |
+----+-----------+------+----------+--------------------+-------+------+
9 rows in set (0.00 sec)

mysql> select * from course_table;
ERROR 1146 (42S02): Table 'dac103.course_table' doesn't exist
mysql> select * from course;
+----+---------+----------+------------------------------------+
| ID | name    | duration | summery                            |
+----+---------+----------+------------------------------------+
|  1 | PG-DAC  |        6 | This course is designed by CDAC    |
|  2 | DBDA    |        6 | This course is designed by CDAC    |
|  3 | Pre-DAC |        2 | This course is designed by CDAC    |
|  4 | JAVA    |        3 | This course is designed by IET     |
|  5 | .NET    |        3 | This course is designed by Infoway |
|  6 | DMC     |        6 | This course is designed by CDAC    |
|  7 | DSSD    |        6 | This course is designed by CDAC    |
+----+---------+----------+------------------------------------+
7 rows in set (0.00 sec)

mysql> select * from course where duration='6'
    -> ;
+----+--------+----------+---------------------------------+
| ID | name   | duration | summery                         |
+----+--------+----------+---------------------------------+
|  1 | PG-DAC |        6 | This course is designed by CDAC |
|  2 | DBDA   |        6 | This course is designed by CDAC |
|  6 | DMC    |        6 | This course is designed by CDAC |
|  7 | DSSD   |        6 | This course is designed by CDAC |
+----+--------+----------+---------------------------------+
4 rows in set (0.00 sec)

mysql> select * from course where duration='6';
+----+--------+----------+---------------------------------+
| ID | name   | duration | summery                         |
+----+--------+----------+---------------------------------+
|  1 | PG-DAC |        6 | This course is designed by CDAC |
|  2 | DBDA   |        6 | This course is designed by CDAC |
|  6 | DMC    |        6 | This course is designed by CDAC |
|  7 | DSSD   |        6 | This course is designed by CDAC |
+----+--------+----------+---------------------------------+
4 rows in set (0.00 sec)

mysql> select * from student last limit 5;
+----+-----------+----------+------------+------------------------+
| ID | namefirst | namelast | DOB        | emailID                |
+----+-----------+----------+------------+------------------------+
|  1 | saleel    | bagde    | 1984-06-12 | saleel.bagde@gmail.com |
|  2 | omkar     | rokde    | 1969-10-25 | omkar.rakde@gmail.com  |
|  3 | ulka      | joshi    | 1970-10-25 | ulka.joshi@gmail.com   |
|  4 | rahul     | patil    | 1982-10-31 | rahul.patil@gmail.com  |
|  5 | ruhan     | bagde    | 1984-01-12 | ruhan.bagde@gmail.com  |
+----+-----------+----------+------------+------------------------+
5 rows in set (0.00 sec)

mysql> SELECT * FROM student ORDER BY id DESC LIMIT 7;
+----+-----------+----------+------------+--------------------------+
| ID | namefirst | namelast | DOB        | emailID                  |
+----+-----------+----------+------------+--------------------------+
| 28 | raj       | bubber   | 1982-02-28 | raj.bubber@gmail.com     |
| 27 | rohit     | patil    | 1976-12-31 | rohit.patil@gmail.com    |
| 26 | sonam     | khan     | 1972-05-13 | sonam.khan@gmail.com     |
| 25 | dilu      | khande   | 1982-07-30 | dilu.khande@gmail.com    |
| 24 | mukesh    | bhavsar  | 1982-07-30 | mukesh.bhavsar@gmail.com |
| 23 | bhavin    | patel    | 1982-07-30 | bhavin.patel@gmail.com   |
| 22 | rajan     | patel    | 1982-07-30 | rajan.patel@gmail.com    |
+----+-----------+----------+------------+--------------------------+
7 rows in set (0.00 sec)

mysql> SELECT MIN(marks) AS second_lowest_marks
    -> FROM student_qualifications
    -> WHERE name = 'BE' AND marks > (
    ->     SELECT MIN(marks)
    ->     FROM student_qualifications
    ->     WHERE name = 'BE'
    -> );
+---------------------+
| second_lowest_marks |
+---------------------+
| 61                  |
+---------------------+
1 row in set (0.00 sec)

mysql> SELECT MIN(marks) AS second_lowest_marks FROM student_qualifications WHERE name = 'BE' AND marks > ( SELECT MIN(marks) FROM student_qualifications  WHERE name = 'BE');
+---------------------+
| second_lowest_marks |
+---------------------+
| 61                  |
+---------------------+
1 row in set (0.00 sec)

mysql> SELECT max(marks) AS second_highest_marks FROM student_qualifications WHERE name = 'BE' AND marks > ( SELECT Max(marks) FROM student_qualifications  WHERE name = 'BE');
+----------------------+
| second_highest_marks |
+----------------------+
| NULL                 |
+----------------------+
1 row in set (0.00 sec)

mysql> SELECT MAX(marks) AS second_highest_marks FROM student_qualifications WHERE name = 'BE' AND marks < (SELECT MAX(marks)  FROM student_qualifications WHERE name = 'BE');
+----------------------+
| second_highest_marks |
+----------------------+
| 87                   |
+----------------------+
1 row in set (0.00 sec)

mysql> SELECT DISTINCT university
    -> FROM student_qualifications;
+-------------------------+
| university              |
+-------------------------+
| Stanford University     |
| Harvard University      |
| University of Chicago   |
| Yale University         |
| California University   |
| University of Florida   |
| Pennsylvania University |
| Columbia University     |
| University of Michigan  |
| University of Ohio      |
| University Maryland     |
+-------------------------+
11 rows in set (0.00 sec)

mysql> select *from modulewhere module_duration between 1 and 2order by module_duration asc;
ERROR 1064 (42000): You have an error in your SQL syntax; check the manual that corresponds to your MySQL server version for the right syntax to use near 'between 1 and 2order by module_duration asc' at line 1
mysql> select * from modules where duration between 1 and 2 order by duration asc;
+----+----------+----------+
| ID | name     | duration |
+----+----------+----------+
|  1 | Oracle   |        1 |
|  2 | PHP      |        1 |
|  3 | MySQL    |        1 |
|  4 | Node     |        1 |
|  5 | C++      |        1 |
|  6 | C        |        1 |
|  9 | MongoDB  |        1 |
| 11 | Hive     |        1 |
| 12 | Python   |        1 |
| 13 | Aptitude |        1 |
|  7 | JAVA1    |        2 |
|  8 | JAVA2    |        2 |
| 10 | NET      |        2 |
+----+----------+----------+
13 rows in set (0.00 sec)

mysql> select id,namefirst, DOB,(DOB < 1980) as can_vote from student;
+----+-----------+------------+----------+
| id | namefirst | DOB        | can_vote |
+----+-----------+------------+----------+
|  1 | saleel    | 1984-06-12 |        0 |
|  2 | omkar     | 1969-10-25 |        0 |
|  3 | ulka      | 1970-10-25 |        0 |
|  4 | rahul     | 1982-10-31 |        0 |
|  5 | ruhan     | 1984-01-12 |        0 |
|  6 | lala      | 1980-12-01 |        0 |
|  7 | sharmin   | 1986-12-14 |        0 |
|  8 | vrushali  | 1984-12-29 |        0 |
|  9 | vasant    | 1992-10-26 |        0 |
| 10 | nitish    | 1990-10-26 |        0 |
| 11 | neel      | 1975-10-30 |        0 |
| 12 | deep      | 1986-11-30 |        0 |
| 13 | nrupali   | 1981-12-01 |        0 |
| 14 | supriya   | 1983-12-15 |        0 |
| 15 | bandish   | 1987-12-30 |        0 |
| 16 | sangita   | 1990-12-01 |        0 |
| 17 | sangita   | 1989-10-26 |        0 |
| 18 | rahul     | 1982-06-12 |        0 |
| 19 | bhavin    | 1983-11-13 |        0 |
| 20 | kaushal   | 1982-07-30 |        0 |
| 21 | pankaj    | 1982-07-30 |        0 |
| 22 | rajan     | 1982-07-30 |        0 |
| 23 | bhavin    | 1982-07-30 |        0 |
| 24 | mukesh    | 1982-07-30 |        0 |
| 25 | dilu      | 1982-07-30 |        0 |
| 26 | sonam     | 1972-05-13 |        0 |
| 27 | rohit     | 1976-12-31 |        0 |
| 28 | raj       | 1982-02-28 |        0 |
+----+-----------+------------+----------+
28 rows in set, 1 warning (0.00 sec)

mysql> select id,namefirst,dob,case when dob < 1980 then '*the student can vote'else 'the student cannot vote' end as voting_rightsfrom student;
ERROR 1064 (42000): You have an error in your SQL syntax; check the manual that corresponds to your MySQL server version for the right syntax to use near 'student' at line 1
mysql> select id,namefirst,dob,case when dob < 1980 then '*the student can vote'else 'the student cannot vote' end as voting_rights from student;
+----+-----------+------------+-------------------------+
| id | namefirst | dob        | voting_rights           |
+----+-----------+------------+-------------------------+
|  1 | saleel    | 1984-06-12 | the student cannot vote |
|  2 | omkar     | 1969-10-25 | the student cannot vote |
|  3 | ulka      | 1970-10-25 | the student cannot vote |
|  4 | rahul     | 1982-10-31 | the student cannot vote |
|  5 | ruhan     | 1984-01-12 | the student cannot vote |
|  6 | lala      | 1980-12-01 | the student cannot vote |
|  7 | sharmin   | 1986-12-14 | the student cannot vote |
|  8 | vrushali  | 1984-12-29 | the student cannot vote |
|  9 | vasant    | 1992-10-26 | the student cannot vote |
| 10 | nitish    | 1990-10-26 | the student cannot vote |
| 11 | neel      | 1975-10-30 | the student cannot vote |
| 12 | deep      | 1986-11-30 | the student cannot vote |
| 13 | nrupali   | 1981-12-01 | the student cannot vote |
| 14 | supriya   | 1983-12-15 | the student cannot vote |
| 15 | bandish   | 1987-12-30 | the student cannot vote |
| 16 | sangita   | 1990-12-01 | the student cannot vote |
| 17 | sangita   | 1989-10-26 | the student cannot vote |
| 18 | rahul     | 1982-06-12 | the student cannot vote |
| 19 | bhavin    | 1983-11-13 | the student cannot vote |
| 20 | kaushal   | 1982-07-30 | the student cannot vote |
| 21 | pankaj    | 1982-07-30 | the student cannot vote |
| 22 | rajan     | 1982-07-30 | the student cannot vote |
| 23 | bhavin    | 1982-07-30 | the student cannot vote |
| 24 | mukesh    | 1982-07-30 | the student cannot vote |
| 25 | dilu      | 1982-07-30 | the student cannot vote |
| 26 | sonam     | 1972-05-13 | the student cannot vote |
| 27 | rohit     | 1976-12-31 | the student cannot vote |
| 28 | raj       | 1982-02-28 | the student cannot vote |
+----+-----------+------------+-------------------------+
28 rows in set, 1 warning (0.00 sec)
=======================================================================================================================================================================
assignment08
=====================================================================================================================================================================
mysql> select * from students
    -> ;
ERROR 1146 (42S02): Table 'dac103.students' doesn't exist
mysql> select * from student;
+----+-----------+----------+------------+--------------------------+
| ID | namefirst | namelast | DOB        | emailID                  |
+----+-----------+----------+------------+--------------------------+
|  1 | saleel    | bagde    | 1984-06-12 | saleel.bagde@gmail.com   |
|  2 | omkar     | rokde    | 1969-10-25 | omkar.rakde@gmail.com    |
|  3 | ulka      | joshi    | 1970-10-25 | ulka.joshi@gmail.com     |
|  4 | rahul     | patil    | 1982-10-31 | rahul.patil@gmail.com    |
|  5 | ruhan     | bagde    | 1984-01-12 | ruhan.bagde@gmail.com    |
|  6 | lala      | prasad   | 1980-12-01 | lala.prasad@gmail.com    |
|  7 | sharmin   | bagde    | 1986-12-14 | sharmin.bagde@gmail.com  |
|  8 | vrushali  | bagde    | 1984-12-29 | vrushali.bagde@gmail.com |
|  9 | vasant    | khande   | 1992-10-26 | vasant.khande@gmail.com  |
| 10 | nitish    | patil    | 1990-10-26 | nitish.patil@gmail.com   |
| 11 | neel      | save     | 1975-10-30 | neel.save@gmail.com      |
| 12 | deep      | save     | 1986-11-30 | deep.save@gmail.com      |
| 13 | nrupali   | save     | 1981-12-01 | nrupali.save@gmail.com   |
| 14 | supriya   | karnik   | 1983-12-15 | supriya.karnik@gmail.com |
| 15 | bandish   | karnik   | 1987-12-30 | bandish.karnik@gmail.com |
| 16 | sangita   | karnik   | 1990-12-01 | sangita.karnik@gmail.com |
| 17 | sangita   | menon    | 1989-10-26 | sangita.menon@gmail.com  |
| 18 | rahul     | shah     | 1982-06-12 | rahul.shah@gmail.com     |
| 19 | bhavin    | patel    | 1983-11-13 | bhavin.patel@gmail.com   |
| 20 | kaushal   | patil    | 1982-07-30 | kaushal.patil@gmail.com  |
| 21 | pankaj    | gandhi   | 1982-07-30 | pankaj.gandhi@gmail.com  |
| 22 | rajan     | patel    | 1982-07-30 | rajan.patel@gmail.com    |
| 23 | bhavin    | patel    | 1982-07-30 | bhavin.patel@gmail.com   |
| 24 | mukesh    | bhavsar  | 1982-07-30 | mukesh.bhavsar@gmail.com |
| 25 | dilu      | khande   | 1982-07-30 | dilu.khande@gmail.com    |
| 26 | sonam     | khan     | 1972-05-13 | sonam.khan@gmail.com     |
| 27 | rohit     | patil    | 1976-12-31 | rohit.patil@gmail.com    |
| 28 | raj       | bubber   | 1982-02-28 | raj.bubber@gmail.com     |
+----+-----------+----------+------------+--------------------------+
28 rows in set (0.00 sec)

mysql> select count(ID) from student;
+-----------+
| count(ID) |
+-----------+
|        28 |
+-----------+
1 row in set (0.00 sec)

mysql> select count(ID) from student where DOB='1986';
ERROR 1525 (HY000): Incorrect DATE value: '1986'
mysql> select count(ID) from student where year='1986';
ERROR 1054 (42S22): Unknown column 'year' in 'where clause'
mysql> select count(ID) from student where DOB='1986';
ERROR 1525 (HY000): Incorrect DATE value: '1986'
mysql> SELECT COUNT(ID) FROM student WHERE YEAR(DOB) = 1986;
+-----------+
| COUNT(ID) |
+-----------+
|         2 |
+-----------+
1 row in set (0.00 sec)

mysql> select count(ID) from student where namefirst='r';
+-----------+
| count(ID) |
+-----------+
|         0 |
+-----------+
1 row in set (0.00 sec)

mysql> select count(ID) from student where namefirst='b';
+-----------+
| count(ID) |
+-----------+
|         0 |
+-----------+
1 row in set (0.00 sec)

mysql> select count(*) from student where namefirst='b%';
+----------+
| count(*) |
+----------+
|        0 |
+----------+
1 row in set (0.00 sec)

mysql> SELECT COUNT(*) AS total_students FROM student WHERE LEFT(namefirst, 1) = 'B';
+----------------+
| total_students |
+----------------+
|              3 |
+----------------+
1 row in set (0.00 sec)

mysql> SELECT COUNT(*) FROM student WHERE month(DOB) = july;
ERROR 1054 (42S22): Unknown column 'july' in 'where clause'
mysql> SELECT COUNT(*) FROM student WHERE month(DOB) = 'july';
+----------+
| COUNT(*) |
+----------+
|        0 |
+----------+
1 row in set, 1 warning (0.00 sec)

mysql> SELECT COUNT(*) FROM student WHERE MONTH(DOB) = 7;
+----------+
| COUNT(*) |
+----------+
|        6 |
+----------+
1 row in set (0.00 sec)

mysql> SELECT ID, COUNT(number) AS phone_count FROM student_phone GROUP BY ID HAVING COUNT(number) > 2;
Empty set (0.00 sec)

mysql> SELECT studentID
    -> FROM student
    -> WHERE phone_count > 2;
ERROR 1054 (42S22): Unknown column 'studentID' in 'field list'
mysql> SELECT ID FROM student_phone WHERE number > 2;
+----+
| ID |
+----+
|  1 |
|  2 |
|  3 |
|  4 |
|  5 |
|  6 |
|  7 |
|  8 |
|  9 |
| 10 |
| 11 |
| 12 |
| 13 |
| 14 |
| 15 |
| 16 |
| 17 |
| 18 |
| 19 |
| 20 |
| 21 |
| 22 |
| 23 |
| 24 |
| 25 |
| 26 |
| 27 |
| 28 |
| 29 |
| 30 |
| 31 |
| 32 |
| 33 |
| 34 |
| 35 |
| 36 |
| 37 |
| 38 |
| 39 |
| 40 |
| 41 |
+----+
41 rows in set (0.00 sec)

mysql> SELECT ID, COUNT(number) AS phone_count FROM student_phone GROUP BY ID HAVING COUNT(number) > 2;
Empty set (0.00 sec)

mysql> SELECT ID, COUNT(number) AS phone_count FROM student_phone GROUP BY ID HAVING COUNT(number) > 2;
Empty set (0.00 sec)

mysql> SELECT ID, COUNT(number) AS phone_count FROM student_phone GROUP BY ID HAVING COUNT(number) , 2;
ERROR 1064 (42000): You have an error in your SQL syntax; check the manual that corresponds to your MySQL server version for the right syntax to use near ', 2' at line 1
mysql> SELECT ID, COUNT(number) AS phone_count FROM student_phone GROUP BY ID HAVING COUNT(number) < 2;
+----+-------------+
| ID | phone_count |
+----+-------------+
|  1 |           1 |
|  2 |           1 |
|  3 |           1 |
|  4 |           1 |
|  5 |           1 |
|  6 |           1 |
|  7 |           1 |
|  8 |           1 |
|  9 |           1 |
| 10 |           1 |
| 11 |           1 |
| 12 |           1 |
| 13 |           1 |
| 14 |           1 |
| 15 |           1 |
| 16 |           1 |
| 17 |           1 |
| 18 |           1 |
| 19 |           1 |
| 20 |           1 |
| 21 |           1 |
| 22 |           1 |
| 23 |           1 |
| 24 |           1 |
| 25 |           1 |
| 26 |           1 |
| 27 |           1 |
| 28 |           1 |
| 29 |           1 |
| 30 |           1 |
| 31 |           1 |
| 32 |           1 |
| 33 |           1 |
| 34 |           1 |
| 35 |           1 |
| 36 |           1 |
| 37 |           1 |
| 38 |           1 |
| 39 |           1 |
| 40 |           1 |
| 41 |           1 |
+----+-------------+
41 rows in set (0.00 sec)

mysql> SELECT DISTINCT university;
ERROR 1054 (42S22): Unknown column 'university' in 'field list'
mysql> SELECT DISTINCT university from student_qualification;
ERROR 1146 (42S02): Table 'dac103.student_qualification' doesn't exist
mysql> SELECT DISTINCT university from student_qualifications;
+-------------------------+
| university              |
+-------------------------+
| Stanford University     |
| Harvard University      |
| University of Chicago   |
| Yale University         |
| California University   |
| University of Florida   |
| Pennsylvania University |
| Columbia University     |
| University of Michigan  |
| University of Ohio      |
| University Maryland     |
+-------------------------+
11 rows in set (0.00 sec)

mysql> SELECT COUNT(DISTINCT university) AS unique_university_count FROM student_qualifications;
+-------------------------+
| unique_university_count |
+-------------------------+
|                      11 |
+-------------------------+
1 row in set (0.00 sec)

mysql> SELECT COUNT(name, university) AS name,university_count FROM student_qualifications;
ERROR 1064 (42000): You have an error in your SQL syntax; check the manual that corresponds to your MySQL server version for the right syntax to use near ', university) AS name,university_count FROM student_qualifications' at line 1
mysql> SELECT university, COUNT(*) AS student_count FROM student_qualifications WHERE degree = 'BE' GROUP BY university;
ERROR 1054 (42S22): Unknown column 'degree' in 'where clause'
mysql> SELECT university, COUNT(*) AS student_count FROM student_qualifications WHERE name = 'BE' GROUP BY university;
+-------------------------+---------------+
| university              | student_count |
+-------------------------+---------------+
| Harvard University      |             9 |
| University of Florida   |             3 |
| University of Chicago   |             1 |
| Columbia University     |             2 |
| Yale University         |             1 |
| Pennsylvania University |             2 |
| University of Michigan  |             1 |
| University of Ohio      |             1 |
+-------------------------+---------------+
8 rows in set (0.00 sec)

mysql> SELECT name, COUNT(*) AS student_count FROM student_qualifications WHERE name = 'BE';
+------+---------------+
| name | student_count |
+------+---------------+
| BE   |            20 |
+------+---------------+
1 row in set (0.00 sec)

mysql> SELECT name, COUNT(*) AS student_count FROM student_qualifications WHERE name = ' not BE';
+------+---------------+
| name | student_count |
+------+---------------+
| NULL |             0 |
+------+---------------+
1 row in set (0.00 sec)

mysql> select count(*) as students_not_done_be from student_qualifications where name <> 'be' or name is null;
+----------------------+
| students_not_done_be |
+----------------------+
|                   65 |
+----------------------+
1 row in set (0.00 sec)

mysql> SELECT MAX(marks) AS max_marks FROM student_qualifications WHERE name= 'BE';
+-----------+
| max_marks |
+-----------+
| 97        |
+-----------+
1 row in set (0.00 sec)

mysql> SELECT Min(marks) AS min_marks FROM student_qualifications WHERE name= 'BE';
+-----------+
| min_marks |
+-----------+
| 57        |
+-----------+
1 row in set (0.00 sec)

mysql> SELECT COUNT(*) AS batch_count FROM course_batches WHERE starton = '2016-02-01';
+-------------+
| batch_count |
+-------------+
|           3 |
+-------------+
1 row in set (0.00 sec)

mysql> SELECT COUNT(*) AS batch_count FROM course_batches WHERE marks >60;
ERROR 1054 (42S22): Unknown column 'marks' in 'where clause'
mysql> SELECT COUNT(*) AS batch_count FROM course_batches WHERE marks >60%;
ERROR 1064 (42000): You have an error in your SQL syntax; check the manual that corresponds to your MySQL server version for the right syntax to use near '' at line 1
mysql> select count(*) as students_above_60_percent from student_qualifications where degree = 'be' and marks > 60;
ERROR 1054 (42S22): Unknown column 'degree' in 'where clause'
mysql> select count(*) as students_above_60_percent from student_qualifications where name = 'be' and marks > 60;
+---------------------------+
| students_above_60_percent |
+---------------------------+
|                        19 |
+---------------------------+
1 row in set (0.00 sec)

mysql> select count(*) as student from student_qualificationswhere degree = 'be' and marks > 60   and university = 'harvard university';
ERROR 1064 (42000): You have an error in your SQL syntax; check the manual that corresponds to your MySQL server version for the right syntax to use near '= 'be' and marks > 60   and university = 'harvard university'' at line 1
mysql> select count(*) as students_above_60_percent_harvard from student_qualificationswhere degree = 'be' and marks > 60   and university = 'harvard university';
ERROR 1064 (42000): You have an error in your SQL syntax; check the manual that corresponds to your MySQL server version for the right syntax to use near '= 'be' and marks > 60   and university = 'harvard university'' at line 1
mysql> select count(*) as students_above_60_percent_harvard from (select *from student_qualifications where degree = 'be'  and marks > 60) as qualified_students where university = 'harvard university';
ERROR 1054 (42S22): Unknown column 'degree' in 'where clause'
mysql> select count(*) as students_above_60_percent_harvard from (select *from student_qualifications where name = 'be'  and marks > 60) as qualified_students where university = 'harvard university';
+-----------------------------------+
| students_above_60_percent_harvard |
+-----------------------------------+
|                                 9 |
+-----------------------------------+
1 row in set (0.00 sec)

mysql> SELECT COUNT(*) as coursename from course;
+------------+
| coursename |
+------------+
|          7 |
+------------+
1 row in set (0.00 sec)

mysql> select count( university) as distinct_university_count from student_qualifications;
+---------------------------+
| distinct_university_count |
+---------------------------+
|                        85 |
+---------------------------+
1 row in set (0.00 sec)

mysql> SELECT COUNT(DISTINCT university) AS distinct_university_count
    -> FROM student_qualifications;
+---------------------------+
| distinct_university_count |
+---------------------------+
|                        11 |
+---------------------------+
1 row in set (0.00 sec)
=======================================================================================================================================================================
assigment11
=====================================================================================================================================================================


